<?xml version="1.0" encoding="ISO-8859-1" ?>
<link_info>
   <banner>MSP430 Linker PC v18.12.3.LTS</banner>
   <copyright>Copyright (c) 2003-2018 Texas Instruments Incorporated</copyright>
   <link_time>0x5d96685e</link_time>
   <link_errors>0x1</link_errors>
   <output_file>fr2433_console.out</output_file>
   <entry_point>
      <name>_c_int00_noargs</name>
      <address>0xdd00</address>
   </entry_point>
   <input_file_list>
      <input_file id="fl-2">
         <path>.\</path>
         <kind>object</kind>
         <file>command.obj</file>
         <name>command.obj</name>
      </input_file>
      <input_file id="fl-3">
         <path>.\</path>
         <kind>object</kind>
         <file>console.obj</file>
         <name>console.obj</name>
      </input_file>
      <input_file id="fl-4">
         <path>.\</path>
         <kind>object</kind>
         <file>esp8266.obj</file>
         <name>esp8266.obj</name>
      </input_file>
      <input_file id="fl-5">
         <path>.\</path>
         <kind>object</kind>
         <file>init.obj</file>
         <name>init.obj</name>
      </input_file>
      <input_file id="fl-6">
         <path>.\</path>
         <kind>object</kind>
         <file>interrupt.obj</file>
         <name>interrupt.obj</name>
      </input_file>
      <input_file id="fl-7">
         <path>.\</path>
         <kind>object</kind>
         <file>log.obj</file>
         <name>log.obj</name>
      </input_file>
      <input_file id="fl-8">
         <path>.\</path>
         <kind>object</kind>
         <file>main.obj</file>
         <name>main.obj</name>
      </input_file>
      <input_file id="fl-9">
         <path>.\</path>
         <kind>object</kind>
         <file>queue.obj</file>
         <name>queue.obj</name>
      </input_file>
      <input_file id="fl-a">
         <path>.\driverlib\MSP430FR2xx_4xx\</path>
         <kind>object</kind>
         <file>adc.obj</file>
         <name>adc.obj</name>
      </input_file>
      <input_file id="fl-b">
         <path>.\driverlib\MSP430FR2xx_4xx\</path>
         <kind>object</kind>
         <file>crc.obj</file>
         <name>crc.obj</name>
      </input_file>
      <input_file id="fl-c">
         <path>.\driverlib\MSP430FR2xx_4xx\</path>
         <kind>object</kind>
         <file>cs.obj</file>
         <name>cs.obj</name>
      </input_file>
      <input_file id="fl-d">
         <path>.\driverlib\MSP430FR2xx_4xx\</path>
         <kind>object</kind>
         <file>ecomp.obj</file>
         <name>ecomp.obj</name>
      </input_file>
      <input_file id="fl-e">
         <path>.\driverlib\MSP430FR2xx_4xx\</path>
         <kind>object</kind>
         <file>eusci_a_spi.obj</file>
         <name>eusci_a_spi.obj</name>
      </input_file>
      <input_file id="fl-f">
         <path>.\driverlib\MSP430FR2xx_4xx\</path>
         <kind>object</kind>
         <file>eusci_a_uart.obj</file>
         <name>eusci_a_uart.obj</name>
      </input_file>
      <input_file id="fl-10">
         <path>.\driverlib\MSP430FR2xx_4xx\</path>
         <kind>object</kind>
         <file>eusci_b_i2c.obj</file>
         <name>eusci_b_i2c.obj</name>
      </input_file>
      <input_file id="fl-11">
         <path>.\driverlib\MSP430FR2xx_4xx\</path>
         <kind>object</kind>
         <file>eusci_b_spi.obj</file>
         <name>eusci_b_spi.obj</name>
      </input_file>
      <input_file id="fl-12">
         <path>.\driverlib\MSP430FR2xx_4xx\</path>
         <kind>object</kind>
         <file>framctl.obj</file>
         <name>framctl.obj</name>
      </input_file>
      <input_file id="fl-13">
         <path>.\driverlib\MSP430FR2xx_4xx\</path>
         <kind>object</kind>
         <file>gpio.obj</file>
         <name>gpio.obj</name>
      </input_file>
      <input_file id="fl-14">
         <path>.\driverlib\MSP430FR2xx_4xx\</path>
         <kind>object</kind>
         <file>icc.obj</file>
         <name>icc.obj</name>
      </input_file>
      <input_file id="fl-15">
         <path>.\driverlib\MSP430FR2xx_4xx\</path>
         <kind>object</kind>
         <file>lcd_e.obj</file>
         <name>lcd_e.obj</name>
      </input_file>
      <input_file id="fl-16">
         <path>.\driverlib\MSP430FR2xx_4xx\</path>
         <kind>object</kind>
         <file>mpy32.obj</file>
         <name>mpy32.obj</name>
      </input_file>
      <input_file id="fl-17">
         <path>.\driverlib\MSP430FR2xx_4xx\</path>
         <kind>object</kind>
         <file>pmm.obj</file>
         <name>pmm.obj</name>
      </input_file>
      <input_file id="fl-18">
         <path>.\driverlib\MSP430FR2xx_4xx\</path>
         <kind>object</kind>
         <file>rtc.obj</file>
         <name>rtc.obj</name>
      </input_file>
      <input_file id="fl-19">
         <path>.\driverlib\MSP430FR2xx_4xx\</path>
         <kind>object</kind>
         <file>sac.obj</file>
         <name>sac.obj</name>
      </input_file>
      <input_file id="fl-1a">
         <path>.\driverlib\MSP430FR2xx_4xx\</path>
         <kind>object</kind>
         <file>sfr.obj</file>
         <name>sfr.obj</name>
      </input_file>
      <input_file id="fl-1b">
         <path>.\driverlib\MSP430FR2xx_4xx\</path>
         <kind>object</kind>
         <file>sysctl.obj</file>
         <name>sysctl.obj</name>
      </input_file>
      <input_file id="fl-1c">
         <path>.\driverlib\MSP430FR2xx_4xx\</path>
         <kind>object</kind>
         <file>tia.obj</file>
         <name>tia.obj</name>
      </input_file>
      <input_file id="fl-1d">
         <path>.\driverlib\MSP430FR2xx_4xx\</path>
         <kind>object</kind>
         <file>timer_a.obj</file>
         <name>timer_a.obj</name>
      </input_file>
      <input_file id="fl-1e">
         <path>.\driverlib\MSP430FR2xx_4xx\</path>
         <kind>object</kind>
         <file>timer_b.obj</file>
         <name>timer_b.obj</name>
      </input_file>
      <input_file id="fl-1f">
         <path>.\driverlib\MSP430FR2xx_4xx\</path>
         <kind>object</kind>
         <file>tlv.obj</file>
         <name>tlv.obj</name>
      </input_file>
      <input_file id="fl-20">
         <path>.\driverlib\MSP430FR2xx_4xx\</path>
         <kind>object</kind>
         <file>wdt_a.obj</file>
         <name>wdt_a.obj</name>
      </input_file>
      <input_file id="fl-26">
         <kind>object</kind>
         <file>&lt;internal&gt;</file>
         <name>&lt;internal&gt;</name>
      </input_file>
      <input_file id="fl-41">
         <path>C:\ti\ccs910\ccs\tools\compiler\ti-cgt-msp430_18.12.3.LTS\lib\</path>
         <kind>archive</kind>
         <file>rts430x_lc_rd_eabi.lib</file>
         <name>div16s.asm.obj</name>
      </input_file>
      <input_file id="fl-42">
         <path>C:\ti\ccs910\ccs\tools\compiler\ti-cgt-msp430_18.12.3.LTS\lib\</path>
         <kind>archive</kind>
         <file>rts430x_lc_rd_eabi.lib</file>
         <name>div16u.asm.obj</name>
      </input_file>
      <input_file id="fl-43">
         <path>C:\ti\ccs910\ccs\tools\compiler\ti-cgt-msp430_18.12.3.LTS\lib\</path>
         <kind>archive</kind>
         <file>rts430x_lc_rd_eabi.lib</file>
         <name>div32s.asm.obj</name>
      </input_file>
      <input_file id="fl-44">
         <path>C:\ti\ccs910\ccs\tools\compiler\ti-cgt-msp430_18.12.3.LTS\lib\</path>
         <kind>archive</kind>
         <file>rts430x_lc_rd_eabi.lib</file>
         <name>div32u.asm.obj</name>
      </input_file>
      <input_file id="fl-45">
         <path>C:\ti\ccs910\ccs\tools\compiler\ti-cgt-msp430_18.12.3.LTS\lib\</path>
         <kind>archive</kind>
         <file>rts430x_lc_rd_eabi.lib</file>
         <name>int41.asm.obj</name>
      </input_file>
      <input_file id="fl-46">
         <path>C:\ti\ccs910\ccs\tools\compiler\ti-cgt-msp430_18.12.3.LTS\lib\</path>
         <kind>archive</kind>
         <file>rts430x_lc_rd_eabi.lib</file>
         <name>int42.asm.obj</name>
      </input_file>
      <input_file id="fl-47">
         <path>C:\ti\ccs910\ccs\tools\compiler\ti-cgt-msp430_18.12.3.LTS\lib\</path>
         <kind>archive</kind>
         <file>rts430x_lc_rd_eabi.lib</file>
         <name>int44.asm.obj</name>
      </input_file>
      <input_file id="fl-48">
         <path>C:\ti\ccs910\ccs\tools\compiler\ti-cgt-msp430_18.12.3.LTS\lib\</path>
         <kind>archive</kind>
         <file>rts430x_lc_rd_eabi.lib</file>
         <name>int47.asm.obj</name>
      </input_file>
      <input_file id="fl-49">
         <path>C:\ti\ccs910\ccs\tools\compiler\ti-cgt-msp430_18.12.3.LTS\lib\</path>
         <kind>archive</kind>
         <file>rts430x_lc_rd_eabi.lib</file>
         <name>int48.asm.obj</name>
      </input_file>
      <input_file id="fl-4a">
         <path>C:\ti\ccs910\ccs\tools\compiler\ti-cgt-msp430_18.12.3.LTS\lib\</path>
         <kind>archive</kind>
         <file>rts430x_lc_rd_eabi.lib</file>
         <name>int49.asm.obj</name>
      </input_file>
      <input_file id="fl-4b">
         <path>C:\ti\ccs910\ccs\tools\compiler\ti-cgt-msp430_18.12.3.LTS\lib\</path>
         <kind>archive</kind>
         <file>rts430x_lc_rd_eabi.lib</file>
         <name>int50.asm.obj</name>
      </input_file>
      <input_file id="fl-4c">
         <path>C:\ti\ccs910\ccs\tools\compiler\ti-cgt-msp430_18.12.3.LTS\lib\</path>
         <kind>archive</kind>
         <file>rts430x_lc_rd_eabi.lib</file>
         <name>int51.asm.obj</name>
      </input_file>
      <input_file id="fl-4d">
         <path>C:\ti\ccs910\ccs\tools\compiler\ti-cgt-msp430_18.12.3.LTS\lib\</path>
         <kind>archive</kind>
         <file>rts430x_lc_rd_eabi.lib</file>
         <name>int52.asm.obj</name>
      </input_file>
      <input_file id="fl-4e">
         <path>C:\ti\ccs910\ccs\tools\compiler\ti-cgt-msp430_18.12.3.LTS\lib\</path>
         <kind>archive</kind>
         <file>rts430x_lc_rd_eabi.lib</file>
         <name>int54.asm.obj</name>
      </input_file>
      <input_file id="fl-4f">
         <path>C:\ti\ccs910\ccs\tools\compiler\ti-cgt-msp430_18.12.3.LTS\lib\</path>
         <kind>archive</kind>
         <file>rts430x_lc_rd_eabi.lib</file>
         <name>int55.asm.obj</name>
      </input_file>
      <input_file id="fl-50">
         <path>C:\ti\ccs910\ccs\tools\compiler\ti-cgt-msp430_18.12.3.LTS\lib\</path>
         <kind>archive</kind>
         <file>rts430x_lc_rd_eabi.lib</file>
         <name>int56.asm.obj</name>
      </input_file>
      <input_file id="fl-51">
         <path>C:\ti\ccs910\ccs\tools\compiler\ti-cgt-msp430_18.12.3.LTS\lib\</path>
         <kind>archive</kind>
         <file>rts430x_lc_rd_eabi.lib</file>
         <name>int57.asm.obj</name>
      </input_file>
      <input_file id="fl-52">
         <path>C:\ti\ccs910\ccs\tools\compiler\ti-cgt-msp430_18.12.3.LTS\lib\</path>
         <kind>archive</kind>
         <file>rts430x_lc_rd_eabi.lib</file>
         <name>int58.asm.obj</name>
      </input_file>
      <input_file id="fl-53">
         <path>C:\ti\ccs910\ccs\tools\compiler\ti-cgt-msp430_18.12.3.LTS\lib\</path>
         <kind>archive</kind>
         <file>rts430x_lc_rd_eabi.lib</file>
         <name>isr_trap.asm.obj</name>
      </input_file>
      <input_file id="fl-54">
         <path>C:\ti\ccs910\ccs\tools\compiler\ti-cgt-msp430_18.12.3.LTS\lib\</path>
         <kind>archive</kind>
         <file>rts430x_lc_rd_eabi.lib</file>
         <name>lsl16.asm.obj</name>
      </input_file>
      <input_file id="fl-55">
         <path>C:\ti\ccs910\ccs\tools\compiler\ti-cgt-msp430_18.12.3.LTS\lib\</path>
         <kind>archive</kind>
         <file>rts430x_lc_rd_eabi.lib</file>
         <name>mult16_f5hw.asm.obj</name>
      </input_file>
      <input_file id="fl-56">
         <path>C:\ti\ccs910\ccs\tools\compiler\ti-cgt-msp430_18.12.3.LTS\lib\</path>
         <kind>archive</kind>
         <file>rts430x_lc_rd_eabi.lib</file>
         <name>mult1632_f5hw.asm.obj</name>
      </input_file>
      <input_file id="fl-57">
         <path>C:\ti\ccs910\ccs\tools\compiler\ti-cgt-msp430_18.12.3.LTS\lib\</path>
         <kind>archive</kind>
         <file>rts430x_lc_rd_eabi.lib</file>
         <name>mult32.asm.obj</name>
      </input_file>
      <input_file id="fl-58">
         <path>C:\ti\ccs910\ccs\tools\compiler\ti-cgt-msp430_18.12.3.LTS\lib\</path>
         <kind>archive</kind>
         <file>rts430x_lc_rd_eabi.lib</file>
         <name>mult32_f5hw.asm.obj</name>
      </input_file>
      <input_file id="fl-59">
         <path>C:\ti\ccs910\ccs\tools\compiler\ti-cgt-msp430_18.12.3.LTS\lib\</path>
         <kind>archive</kind>
         <file>rts430x_lc_rd_eabi.lib</file>
         <name>mult3264_f5hw.asm.obj</name>
      </input_file>
      <input_file id="fl-5a">
         <path>C:\ti\ccs910\ccs\tools\compiler\ti-cgt-msp430_18.12.3.LTS\lib\</path>
         <kind>archive</kind>
         <file>rts430x_lc_rd_eabi.lib</file>
         <name>mult64_f5hw.asm.obj</name>
      </input_file>
      <input_file id="fl-5b">
         <path>C:\ti\ccs910\ccs\tools\compiler\ti-cgt-msp430_18.12.3.LTS\lib\</path>
         <kind>archive</kind>
         <file>rts430x_lc_rd_eabi.lib</file>
         <name>boot.c.obj</name>
      </input_file>
      <input_file id="fl-5c">
         <path>C:\ti\ccs910\ccs\tools\compiler\ti-cgt-msp430_18.12.3.LTS\lib\</path>
         <kind>archive</kind>
         <file>rts430x_lc_rd_eabi.lib</file>
         <name>autoinit.c.obj</name>
      </input_file>
      <input_file id="fl-5d">
         <path>C:\ti\ccs910\ccs\tools\compiler\ti-cgt-msp430_18.12.3.LTS\lib\</path>
         <kind>archive</kind>
         <file>rts430x_lc_rd_eabi.lib</file>
         <name>copy_zero_init.c.obj</name>
      </input_file>
      <input_file id="fl-5e">
         <path>C:\ti\ccs910\ccs\tools\compiler\ti-cgt-msp430_18.12.3.LTS\lib\</path>
         <kind>archive</kind>
         <file>rts430x_lc_rd_eabi.lib</file>
         <name>cpy_tbl.c.obj</name>
      </input_file>
      <input_file id="fl-5f">
         <path>C:\ti\ccs910\ccs\tools\compiler\ti-cgt-msp430_18.12.3.LTS\lib\</path>
         <kind>archive</kind>
         <file>rts430x_lc_rd_eabi.lib</file>
         <name>mpu_init.c.obj</name>
      </input_file>
      <input_file id="fl-60">
         <path>C:\ti\ccs910\ccs\tools\compiler\ti-cgt-msp430_18.12.3.LTS\lib\</path>
         <kind>archive</kind>
         <file>rts430x_lc_rd_eabi.lib</file>
         <name>pre_init.c.obj</name>
      </input_file>
      <input_file id="fl-61">
         <path>C:\ti\ccs910\ccs\tools\compiler\ti-cgt-msp430_18.12.3.LTS\lib\</path>
         <kind>archive</kind>
         <file>rts430x_lc_rd_eabi.lib</file>
         <name>startup.c.obj</name>
      </input_file>
      <input_file id="fl-62">
         <path>C:\ti\ccs910\ccs\tools\compiler\ti-cgt-msp430_18.12.3.LTS\lib\</path>
         <kind>archive</kind>
         <file>rts430x_lc_rd_eabi.lib</file>
         <name>copy_decompress_none.c.obj</name>
      </input_file>
      <input_file id="fl-63">
         <path>C:\ti\ccs910\ccs\tools\compiler\ti-cgt-msp430_18.12.3.LTS\lib\</path>
         <kind>archive</kind>
         <file>rts430x_lc_rd_eabi.lib</file>
         <name>copy_decompress_lzss.c.obj</name>
      </input_file>
      <input_file id="fl-64">
         <path>C:\ti\ccs910\ccs\tools\compiler\ti-cgt-msp430_18.12.3.LTS\lib\</path>
         <kind>archive</kind>
         <file>rts430x_lc_rd_eabi.lib</file>
         <name>exit.c.obj</name>
      </input_file>
      <input_file id="fl-65">
         <path>C:\ti\ccs910\ccs\tools\compiler\ti-cgt-msp430_18.12.3.LTS\lib\</path>
         <kind>archive</kind>
         <file>rts430x_lc_rd_eabi.lib</file>
         <name>_lock.c.obj</name>
      </input_file>
      <input_file id="fl-66">
         <path>C:\ti\ccs910\ccs\tools\compiler\ti-cgt-msp430_18.12.3.LTS\lib\</path>
         <kind>archive</kind>
         <file>rts430x_lc_rd_eabi.lib</file>
         <name>args_main.c.obj</name>
      </input_file>
      <input_file id="fl-67">
         <path>C:\ti\ccs910\ccs\tools\compiler\ti-cgt-msp430_18.12.3.LTS\lib\</path>
         <kind>archive</kind>
         <file>rts430x_lc_rd_eabi.lib</file>
         <name>ltoa.c.obj</name>
      </input_file>
      <input_file id="fl-68">
         <path>C:\ti\ccs910\ccs\tools\compiler\ti-cgt-msp430_18.12.3.LTS\lib\</path>
         <kind>archive</kind>
         <file>rts430x_lc_rd_eabi.lib</file>
         <name>memcpy.c.obj</name>
      </input_file>
      <input_file id="fl-69">
         <path>C:\ti\ccs910\ccs\tools\compiler\ti-cgt-msp430_18.12.3.LTS\lib\</path>
         <kind>archive</kind>
         <file>rts430x_lc_rd_eabi.lib</file>
         <name>memmov.c.obj</name>
      </input_file>
      <input_file id="fl-6a">
         <path>C:\ti\ccs910\ccs\tools\compiler\ti-cgt-msp430_18.12.3.LTS\lib\</path>
         <kind>archive</kind>
         <file>rts430x_lc_rd_eabi.lib</file>
         <name>memory.c.obj</name>
      </input_file>
      <input_file id="fl-6b">
         <path>C:\ti\ccs910\ccs\tools\compiler\ti-cgt-msp430_18.12.3.LTS\lib\</path>
         <kind>archive</kind>
         <file>rts430x_lc_rd_eabi.lib</file>
         <name>memset.c.obj</name>
      </input_file>
      <input_file id="fl-6c">
         <path>C:\ti\ccs910\ccs\tools\compiler\ti-cgt-msp430_18.12.3.LTS\lib\</path>
         <kind>archive</kind>
         <file>rts430x_lc_rd_eabi.lib</file>
         <name>strcmp.c.obj</name>
      </input_file>
      <input_file id="fl-6d">
         <path>C:\ti\ccs910\ccs\tools\compiler\ti-cgt-msp430_18.12.3.LTS\lib\</path>
         <kind>archive</kind>
         <file>rts430x_lc_rd_eabi.lib</file>
         <name>abs.c.obj</name>
      </input_file>
      <input_file id="fl-6e">
         <path>C:\ti\ccs910\ccs\tools\compiler\ti-cgt-msp430_18.12.3.LTS\lib\</path>
         <kind>archive</kind>
         <file>rts430x_lc_rd_eabi.lib</file>
         <name>mult16.asm.obj</name>
      </input_file>
      <input_file id="fl-6f">
         <path>C:\ti\ccs910\ccs\tools\compiler\ti-cgt-msp430_18.12.3.LTS\lib\</path>
         <kind>archive</kind>
         <file>rts430x_lc_rd_eabi.lib</file>
         <name>exit_gvars.c.obj</name>
      </input_file>
   </input_file_list>
   <object_component_list>
      <object_component id="oc-709">
         <name>.cinit..data.load</name>
         <load_address>0xc400</load_address>
         <run_address>0xc400</run_address>
         <size>0x52</size>
      </object_component>
      <object_component id="oc-706">
         <name>__TI_handler_table</name>
         <load_address>0xc454</load_address>
         <run_address>0xc454</run_address>
         <size>0xc</size>
      </object_component>
      <object_component id="oc-708">
         <name>.cinit..bss.load</name>
         <load_address>0xc460</load_address>
         <run_address>0xc460</run_address>
         <size>0x6</size>
      </object_component>
      <object_component id="oc-707">
         <name>__TI_cinit_table</name>
         <load_address>0xc466</load_address>
         <run_address>0xc466</run_address>
         <size>0x10</size>
      </object_component>
      <object_component id="oc-69e">
         <name>.binit</name>
         <load_address>0xc476</load_address>
         <run_address>0xc476</run_address>
         <size>0x0</size>
      </object_component>
      <object_component id="oc-38a">
         <name>.const:.string</name>
         <load_address>0xc476</load_address>
         <run_address>0xc476</run_address>
         <size>0x13a</size>
         <input_file_ref idref="fl-3"/>
      </object_component>
      <object_component id="oc-4ab">
         <name>.const:.string</name>
         <load_address>0xc5b0</load_address>
         <run_address>0xc5b0</run_address>
         <size>0xee</size>
         <input_file_ref idref="fl-2"/>
      </object_component>
      <object_component id="oc-3a7">
         <name>.const:GPIO_PORT_TO_BASE</name>
         <load_address>0xc69e</load_address>
         <run_address>0xc69e</run_address>
         <size>0x1c</size>
         <input_file_ref idref="fl-13"/>
      </object_component>
      <object_component id="oc-486">
         <name>.const:$P$T2$3</name>
         <load_address>0xc6ba</load_address>
         <run_address>0xc6ba</run_address>
         <size>0x10</size>
         <input_file_ref idref="fl-5"/>
      </object_component>
      <object_component id="oc-4a7">
         <name>.const:$P$T3$4</name>
         <load_address>0xc6ca</load_address>
         <run_address>0xc6ca</run_address>
         <size>0x10</size>
         <input_file_ref idref="fl-5"/>
      </object_component>
      <object_component id="oc-508">
         <name>.const:$P$T1$2</name>
         <load_address>0xc6da</load_address>
         <run_address>0xc6da</run_address>
         <size>0xe</size>
         <input_file_ref idref="fl-5"/>
      </object_component>
      <object_component id="oc-3fc">
         <name>.const:.string</name>
         <load_address>0xc6e8</load_address>
         <run_address>0xc6e8</run_address>
         <size>0x8</size>
         <input_file_ref idref="fl-8"/>
      </object_component>
      <object_component id="oc-466">
         <name>.const:$P$T0$1</name>
         <load_address>0xc6f0</load_address>
         <run_address>0xc6f0</run_address>
         <size>0x6</size>
         <input_file_ref idref="fl-5"/>
      </object_component>
      <object_component id="oc-44c">
         <name>.const:.string</name>
         <load_address>0xc6f6</load_address>
         <run_address>0xc6f6</run_address>
         <size>0x6</size>
         <input_file_ref idref="fl-7"/>
      </object_component>
      <object_component id="oc-56e">
         <name>.text:privateCSComputeDCOFTrim</name>
         <load_address>0xc6fc</load_address>
         <run_address>0xc6fc</run_address>
         <size>0x17c</size>
         <input_file_ref idref="fl-c"/>
      </object_component>
      <object_component id="oc-469">
         <name>.text:CS_initFLLCalculateTrim</name>
         <load_address>0xc878</load_address>
         <run_address>0xc878</run_address>
         <size>0x10a</size>
         <input_file_ref idref="fl-c"/>
      </object_component>
      <object_component id="oc-620">
         <name>.text:aligned_alloc</name>
         <load_address>0xc982</load_address>
         <run_address>0xc982</run_address>
         <size>0x108</size>
         <input_file_ref idref="fl-6a"/>
      </object_component>
      <object_component id="oc-5a8">
         <name>.text:free</name>
         <load_address>0xca8a</load_address>
         <run_address>0xca8a</run_address>
         <size>0xda</size>
         <input_file_ref idref="fl-6a"/>
      </object_component>
      <object_component id="oc-577">
         <name>.text:CS_initFLL</name>
         <load_address>0xcb64</load_address>
         <run_address>0xcb64</run_address>
         <size>0xca</size>
         <input_file_ref idref="fl-c"/>
      </object_component>
      <object_component id="oc-460">
         <name>.text:CS_initClockSignal</name>
         <load_address>0xcc2e</load_address>
         <run_address>0xcc2e</run_address>
         <size>0xc8</size>
         <input_file_ref idref="fl-c"/>
      </object_component>
      <object_component id="oc-645">
         <name>.text:privateCSComputeCLKFrequency</name>
         <load_address>0xccf6</load_address>
         <run_address>0xccf6</run_address>
         <size>0xb4</size>
         <input_file_ref idref="fl-c"/>
      </object_component>
      <object_component id="oc-489">
         <name>.text:EUSCI_A_UART_init</name>
         <load_address>0xcdaa</load_address>
         <run_address>0xcdaa</run_address>
         <size>0x9a</size>
         <input_file_ref idref="fl-f"/>
      </object_component>
      <object_component id="oc-31a">
         <name>.text:console_getChar</name>
         <load_address>0xce44</load_address>
         <run_address>0xce44</run_address>
         <size>0x98</size>
         <input_file_ref idref="fl-3"/>
      </object_component>
      <object_component id="oc-685">
         <name>.text:privateCSSourceClockFromDCO</name>
         <load_address>0xcedc</load_address>
         <run_address>0xcedc</run_address>
         <size>0x94</size>
         <input_file_ref idref="fl-c"/>
      </object_component>
      <object_component id="oc-336">
         <name>.text:main</name>
         <load_address>0xcf70</load_address>
         <run_address>0xcf70</run_address>
         <size>0x92</size>
         <input_file_ref idref="fl-8"/>
      </object_component>
      <object_component id="oc-5a2">
         <name>.text:ltoa</name>
         <load_address>0xd002</load_address>
         <run_address>0xd002</run_address>
         <size>0x80</size>
         <input_file_ref idref="fl-67"/>
      </object_component>
      <object_component id="oc-50b">
         <name>.text:Timer_A_initUpMode</name>
         <load_address>0xd082</load_address>
         <run_address>0xd082</run_address>
         <size>0x7c</size>
         <input_file_ref idref="fl-1d"/>
      </object_component>
      <object_component id="oc-67a">
         <name>.text:privateDCORange</name>
         <load_address>0xd0fe</load_address>
         <run_address>0xd0fe</run_address>
         <size>0x7c</size>
         <input_file_ref idref="fl-c"/>
      </object_component>
      <object_component id="oc-68">
         <name>.text:decompress:lzss:__TI_decompress_lzss</name>
         <load_address>0xd17a</load_address>
         <run_address>0xd17a</run_address>
         <size>0x76</size>
         <input_file_ref idref="fl-63"/>
      </object_component>
      <object_component id="oc-3c6">
         <name>.text:GPIO_setAsPeripheralModuleFunctionInputPin</name>
         <load_address>0xd1f0</load_address>
         <run_address>0xd1f0</run_address>
         <size>0x72</size>
         <input_file_ref idref="fl-13"/>
      </object_component>
      <object_component id="oc-3c0">
         <name>.text:GPIO_setAsPeripheralModuleFunctionOutputPin</name>
         <load_address>0xd262</load_address>
         <run_address>0xd262</run_address>
         <size>0x72</size>
         <input_file_ref idref="fl-13"/>
      </object_component>
      <object_component id="oc-66a">
         <name>.text:split</name>
         <load_address>0xd2d4</load_address>
         <run_address>0xd2d4</run_address>
         <size>0x70</size>
         <input_file_ref idref="fl-6a"/>
      </object_component>
      <object_component id="oc-3d8">
         <name>.text:init_eUSCIA0</name>
         <load_address>0xd344</load_address>
         <run_address>0xd344</run_address>
         <size>0x6c</size>
         <input_file_ref idref="fl-5"/>
      </object_component>
      <object_component id="oc-3de">
         <name>.text:init_eUSCIA1</name>
         <load_address>0xd3b0</load_address>
         <run_address>0xd3b0</run_address>
         <size>0x6c</size>
         <input_file_ref idref="fl-5"/>
      </object_component>
      <object_component id="oc-4c4">
         <name>.text:clockCommand</name>
         <load_address>0xd41c</load_address>
         <run_address>0xd41c</run_address>
         <size>0x6a</size>
         <input_file_ref idref="fl-2"/>
      </object_component>
      <object_component id="oc-283">
         <name>.text:_isr:ADC_ISR</name>
         <load_address>0xd486</load_address>
         <run_address>0xd486</run_address>
         <size>0x68</size>
         <input_file_ref idref="fl-6"/>
      </object_component>
      <object_component id="oc-5cf">
         <name>.text:esp8266_sendATCommandWithCRLF</name>
         <load_address>0xd4ee</load_address>
         <run_address>0xd4ee</run_address>
         <size>0x68</size>
         <input_file_ref idref="fl-4"/>
      </object_component>
      <object_component id="oc-4b2">
         <name>.text:registerCommand</name>
         <load_address>0xd556</load_address>
         <run_address>0xd556</run_address>
         <size>0x5e</size>
         <input_file_ref idref="fl-2"/>
      </object_component>
      <object_component id="oc-37a">
         <name>.text</name>
         <load_address>0xd5b4</load_address>
         <run_address>0xd5b4</run_address>
         <size>0x58</size>
         <input_file_ref idref="fl-44"/>
      </object_component>
      <object_component id="oc-3ea">
         <name>.text:initADC</name>
         <load_address>0xd60c</load_address>
         <run_address>0xd60c</run_address>
         <size>0x56</size>
         <input_file_ref idref="fl-5"/>
      </object_component>
      <object_component id="oc-428">
         <name>.text:__TI_auto_init_nobinit_nopinit_hold_wdt:__TI_auto_init_nobinit_nopinit_hold_wdt</name>
         <load_address>0xd662</load_address>
         <run_address>0xd662</run_address>
         <size>0x54</size>
         <input_file_ref idref="fl-5c"/>
      </object_component>
      <object_component id="oc-4be">
         <name>.text:tempCommand</name>
         <load_address>0xd6b6</load_address>
         <run_address>0xd6b6</run_address>
         <size>0x54</size>
         <input_file_ref idref="fl-2"/>
      </object_component>
      <object_component id="oc-3fd">
         <name>.text:console_start</name>
         <load_address>0xd70a</load_address>
         <run_address>0xd70a</run_address>
         <size>0x52</size>
         <input_file_ref idref="fl-3"/>
      </object_component>
      <object_component id="oc-3b4">
         <name>.text:initCs</name>
         <load_address>0xd75c</load_address>
         <run_address>0xd75c</run_address>
         <size>0x4e</size>
         <input_file_ref idref="fl-5"/>
      </object_component>
      <object_component id="oc-4d7">
         <name>.text:ADC_init</name>
         <load_address>0xd7aa</load_address>
         <run_address>0xd7aa</run_address>
         <size>0x4a</size>
         <input_file_ref idref="fl-a"/>
      </object_component>
      <object_component id="oc-3e4">
         <name>.text:initCommands</name>
         <load_address>0xd7f4</load_address>
         <run_address>0xd7f4</run_address>
         <size>0x4a</size>
         <input_file_ref idref="fl-2"/>
      </object_component>
      <object_component id="oc-3f0">
         <name>.text:init_TimerA</name>
         <load_address>0xd83e</load_address>
         <run_address>0xd83e</run_address>
         <size>0x48</size>
         <input_file_ref idref="fl-5"/>
      </object_component>
      <object_component id="oc-28f">
         <name>.text:_isr:EUSCI_A0_ISR</name>
         <load_address>0xd886</load_address>
         <run_address>0xd886</run_address>
         <size>0x42</size>
         <input_file_ref idref="fl-6"/>
      </object_component>
      <object_component id="oc-2fa">
         <name>.text</name>
         <load_address>0xd8c8</load_address>
         <run_address>0xd8c8</run_address>
         <size>0x40</size>
         <input_file_ref idref="fl-43"/>
      </object_component>
      <object_component id="oc-4ca">
         <name>.text:timerCommand</name>
         <load_address>0xd908</load_address>
         <run_address>0xd908</run_address>
         <size>0x3c</size>
         <input_file_ref idref="fl-2"/>
      </object_component>
      <object_component id="oc-475">
         <name>.text:CS_initFLLSettle</name>
         <load_address>0xd944</load_address>
         <run_address>0xd944</run_address>
         <size>0x36</size>
         <input_file_ref idref="fl-c"/>
      </object_component>
      <object_component id="oc-289">
         <name>.text:_isr:EUSCI_A1_ISR</name>
         <load_address>0xd97a</load_address>
         <run_address>0xd97a</run_address>
         <size>0x36</size>
         <input_file_ref idref="fl-6"/>
      </object_component>
      <object_component id="oc-453">
         <name>.text:runCommand</name>
         <load_address>0xd9b0</load_address>
         <run_address>0xd9b0</run_address>
         <size>0x36</size>
         <input_file_ref idref="fl-2"/>
      </object_component>
      <object_component id="oc-4e9">
         <name>.text:ADC_configureMemory</name>
         <load_address>0xd9e6</load_address>
         <run_address>0xd9e6</run_address>
         <size>0x34</size>
         <input_file_ref idref="fl-a"/>
      </object_component>
      <object_component id="oc-3cc">
         <name>.text:GPIO_setAsOutputPin</name>
         <load_address>0xda1a</load_address>
         <run_address>0xda1a</run_address>
         <size>0x34</size>
         <input_file_ref idref="fl-13"/>
      </object_component>
      <object_component id="oc-4b8">
         <name>.text:ledCommand</name>
         <load_address>0xda4e</load_address>
         <run_address>0xda4e</run_address>
         <size>0x30</size>
         <input_file_ref idref="fl-2"/>
      </object_component>
      <object_component id="oc-63e">
         <name>.text:free_list_insert</name>
         <load_address>0xda7e</load_address>
         <run_address>0xda7e</run_address>
         <size>0x2c</size>
         <input_file_ref idref="fl-6a"/>
      </object_component>
      <object_component id="oc-4ac">
         <name>.text:printCommands</name>
         <load_address>0xdaaa</load_address>
         <run_address>0xdaaa</run_address>
         <size>0x2c</size>
         <input_file_ref idref="fl-2"/>
      </object_component>
      <object_component id="oc-680">
         <name>.text</name>
         <load_address>0xdad6</load_address>
         <run_address>0xdad6</run_address>
         <size>0x2c</size>
         <input_file_ref idref="fl-41"/>
      </object_component>
      <object_component id="oc-5b5">
         <name>.text:CS_getACLK</name>
         <load_address>0xdb02</load_address>
         <run_address>0xdb02</run_address>
         <size>0x2a</size>
         <input_file_ref idref="fl-c"/>
      </object_component>
      <object_component id="oc-638">
         <name>.text:free_list_remove</name>
         <load_address>0xdb2c</load_address>
         <run_address>0xdb2c</run_address>
         <size>0x2a</size>
         <input_file_ref idref="fl-6a"/>
      </object_component>
      <object_component id="oc-394">
         <name>.text:console_print</name>
         <load_address>0xdb56</load_address>
         <run_address>0xdb56</run_address>
         <size>0x28</size>
         <input_file_ref idref="fl-3"/>
      </object_component>
      <object_component id="oc-38b">
         <name>.text:LOG</name>
         <load_address>0xdb7e</load_address>
         <run_address>0xdb7e</run_address>
         <size>0x26</size>
         <input_file_ref idref="fl-7"/>
      </object_component>
      <object_component id="oc-29b">
         <name>.text:decompress:ZI:__TI_zero_init_nomemset:__TI_zero_init_nomemset</name>
         <load_address>0xdba4</load_address>
         <run_address>0xdba4</run_address>
         <size>0x24</size>
         <input_file_ref idref="fl-5d"/>
      </object_component>
      <object_component id="oc-2f5">
         <name>.text</name>
         <load_address>0xdbc8</load_address>
         <run_address>0xdbc8</run_address>
         <size>0x24</size>
         <input_file_ref idref="fl-58"/>
      </object_component>
      <object_component id="oc-596">
         <name>.text:ADC_startConversion</name>
         <load_address>0xdbec</load_address>
         <run_address>0xdbec</run_address>
         <size>0x22</size>
         <input_file_ref idref="fl-a"/>
      </object_component>
      <object_component id="oc-49b">
         <name>.text:EUSCI_A_UART_enableInterrupt</name>
         <load_address>0xdc0e</load_address>
         <run_address>0xdc0e</run_address>
         <size>0x22</size>
         <input_file_ref idref="fl-f"/>
      </object_component>
      <object_component id="oc-314">
         <name>.text:EUSCI_A_UART_transmitData</name>
         <load_address>0xdc30</load_address>
         <run_address>0xdc30</run_address>
         <size>0x22</size>
         <input_file_ref idref="fl-f"/>
      </object_component>
      <object_component id="oc-301">
         <name>.text:EUSCI_A_UART_receiveData</name>
         <load_address>0xdc52</load_address>
         <run_address>0xdc52</run_address>
         <size>0x20</size>
         <input_file_ref idref="fl-f"/>
      </object_component>
      <object_component id="oc-46f">
         <name>.text:CS_clearAllOscFlagsWithTimeout</name>
         <load_address>0xdc72</load_address>
         <run_address>0xdc72</run_address>
         <size>0x1e</size>
         <input_file_ref idref="fl-c"/>
      </object_component>
      <object_component id="oc-58f">
         <name>.text:GPIO_getInputPinValue</name>
         <load_address>0xdc90</load_address>
         <run_address>0xdc90</run_address>
         <size>0x1c</size>
         <input_file_ref idref="fl-13"/>
      </object_component>
      <object_component id="oc-3f6">
         <name>.text:GPIO_setOutputHighOnPin</name>
         <load_address>0xdcac</load_address>
         <run_address>0xdcac</run_address>
         <size>0x1c</size>
         <input_file_ref idref="fl-13"/>
      </object_component>
      <object_component id="oc-3d2">
         <name>.text:GPIO_setOutputLowOnPin</name>
         <load_address>0xdcc8</load_address>
         <run_address>0xdcc8</run_address>
         <size>0x1c</size>
         <input_file_ref idref="fl-13"/>
      </object_component>
      <object_component id="oc-321">
         <name>.text:GPIO_toggleOutputOnPin</name>
         <load_address>0xdce4</load_address>
         <run_address>0xdce4</run_address>
         <size>0x1c</size>
         <input_file_ref idref="fl-13"/>
      </object_component>
      <object_component id="oc-2ad">
         <name>.text:_isr:_c_int00_noargs</name>
         <load_address>0xdd00</load_address>
         <run_address>0xdd00</run_address>
         <size>0x1c</size>
         <input_file_ref idref="fl-5b"/>
      </object_component>
      <object_component id="oc-55f">
         <name>.text:strcmp</name>
         <load_address>0xdd1c</load_address>
         <run_address>0xdd1c</run_address>
         <size>0x1c</size>
         <input_file_ref idref="fl-6c"/>
      </object_component>
      <object_component id="oc-4e3">
         <name>.text:ADC_setupSamplingTimer</name>
         <load_address>0xdd38</load_address>
         <run_address>0xdd38</run_address>
         <size>0x1a</size>
         <input_file_ref idref="fl-a"/>
      </object_component>
      <object_component id="oc-5bb">
         <name>.text:CS_getSMCLK</name>
         <load_address>0xdd52</load_address>
         <run_address>0xdd52</run_address>
         <size>0x1a</size>
         <input_file_ref idref="fl-c"/>
      </object_component>
      <object_component id="oc-5af">
         <name>.text:CS_getMCLK</name>
         <load_address>0xdd6c</load_address>
         <run_address>0xdd6c</run_address>
         <size>0x18</size>
         <input_file_ref idref="fl-c"/>
      </object_component>
      <object_component id="oc-295">
         <name>.text:_isr:TIMER1_A1_ISR</name>
         <load_address>0xdd84</load_address>
         <run_address>0xdd84</run_address>
         <size>0x18</size>
         <input_file_ref idref="fl-6"/>
      </object_component>
      <object_component id="oc-3ae">
         <name>.text:WDT_A_hold</name>
         <load_address>0xdd9c</load_address>
         <run_address>0xdd9c</run_address>
         <size>0x16</size>
         <input_file_ref idref="fl-20"/>
      </object_component>
      <object_component id="oc-632">
         <name>.text:heap_start</name>
         <load_address>0xddb2</load_address>
         <run_address>0xddb2</run_address>
         <size>0x16</size>
         <input_file_ref idref="fl-6a"/>
      </object_component>
      <object_component id="oc-3a0">
         <name>.text:memset</name>
         <load_address>0xddc8</load_address>
         <run_address>0xddc8</run_address>
         <size>0x16</size>
         <input_file_ref idref="fl-6b"/>
      </object_component>
      <object_component id="oc-696">
         <name>.text</name>
         <load_address>0xddde</load_address>
         <run_address>0xddde</run_address>
         <size>0x16</size>
         <input_file_ref idref="fl-42"/>
      </object_component>
      <object_component id="oc-271">
         <name>.text:memcpy</name>
         <load_address>0xddf4</load_address>
         <run_address>0xddf4</run_address>
         <size>0x14</size>
         <input_file_ref idref="fl-68"/>
      </object_component>
      <object_component id="oc-6e">
         <name>.text:decompress:none:__TI_decompress_none</name>
         <load_address>0xde08</load_address>
         <run_address>0xde08</run_address>
         <size>0x12</size>
         <input_file_ref idref="fl-62"/>
      </object_component>
      <object_component id="oc-4fb">
         <name>.text:PMM_enableInternalReference</name>
         <load_address>0xde1a</load_address>
         <run_address>0xde1a</run_address>
         <size>0x10</size>
         <input_file_ref idref="fl-17"/>
      </object_component>
      <object_component id="oc-4f5">
         <name>.text:PMM_enableTempSensor</name>
         <load_address>0xde2a</load_address>
         <run_address>0xde2a</run_address>
         <size>0x10</size>
         <input_file_ref idref="fl-17"/>
      </object_component>
      <object_component id="oc-39a">
         <name>.text:console_processCommand</name>
         <load_address>0xde3a</load_address>
         <run_address>0xde3a</run_address>
         <size>0xe</size>
         <input_file_ref idref="fl-3"/>
      </object_component>
      <object_component id="oc-4ef">
         <name>.text:ADC_enableInterrupt</name>
         <load_address>0xde48</load_address>
         <run_address>0xde48</run_address>
         <size>0xc</size>
         <input_file_ref idref="fl-a"/>
      </object_component>
      <object_component id="oc-495">
         <name>.text:EUSCI_A_UART_clearInterrupt</name>
         <load_address>0xde54</load_address>
         <run_address>0xde54</run_address>
         <size>0xc</size>
         <input_file_ref idref="fl-f"/>
      </object_component>
      <object_component id="oc-5c2">
         <name>.text:Timer_A_startCounter</name>
         <load_address>0xde60</load_address>
         <run_address>0xde60</run_address>
         <size>0xc</size>
         <input_file_ref idref="fl-1d"/>
      </object_component>
      <object_component id="oc-30e">
         <name>.text:EUSCI_A_UART_queryStatusFlags</name>
         <load_address>0xde6c</load_address>
         <run_address>0xde6c</run_address>
         <size>0xa</size>
         <input_file_ref idref="fl-f"/>
      </object_component>
      <object_component id="oc-62a">
         <name>.text:abs</name>
         <load_address>0xde76</load_address>
         <run_address>0xde76</run_address>
         <size>0xa</size>
         <input_file_ref idref="fl-6d"/>
      </object_component>
      <object_component id="oc-4d0">
         <name>.text:esp8266ATCommand</name>
         <load_address>0xde80</load_address>
         <run_address>0xde80</run_address>
         <size>0xa</size>
         <input_file_ref idref="fl-2"/>
      </object_component>
      <object_component id="oc-5d9">
         <name>.text</name>
         <load_address>0xde8a</load_address>
         <run_address>0xde8a</run_address>
         <size>0xa</size>
         <input_file_ref idref="fl-54"/>
      </object_component>
      <object_component id="oc-4dd">
         <name>.text:ADC_enable</name>
         <load_address>0xde94</load_address>
         <run_address>0xde94</run_address>
         <size>0x8</size>
         <input_file_ref idref="fl-a"/>
      </object_component>
      <object_component id="oc-2ec">
         <name>.text:ADC_getResults</name>
         <load_address>0xde9c</load_address>
         <run_address>0xde9c</run_address>
         <size>0x8</size>
         <input_file_ref idref="fl-a"/>
      </object_component>
      <object_component id="oc-59c">
         <name>.text:ADC_isBusy</name>
         <load_address>0xdea4</load_address>
         <run_address>0xdea4</run_address>
         <size>0x8</size>
         <input_file_ref idref="fl-a"/>
      </object_component>
      <object_component id="oc-3ba">
         <name>.text:PMM_unlockLPM5</name>
         <load_address>0xdeac</load_address>
         <run_address>0xdeac</run_address>
         <size>0x8</size>
         <input_file_ref idref="fl-17"/>
      </object_component>
      <object_component id="oc-5c8">
         <name>.text:Timer_A_stop</name>
         <load_address>0xdeb4</load_address>
         <run_address>0xdeb4</run_address>
         <size>0x8</size>
         <input_file_ref idref="fl-1d"/>
      </object_component>
      <object_component id="oc-27e">
         <name>.text:_isr:__TI_ISR_TRAP</name>
         <load_address>0xdebc</load_address>
         <run_address>0xdebc</run_address>
         <size>0x8</size>
         <input_file_ref idref="fl-53"/>
      </object_component>
      <object_component id="oc-588">
         <name>.text:malloc</name>
         <load_address>0xdec4</load_address>
         <run_address>0xdec4</run_address>
         <size>0x8</size>
         <input_file_ref idref="fl-6a"/>
      </object_component>
      <object_component id="oc-48f">
         <name>.text:EUSCI_A_UART_enable</name>
         <load_address>0xdecc</load_address>
         <run_address>0xdecc</run_address>
         <size>0x6</size>
         <input_file_ref idref="fl-f"/>
      </object_component>
      <object_component id="oc-502">
         <name>.text:Timer_A_clearTimerInterrupt</name>
         <load_address>0xded2</load_address>
         <run_address>0xded2</run_address>
         <size>0x6</size>
         <input_file_ref idref="fl-1d"/>
      </object_component>
      <object_component id="oc-404">
         <name>.text:abort</name>
         <load_address>0xded8</load_address>
         <run_address>0xded8</run_address>
         <size>0x6</size>
         <input_file_ref idref="fl-64"/>
      </object_component>
      <object_component id="oc-330">
         <name>.text:_system_pre_init</name>
         <load_address>0xdede</load_address>
         <run_address>0xdede</run_address>
         <size>0x4</size>
         <input_file_ref idref="fl-60"/>
      </object_component>
      <object_component id="oc-5e9">
         <name>.text:_nop</name>
         <load_address>0xdee2</load_address>
         <run_address>0xdee2</run_address>
         <size>0x2</size>
         <input_file_ref idref="fl-65"/>
      </object_component>
      <object_component id="oc-52b">
         <name>.text:_system_post_cinit</name>
         <load_address>0xdee4</load_address>
         <run_address>0xdee4</run_address>
         <size>0x2</size>
         <input_file_ref idref="fl-61"/>
      </object_component>
      <object_component id="oc-667">
         <name>.bss</name>
         <uninitialized>true</uninitialized>
         <run_address>0x20ec</run_address>
         <size>0x4</size>
         <input_file_ref idref="fl-6a"/>
      </object_component>
      <object_component id="oc-2f2">
         <name>.common:temp</name>
         <uninitialized>true</uninitialized>
         <run_address>0x20f4</run_address>
         <size>0x4</size>
      </object_component>
      <object_component id="oc-2ff">
         <name>.common:IntDegC</name>
         <uninitialized>true</uninitialized>
         <run_address>0x20f0</run_address>
         <size>0x4</size>
      </object_component>
      <object_component id="oc-55c">
         <name>.data</name>
         <load_address>0x20d0</load_address>
         <run_address>0x20d0</run_address>
         <size>0x9</size>
         <input_file_ref idref="fl-2"/>
      </object_component>
      <object_component id="oc-391">
         <name>.data:buffer</name>
         <load_address>0x20c0</load_address>
         <run_address>0x20c0</run_address>
         <size>0x10</size>
         <input_file_ref idref="fl-3"/>
      </object_component>
      <object_component id="oc-387">
         <name>.data</name>
         <load_address>0x20d9</load_address>
         <run_address>0x20d9</run_address>
         <size>0x1</size>
         <input_file_ref idref="fl-3"/>
      </object_component>
      <object_component id="oc-307">
         <name>.data</name>
         <load_address>0x20e6</load_address>
         <run_address>0x20e6</run_address>
         <size>0x3</size>
         <input_file_ref idref="fl-6"/>
      </object_component>
      <object_component id="oc-30a">
         <name>.data:rspBuffer</name>
         <load_address>0x20a0</load_address>
         <run_address>0x20a0</run_address>
         <size>0x20</size>
         <input_file_ref idref="fl-6"/>
      </object_component>
      <object_component id="oc-677">
         <name>.data</name>
         <load_address>0x20e2</load_address>
         <run_address>0x20e2</run_address>
         <size>0x4</size>
         <input_file_ref idref="fl-c"/>
      </object_component>
      <object_component id="oc-51d">
         <name>.data:_lock</name>
         <load_address>0x20da</load_address>
         <run_address>0x20da</run_address>
         <size>0x4</size>
         <input_file_ref idref="fl-65"/>
      </object_component>
      <object_component id="oc-526">
         <name>.data:_unlock</name>
         <load_address>0x20de</load_address>
         <run_address>0x20de</run_address>
         <size>0x4</size>
         <input_file_ref idref="fl-65"/>
      </object_component>
      <object_component id="oc-664">
         <name>.data</name>
         <load_address>0x20ea</load_address>
         <run_address>0x20ea</run_address>
         <size>0x2</size>
         <input_file_ref idref="fl-6a"/>
      </object_component>
      <object_component id="oc-263">
         <name>.sysmem</name>
         <uninitialized>true</uninitialized>
         <run_address>0x2000</run_address>
         <size>0x8</size>
         <input_file_ref idref="fl-6a"/>
      </object_component>
      <object_component id="oc-70b">
         <name>.sysmem</name>
         <uninitialized>true</uninitialized>
         <run_address>0x2000</run_address>
         <size>0x0</size>
      </object_component>
      <object_component id="oc-25f">
         <name>.stack</name>
         <uninitialized>true</uninitialized>
         <run_address>0x2f60</run_address>
         <size>0x4</size>
         <input_file_ref idref="fl-5b"/>
      </object_component>
      <object_component id="oc-70a">
         <name>.stack</name>
         <uninitialized>true</uninitialized>
         <run_address>0x2f60</run_address>
         <size>0x0</size>
      </object_component>
      <object_component id="oc-74">
         <name>.int41</name>
         <load_address>0xffda</load_address>
         <run_address>0xffda</run_address>
         <size>0x2</size>
         <input_file_ref idref="fl-45"/>
      </object_component>
      <object_component id="oc-75">
         <name>.int42</name>
         <load_address>0xffdc</load_address>
         <run_address>0xffdc</run_address>
         <size>0x2</size>
         <input_file_ref idref="fl-46"/>
      </object_component>
      <object_component id="oc-76">
         <name>.int43</name>
         <load_address>0xffde</load_address>
         <run_address>0xffde</run_address>
         <size>0x2</size>
         <input_file_ref idref="fl-6"/>
      </object_component>
      <object_component id="oc-77">
         <name>.int44</name>
         <load_address>0xffe0</load_address>
         <run_address>0xffe0</run_address>
         <size>0x2</size>
         <input_file_ref idref="fl-47"/>
      </object_component>
      <object_component id="oc-78">
         <name>.int45</name>
         <load_address>0xffe2</load_address>
         <run_address>0xffe2</run_address>
         <size>0x2</size>
         <input_file_ref idref="fl-6"/>
      </object_component>
      <object_component id="oc-79">
         <name>.int46</name>
         <load_address>0xffe4</load_address>
         <run_address>0xffe4</run_address>
         <size>0x2</size>
         <input_file_ref idref="fl-6"/>
      </object_component>
      <object_component id="oc-7a">
         <name>.int47</name>
         <load_address>0xffe6</load_address>
         <run_address>0xffe6</run_address>
         <size>0x2</size>
         <input_file_ref idref="fl-48"/>
      </object_component>
      <object_component id="oc-7b">
         <name>.int48</name>
         <load_address>0xffe8</load_address>
         <run_address>0xffe8</run_address>
         <size>0x2</size>
         <input_file_ref idref="fl-49"/>
      </object_component>
      <object_component id="oc-7c">
         <name>.int49</name>
         <load_address>0xffea</load_address>
         <run_address>0xffea</run_address>
         <size>0x2</size>
         <input_file_ref idref="fl-4a"/>
      </object_component>
      <object_component id="oc-7d">
         <name>.int50</name>
         <load_address>0xffec</load_address>
         <run_address>0xffec</run_address>
         <size>0x2</size>
         <input_file_ref idref="fl-4b"/>
      </object_component>
      <object_component id="oc-7e">
         <name>.int51</name>
         <load_address>0xffee</load_address>
         <run_address>0xffee</run_address>
         <size>0x2</size>
         <input_file_ref idref="fl-4c"/>
      </object_component>
      <object_component id="oc-7f">
         <name>.int52</name>
         <load_address>0xfff0</load_address>
         <run_address>0xfff0</run_address>
         <size>0x2</size>
         <input_file_ref idref="fl-4d"/>
      </object_component>
      <object_component id="oc-80">
         <name>.int53</name>
         <load_address>0xfff2</load_address>
         <run_address>0xfff2</run_address>
         <size>0x2</size>
         <input_file_ref idref="fl-6"/>
      </object_component>
      <object_component id="oc-81">
         <name>.int54</name>
         <load_address>0xfff4</load_address>
         <run_address>0xfff4</run_address>
         <size>0x2</size>
         <input_file_ref idref="fl-4e"/>
      </object_component>
      <object_component id="oc-82">
         <name>.int55</name>
         <load_address>0xfff6</load_address>
         <run_address>0xfff6</run_address>
         <size>0x2</size>
         <input_file_ref idref="fl-4f"/>
      </object_component>
      <object_component id="oc-83">
         <name>.int56</name>
         <load_address>0xfff8</load_address>
         <run_address>0xfff8</run_address>
         <size>0x2</size>
         <input_file_ref idref="fl-50"/>
      </object_component>
      <object_component id="oc-84">
         <name>.int57</name>
         <load_address>0xfffa</load_address>
         <run_address>0xfffa</run_address>
         <size>0x2</size>
         <input_file_ref idref="fl-51"/>
      </object_component>
      <object_component id="oc-85">
         <name>.int58</name>
         <load_address>0xfffc</load_address>
         <run_address>0xfffc</run_address>
         <size>0x2</size>
         <input_file_ref idref="fl-52"/>
      </object_component>
      <object_component id="oc-262">
         <name>.reset</name>
         <load_address>0xfffe</load_address>
         <run_address>0xfffe</run_address>
         <size>0x2</size>
         <input_file_ref idref="fl-5b"/>
      </object_component>
      <object_component id="oc-448">
         <name>.debug_info</name>
         <load_address>0x0</load_address>
         <run_address>0x0</run_address>
         <size>0x4d2</size>
         <input_file_ref idref="fl-2"/>
      </object_component>
      <object_component id="oc-55d">
         <name>.debug_info</name>
         <load_address>0x4d2</load_address>
         <run_address>0x4d2</run_address>
         <size>0x10b</size>
         <input_file_ref idref="fl-2"/>
      </object_component>
      <object_component id="oc-4cb">
         <name>.debug_info</name>
         <load_address>0x5dd</load_address>
         <run_address>0x5dd</run_address>
         <size>0x161</size>
         <input_file_ref idref="fl-2"/>
      </object_component>
      <object_component id="oc-4bf">
         <name>.debug_info</name>
         <load_address>0x73e</load_address>
         <run_address>0x73e</run_address>
         <size>0x1b8</size>
         <input_file_ref idref="fl-2"/>
      </object_component>
      <object_component id="oc-4d1">
         <name>.debug_info</name>
         <load_address>0x8f6</load_address>
         <run_address>0x8f6</run_address>
         <size>0x137</size>
         <input_file_ref idref="fl-2"/>
      </object_component>
      <object_component id="oc-4c5">
         <name>.debug_info</name>
         <load_address>0xa2d</load_address>
         <run_address>0xa2d</run_address>
         <size>0x22a</size>
         <input_file_ref idref="fl-2"/>
      </object_component>
      <object_component id="oc-4b9">
         <name>.debug_info</name>
         <load_address>0xc57</load_address>
         <run_address>0xc57</run_address>
         <size>0x186</size>
         <input_file_ref idref="fl-2"/>
      </object_component>
      <object_component id="oc-4ad">
         <name>.debug_info</name>
         <load_address>0xddd</load_address>
         <run_address>0xddd</run_address>
         <size>0x156</size>
         <input_file_ref idref="fl-2"/>
      </object_component>
      <object_component id="oc-454">
         <name>.debug_info</name>
         <load_address>0xf33</load_address>
         <run_address>0xf33</run_address>
         <size>0x15e</size>
         <input_file_ref idref="fl-2"/>
      </object_component>
      <object_component id="oc-4b3">
         <name>.debug_info</name>
         <load_address>0x1091</load_address>
         <run_address>0x1091</run_address>
         <size>0x163</size>
         <input_file_ref idref="fl-2"/>
      </object_component>
      <object_component id="oc-3e5">
         <name>.debug_info</name>
         <load_address>0x11f4</load_address>
         <run_address>0x11f4</run_address>
         <size>0x18f</size>
         <input_file_ref idref="fl-2"/>
      </object_component>
      <object_component id="oc-553">
         <name>.debug_info</name>
         <load_address>0x1383</load_address>
         <run_address>0x1383</run_address>
         <size>0x110</size>
         <input_file_ref idref="fl-2"/>
      </object_component>
      <object_component id="oc-374">
         <name>.debug_info</name>
         <load_address>0x1493</load_address>
         <run_address>0x1493</run_address>
         <size>0x26b</size>
         <input_file_ref idref="fl-2"/>
      </object_component>
      <object_component id="oc-47c">
         <name>.debug_info</name>
         <load_address>0x16fe</load_address>
         <run_address>0x16fe</run_address>
         <size>0x76</size>
         <input_file_ref idref="fl-2"/>
      </object_component>
      <object_component id="oc-4a2">
         <name>.debug_info</name>
         <load_address>0x1774</load_address>
         <run_address>0x1774</run_address>
         <size>0xee</size>
         <input_file_ref idref="fl-2"/>
      </object_component>
      <object_component id="oc-512">
         <name>.debug_info</name>
         <load_address>0x1862</load_address>
         <run_address>0x1862</run_address>
         <size>0x392</size>
         <input_file_ref idref="fl-2"/>
      </object_component>
      <object_component id="oc-367">
         <name>.debug_info</name>
         <load_address>0x1bf4</load_address>
         <run_address>0x1bf4</run_address>
         <size>0x8b</size>
         <input_file_ref idref="fl-2"/>
      </object_component>
      <object_component id="oc-54e">
         <name>.debug_info</name>
         <load_address>0x1c7f</load_address>
         <run_address>0x1c7f</run_address>
         <size>0x83</size>
         <input_file_ref idref="fl-2"/>
      </object_component>
      <object_component id="oc-443">
         <name>.debug_info</name>
         <load_address>0x1d02</load_address>
         <run_address>0x1d02</run_address>
         <size>0x275</size>
         <input_file_ref idref="fl-2"/>
      </object_component>
      <object_component id="oc-36d">
         <name>.debug_info</name>
         <load_address>0x1f77</load_address>
         <run_address>0x1f77</run_address>
         <size>0xbb</size>
         <input_file_ref idref="fl-2"/>
      </object_component>
      <object_component id="oc-451">
         <name>.debug_info</name>
         <load_address>0x2032</load_address>
         <run_address>0x2032</run_address>
         <size>0x2b6</size>
         <input_file_ref idref="fl-3"/>
      </object_component>
      <object_component id="oc-392">
         <name>.debug_info</name>
         <load_address>0x22e8</load_address>
         <run_address>0x22e8</run_address>
         <size>0xcf</size>
         <input_file_ref idref="fl-3"/>
      </object_component>
      <object_component id="oc-388">
         <name>.debug_info</name>
         <load_address>0x23b7</load_address>
         <run_address>0x23b7</run_address>
         <size>0xcd</size>
         <input_file_ref idref="fl-3"/>
      </object_component>
      <object_component id="oc-396">
         <name>.debug_info</name>
         <load_address>0x2484</load_address>
         <run_address>0x2484</run_address>
         <size>0x173</size>
         <input_file_ref idref="fl-3"/>
      </object_component>
      <object_component id="oc-400">
         <name>.debug_info</name>
         <load_address>0x25f7</load_address>
         <run_address>0x25f7</run_address>
         <size>0x1d5</size>
         <input_file_ref idref="fl-3"/>
      </object_component>
      <object_component id="oc-39d">
         <name>.debug_info</name>
         <load_address>0x27cc</load_address>
         <run_address>0x27cc</run_address>
         <size>0x153</size>
         <input_file_ref idref="fl-3"/>
      </object_component>
      <object_component id="oc-31c">
         <name>.debug_info</name>
         <load_address>0x291f</load_address>
         <run_address>0x291f</run_address>
         <size>0x18f</size>
         <input_file_ref idref="fl-3"/>
      </object_component>
      <object_component id="oc-2e4">
         <name>.debug_info</name>
         <load_address>0x2aae</load_address>
         <run_address>0x2aae</run_address>
         <size>0x2c</size>
         <input_file_ref idref="fl-3"/>
      </object_component>
      <object_component id="oc-651">
         <name>.debug_info</name>
         <load_address>0x2ada</load_address>
         <run_address>0x2ada</run_address>
         <size>0x1ee</size>
         <input_file_ref idref="fl-4"/>
      </object_component>
      <object_component id="oc-5d1">
         <name>.debug_info</name>
         <load_address>0x2cc8</load_address>
         <run_address>0x2cc8</run_address>
         <size>0x217</size>
         <input_file_ref idref="fl-4"/>
      </object_component>
      <object_component id="oc-56d">
         <name>.debug_info</name>
         <load_address>0x2edf</load_address>
         <run_address>0x2edf</run_address>
         <size>0x5bb</size>
         <input_file_ref idref="fl-5"/>
      </object_component>
      <object_component id="oc-467">
         <name>.debug_info</name>
         <load_address>0x349a</load_address>
         <run_address>0x349a</run_address>
         <size>0xcd</size>
         <input_file_ref idref="fl-5"/>
      </object_component>
      <object_component id="oc-509">
         <name>.debug_info</name>
         <load_address>0x3567</load_address>
         <run_address>0x3567</run_address>
         <size>0xcd</size>
         <input_file_ref idref="fl-5"/>
      </object_component>
      <object_component id="oc-487">
         <name>.debug_info</name>
         <load_address>0x3634</load_address>
         <run_address>0x3634</run_address>
         <size>0xcd</size>
         <input_file_ref idref="fl-5"/>
      </object_component>
      <object_component id="oc-4a8">
         <name>.debug_info</name>
         <load_address>0x3701</load_address>
         <run_address>0x3701</run_address>
         <size>0xcd</size>
         <input_file_ref idref="fl-5"/>
      </object_component>
      <object_component id="oc-3e0">
         <name>.debug_info</name>
         <load_address>0x37ce</load_address>
         <run_address>0x37ce</run_address>
         <size>0x19a</size>
         <input_file_ref idref="fl-5"/>
      </object_component>
      <object_component id="oc-3da">
         <name>.debug_info</name>
         <load_address>0x3968</load_address>
         <run_address>0x3968</run_address>
         <size>0x19a</size>
         <input_file_ref idref="fl-5"/>
      </object_component>
      <object_component id="oc-3f1">
         <name>.debug_info</name>
         <load_address>0x3b02</load_address>
         <run_address>0x3b02</run_address>
         <size>0x15c</size>
         <input_file_ref idref="fl-5"/>
      </object_component>
      <object_component id="oc-3b5">
         <name>.debug_info</name>
         <load_address>0x3c5e</load_address>
         <run_address>0x3c5e</run_address>
         <size>0x1a3</size>
         <input_file_ref idref="fl-5"/>
      </object_component>
      <object_component id="oc-3eb">
         <name>.debug_info</name>
         <load_address>0x3e01</load_address>
         <run_address>0x3e01</run_address>
         <size>0x1a6</size>
         <input_file_ref idref="fl-5"/>
      </object_component>
      <object_component id="oc-2f3">
         <name>.debug_info</name>
         <load_address>0x3fa7</load_address>
         <run_address>0x3fa7</run_address>
         <size>0x391</size>
         <input_file_ref idref="fl-6"/>
      </object_component>
      <object_component id="oc-308">
         <name>.debug_info</name>
         <load_address>0x4338</load_address>
         <run_address>0x4338</run_address>
         <size>0x111</size>
         <input_file_ref idref="fl-6"/>
      </object_component>
      <object_component id="oc-30b">
         <name>.debug_info</name>
         <load_address>0x4449</load_address>
         <run_address>0x4449</run_address>
         <size>0xd7</size>
         <input_file_ref idref="fl-6"/>
      </object_component>
      <object_component id="oc-298">
         <name>.debug_info</name>
         <load_address>0x4520</load_address>
         <run_address>0x4520</run_address>
         <size>0x131</size>
         <input_file_ref idref="fl-6"/>
      </object_component>
      <object_component id="oc-28c">
         <name>.debug_info</name>
         <load_address>0x4651</load_address>
         <run_address>0x4651</run_address>
         <size>0x131</size>
         <input_file_ref idref="fl-6"/>
      </object_component>
      <object_component id="oc-292">
         <name>.debug_info</name>
         <load_address>0x4782</load_address>
         <run_address>0x4782</run_address>
         <size>0x18b</size>
         <input_file_ref idref="fl-6"/>
      </object_component>
      <object_component id="oc-286">
         <name>.debug_info</name>
         <load_address>0x490d</load_address>
         <run_address>0x490d</run_address>
         <size>0x149</size>
         <input_file_ref idref="fl-6"/>
      </object_component>
      <object_component id="oc-44e">
         <name>.debug_info</name>
         <load_address>0x4a56</load_address>
         <run_address>0x4a56</run_address>
         <size>0x176</size>
         <input_file_ref idref="fl-7"/>
      </object_component>
      <object_component id="oc-38c">
         <name>.debug_info</name>
         <load_address>0x4bcc</load_address>
         <run_address>0x4bcc</run_address>
         <size>0x185</size>
         <input_file_ref idref="fl-7"/>
      </object_component>
      <object_component id="oc-339">
         <name>.debug_info</name>
         <load_address>0x4d51</load_address>
         <run_address>0x4d51</run_address>
         <size>0x305</size>
         <input_file_ref idref="fl-8"/>
      </object_component>
      <object_component id="oc-26c">
         <name>.debug_info</name>
         <load_address>0x5056</load_address>
         <run_address>0x5056</run_address>
         <size>0x84</size>
         <input_file_ref idref="fl-9"/>
      </object_component>
      <object_component id="oc-597">
         <name>.debug_info</name>
         <load_address>0x50da</load_address>
         <run_address>0x50da</run_address>
         <size>0x21b</size>
         <input_file_ref idref="fl-a"/>
      </object_component>
      <object_component id="oc-4e4">
         <name>.debug_info</name>
         <load_address>0x52f5</load_address>
         <run_address>0x52f5</run_address>
         <size>0x238</size>
         <input_file_ref idref="fl-a"/>
      </object_component>
      <object_component id="oc-59d">
         <name>.debug_info</name>
         <load_address>0x552d</load_address>
         <run_address>0x552d</run_address>
         <size>0x16c</size>
         <input_file_ref idref="fl-a"/>
      </object_component>
      <object_component id="oc-4d8">
         <name>.debug_info</name>
         <load_address>0x5699</load_address>
         <run_address>0x5699</run_address>
         <size>0x2b5</size>
         <input_file_ref idref="fl-a"/>
      </object_component>
      <object_component id="oc-2ed">
         <name>.debug_info</name>
         <load_address>0x594e</load_address>
         <run_address>0x594e</run_address>
         <size>0x174</size>
         <input_file_ref idref="fl-a"/>
      </object_component>
      <object_component id="oc-4f0">
         <name>.debug_info</name>
         <load_address>0x5ac2</load_address>
         <run_address>0x5ac2</run_address>
         <size>0x1c0</size>
         <input_file_ref idref="fl-a"/>
      </object_component>
      <object_component id="oc-4de">
         <name>.debug_info</name>
         <load_address>0x5c82</load_address>
         <run_address>0x5c82</run_address>
         <size>0x187</size>
         <input_file_ref idref="fl-a"/>
      </object_component>
      <object_component id="oc-4ea">
         <name>.debug_info</name>
         <load_address>0x5e09</load_address>
         <run_address>0x5e09</run_address>
         <size>0x317</size>
         <input_file_ref idref="fl-a"/>
      </object_component>
      <object_component id="oc-575">
         <name>.debug_info</name>
         <load_address>0x6120</load_address>
         <run_address>0x6120</run_address>
         <size>0x1cd</size>
         <input_file_ref idref="fl-c"/>
      </object_component>
      <object_component id="oc-678">
         <name>.debug_info</name>
         <load_address>0x62ed</load_address>
         <run_address>0x62ed</run_address>
         <size>0x107</size>
         <input_file_ref idref="fl-c"/>
      </object_component>
      <object_component id="oc-578">
         <name>.debug_info</name>
         <load_address>0x63f4</load_address>
         <run_address>0x63f4</run_address>
         <size>0x1f1</size>
         <input_file_ref idref="fl-c"/>
      </object_component>
      <object_component id="oc-476">
         <name>.debug_info</name>
         <load_address>0x65e5</load_address>
         <run_address>0x65e5</run_address>
         <size>0x1b3</size>
         <input_file_ref idref="fl-c"/>
      </object_component>
      <object_component id="oc-56f">
         <name>.debug_info</name>
         <load_address>0x6798</load_address>
         <run_address>0x6798</run_address>
         <size>0x2a8</size>
         <input_file_ref idref="fl-c"/>
      </object_component>
      <object_component id="oc-46a">
         <name>.debug_info</name>
         <load_address>0x6a40</load_address>
         <run_address>0x6a40</run_address>
         <size>0x25c</size>
         <input_file_ref idref="fl-c"/>
      </object_component>
      <object_component id="oc-461">
         <name>.debug_info</name>
         <load_address>0x6c9c</load_address>
         <run_address>0x6c9c</run_address>
         <size>0x260</size>
         <input_file_ref idref="fl-c"/>
      </object_component>
      <object_component id="oc-67b">
         <name>.debug_info</name>
         <load_address>0x6efc</load_address>
         <run_address>0x6efc</run_address>
         <size>0x167</size>
         <input_file_ref idref="fl-c"/>
      </object_component>
      <object_component id="oc-686">
         <name>.debug_info</name>
         <load_address>0x7063</load_address>
         <run_address>0x7063</run_address>
         <size>0x254</size>
         <input_file_ref idref="fl-c"/>
      </object_component>
      <object_component id="oc-646">
         <name>.debug_info</name>
         <load_address>0x72b7</load_address>
         <run_address>0x72b7</run_address>
         <size>0x2fa</size>
         <input_file_ref idref="fl-c"/>
      </object_component>
      <object_component id="oc-5bc">
         <name>.debug_info</name>
         <load_address>0x75b1</load_address>
         <run_address>0x75b1</run_address>
         <size>0x19f</size>
         <input_file_ref idref="fl-c"/>
      </object_component>
      <object_component id="oc-5b0">
         <name>.debug_info</name>
         <load_address>0x7750</load_address>
         <run_address>0x7750</run_address>
         <size>0x170</size>
         <input_file_ref idref="fl-c"/>
      </object_component>
      <object_component id="oc-5b6">
         <name>.debug_info</name>
         <load_address>0x78c0</load_address>
         <run_address>0x78c0</run_address>
         <size>0x1b8</size>
         <input_file_ref idref="fl-c"/>
      </object_component>
      <object_component id="oc-470">
         <name>.debug_info</name>
         <load_address>0x7a78</load_address>
         <run_address>0x7a78</run_address>
         <size>0x1a3</size>
         <input_file_ref idref="fl-c"/>
      </object_component>
      <object_component id="oc-581">
         <name>.debug_info</name>
         <load_address>0x7c1b</load_address>
         <run_address>0x7c1b</run_address>
         <size>0x163</size>
         <input_file_ref idref="fl-f"/>
      </object_component>
      <object_component id="oc-315">
         <name>.debug_info</name>
         <load_address>0x7d7e</load_address>
         <run_address>0x7d7e</run_address>
         <size>0x202</size>
         <input_file_ref idref="fl-f"/>
      </object_component>
      <object_component id="oc-302">
         <name>.debug_info</name>
         <load_address>0x7f80</load_address>
         <run_address>0x7f80</run_address>
         <size>0x1c2</size>
         <input_file_ref idref="fl-f"/>
      </object_component>
      <object_component id="oc-30f">
         <name>.debug_info</name>
         <load_address>0x8142</load_address>
         <run_address>0x8142</run_address>
         <size>0x1cf</size>
         <input_file_ref idref="fl-f"/>
      </object_component>
      <object_component id="oc-48a">
         <name>.debug_info</name>
         <load_address>0x8311</load_address>
         <run_address>0x8311</run_address>
         <size>0x1ef</size>
         <input_file_ref idref="fl-f"/>
      </object_component>
      <object_component id="oc-49e">
         <name>.debug_info</name>
         <load_address>0x8500</load_address>
         <run_address>0x8500</run_address>
         <size>0x1ff</size>
         <input_file_ref idref="fl-f"/>
      </object_component>
      <object_component id="oc-490">
         <name>.debug_info</name>
         <load_address>0x86ff</load_address>
         <run_address>0x86ff</run_address>
         <size>0x1b4</size>
         <input_file_ref idref="fl-f"/>
      </object_component>
      <object_component id="oc-497">
         <name>.debug_info</name>
         <load_address>0x88b3</load_address>
         <run_address>0x88b3</run_address>
         <size>0x1c7</size>
         <input_file_ref idref="fl-f"/>
      </object_component>
      <object_component id="oc-45e">
         <name>.debug_info</name>
         <load_address>0x8a7a</load_address>
         <run_address>0x8a7a</run_address>
         <size>0x16d</size>
         <input_file_ref idref="fl-13"/>
      </object_component>
      <object_component id="oc-3a8">
         <name>.debug_info</name>
         <load_address>0x8be7</load_address>
         <run_address>0x8be7</run_address>
         <size>0xfb</size>
         <input_file_ref idref="fl-13"/>
      </object_component>
      <object_component id="oc-322">
         <name>.debug_info</name>
         <load_address>0x8ce2</load_address>
         <run_address>0x8ce2</run_address>
         <size>0x20a</size>
         <input_file_ref idref="fl-13"/>
      </object_component>
      <object_component id="oc-3d3">
         <name>.debug_info</name>
         <load_address>0x8eec</load_address>
         <run_address>0x8eec</run_address>
         <size>0x20a</size>
         <input_file_ref idref="fl-13"/>
      </object_component>
      <object_component id="oc-3f7">
         <name>.debug_info</name>
         <load_address>0x90f6</load_address>
         <run_address>0x90f6</run_address>
         <size>0x20c</size>
         <input_file_ref idref="fl-13"/>
      </object_component>
      <object_component id="oc-3c1">
         <name>.debug_info</name>
         <load_address>0x9302</load_address>
         <run_address>0x9302</run_address>
         <size>0x253</size>
         <input_file_ref idref="fl-13"/>
      </object_component>
      <object_component id="oc-3c7">
         <name>.debug_info</name>
         <load_address>0x9555</load_address>
         <run_address>0x9555</run_address>
         <size>0x252</size>
         <input_file_ref idref="fl-13"/>
      </object_component>
      <object_component id="oc-3cd">
         <name>.debug_info</name>
         <load_address>0x97a7</load_address>
         <run_address>0x97a7</run_address>
         <size>0x201</size>
         <input_file_ref idref="fl-13"/>
      </object_component>
      <object_component id="oc-590">
         <name>.debug_info</name>
         <load_address>0x99a8</load_address>
         <run_address>0x99a8</run_address>
         <size>0x20c</size>
         <input_file_ref idref="fl-13"/>
      </object_component>
      <object_component id="oc-3bc">
         <name>.debug_info</name>
         <load_address>0x9bb4</load_address>
         <run_address>0x9bb4</run_address>
         <size>0x151</size>
         <input_file_ref idref="fl-17"/>
      </object_component>
      <object_component id="oc-4f6">
         <name>.debug_info</name>
         <load_address>0x9d05</load_address>
         <run_address>0x9d05</run_address>
         <size>0x15d</size>
         <input_file_ref idref="fl-17"/>
      </object_component>
      <object_component id="oc-4fc">
         <name>.debug_info</name>
         <load_address>0x9e62</load_address>
         <run_address>0x9e62</run_address>
         <size>0x16b</size>
         <input_file_ref idref="fl-17"/>
      </object_component>
      <object_component id="oc-5e6">
         <name>.debug_info</name>
         <load_address>0x9fcd</load_address>
         <run_address>0x9fcd</run_address>
         <size>0x17c</size>
         <input_file_ref idref="fl-1d"/>
      </object_component>
      <object_component id="oc-5ca">
         <name>.debug_info</name>
         <load_address>0xa149</load_address>
         <run_address>0xa149</run_address>
         <size>0x19a</size>
         <input_file_ref idref="fl-1d"/>
      </object_component>
      <object_component id="oc-5c3">
         <name>.debug_info</name>
         <load_address>0xa2e3</load_address>
         <run_address>0xa2e3</run_address>
         <size>0x1dd</size>
         <input_file_ref idref="fl-1d"/>
      </object_component>
      <object_component id="oc-50c">
         <name>.debug_info</name>
         <load_address>0xa4c0</load_address>
         <run_address>0xa4c0</run_address>
         <size>0x1c9</size>
         <input_file_ref idref="fl-1d"/>
      </object_component>
      <object_component id="oc-503">
         <name>.debug_info</name>
         <load_address>0xa689</load_address>
         <run_address>0xa689</run_address>
         <size>0x1b8</size>
         <input_file_ref idref="fl-1d"/>
      </object_component>
      <object_component id="oc-3b0">
         <name>.debug_info</name>
         <load_address>0xa841</load_address>
         <run_address>0xa841</run_address>
         <size>0x1ae</size>
[...]
         <object_component_ref idref="oc-4ac"/>
      </symbol>
      <symbol id="sm-2d3">
         <name>timerCommand</name>
         <value>0xd908</value>
         <object_component_ref idref="oc-4ca"/>
      </symbol>
      <symbol id="sm-2d4">
         <name>clockCommand</name>
         <value>0xd41c</value>
         <object_component_ref idref="oc-4c4"/>
      </symbol>
      <symbol id="sm-2d5">
         <name>tempCommand</name>
         <value>0xd6b6</value>
         <object_component_ref idref="oc-4be"/>
      </symbol>
      <symbol id="sm-2d6">
         <name>ledCommand</name>
         <value>0xda4e</value>
         <object_component_ref idref="oc-4b8"/>
      </symbol>
      <symbol id="sm-2d7">
         <name>initCommands</name>
         <value>0xd7f4</value>
         <object_component_ref idref="oc-3e4"/>
      </symbol>
      <symbol id="sm-2d8">
         <name>runCommand</name>
         <value>0xd9b0</value>
         <object_component_ref idref="oc-453"/>
      </symbol>
      <symbol id="sm-2d9">
         <name>printCommands</name>
         <value>0xdaaa</value>
         <object_component_ref idref="oc-4ac"/>
      </symbol>
      <symbol id="sm-2da">
         <name>p_head</name>
         <value>0x20d0</value>
         <object_component_ref idref="oc-55c"/>
      </symbol>
      <symbol id="sm-2db">
         <name>registerCommand</name>
         <value>0xd556</value>
         <object_component_ref idref="oc-4b2"/>
      </symbol>
      <symbol id="sm-2dc">
         <name>esp8266ATCommand</name>
         <value>0xde80</value>
         <object_component_ref idref="oc-4d0"/>
      </symbol>
      <symbol id="sm-31f">
         <name>buffer</name>
         <value>0x20c0</value>
         <object_component_ref idref="oc-391"/>
      </symbol>
      <symbol id="sm-320">
         <name>console_processCommand</name>
         <value>0xde3a</value>
         <object_component_ref idref="oc-39a"/>
      </symbol>
      <symbol id="sm-321">
         <name>console_start</name>
         <value>0xd70a</value>
         <object_component_ref idref="oc-3fd"/>
      </symbol>
      <symbol id="sm-322">
         <name>console_getChar</name>
         <value>0xce44</value>
         <object_component_ref idref="oc-31a"/>
      </symbol>
      <symbol id="sm-323">
         <name>index</name>
         <value>0x20d9</value>
         <object_component_ref idref="oc-387"/>
      </symbol>
      <symbol id="sm-324">
         <name>console_print</name>
         <value>0xdb56</value>
         <object_component_ref idref="oc-394"/>
      </symbol>
      <symbol id="sm-335">
         <name>esp8266_sendATCommandWithCRLF</name>
         <value>0xd4ee</value>
         <object_component_ref idref="oc-5cf"/>
      </symbol>
      <symbol id="sm-378">
         <name>initCs</name>
         <value>0xd75c</value>
         <object_component_ref idref="oc-3b4"/>
      </symbol>
      <symbol id="sm-379">
         <name>init_TimerA</name>
         <value>0xd83e</value>
         <object_component_ref idref="oc-3f0"/>
      </symbol>
      <symbol id="sm-37a">
         <name>initADC</name>
         <value>0xd60c</value>
         <object_component_ref idref="oc-3ea"/>
      </symbol>
      <symbol id="sm-37b">
         <name>init_eUSCIA0</name>
         <value>0xd344</value>
         <object_component_ref idref="oc-3d8"/>
      </symbol>
      <symbol id="sm-37c">
         <name>init_eUSCIA1</name>
         <value>0xd3b0</value>
         <object_component_ref idref="oc-3de"/>
      </symbol>
      <symbol id="sm-3b1">
         <name>temp</name>
         <value>0x20f4</value>
      </symbol>
      <symbol id="sm-3b2">
         <name>IntDegC</name>
         <value>0x20f0</value>
      </symbol>
      <symbol id="sm-3b3">
         <name>ADC_ISR</name>
         <value>0xd486</value>
         <object_component_ref idref="oc-283"/>
      </symbol>
      <symbol id="sm-3b4">
         <name>TIMER1_A1_ISR</name>
         <value>0xdd84</value>
         <object_component_ref idref="oc-295"/>
      </symbol>
      <symbol id="sm-3b5">
         <name>__TI_int46</name>
         <value>0xffe4</value>
         <object_component_ref idref="oc-79"/>
      </symbol>
      <symbol id="sm-3b6">
         <name>__TI_int45</name>
         <value>0xffe2</value>
         <object_component_ref idref="oc-78"/>
      </symbol>
      <symbol id="sm-3b7">
         <name>__TI_int43</name>
         <value>0xffde</value>
         <object_component_ref idref="oc-76"/>
      </symbol>
      <symbol id="sm-3b8">
         <name>__TI_int53</name>
         <value>0xfff2</value>
         <object_component_ref idref="oc-80"/>
      </symbol>
      <symbol id="sm-3b9">
         <name>EUSCI_A0_ISR</name>
         <value>0xd886</value>
         <object_component_ref idref="oc-28f"/>
      </symbol>
      <symbol id="sm-3ba">
         <name>EUSCI_A1_ISR</name>
         <value>0xd97a</value>
         <object_component_ref idref="oc-289"/>
      </symbol>
      <symbol id="sm-3bb">
         <name>rspBuffer</name>
         <value>0x20a0</value>
         <object_component_ref idref="oc-30a"/>
      </symbol>
      <symbol id="sm-3bc">
         <name>idx</name>
         <value>0x20e8</value>
         <object_component_ref idref="oc-307"/>
      </symbol>
      <symbol id="sm-3bd">
         <name>rxedChar1</name>
         <value>0x20e7</value>
         <object_component_ref idref="oc-307"/>
      </symbol>
      <symbol id="sm-3be">
         <name>rxedChar0</name>
         <value>0x20e6</value>
         <object_component_ref idref="oc-307"/>
      </symbol>
      <symbol id="sm-3cd">
         <name>LOG</name>
         <value>0xdb7e</value>
         <object_component_ref idref="oc-38b"/>
      </symbol>
      <symbol id="sm-3d8">
         <name>main</name>
         <value>0xcf70</value>
         <object_component_ref idref="oc-336"/>
      </symbol>
      <symbol id="sm-41a">
         <name>ADC_setupSamplingTimer</name>
         <value>0xdd38</value>
         <object_component_ref idref="oc-4e3"/>
      </symbol>
      <symbol id="sm-41b">
         <name>ADC_configureMemory</name>
         <value>0xd9e6</value>
         <object_component_ref idref="oc-4e9"/>
      </symbol>
      <symbol id="sm-41c">
         <name>ADC_enableInterrupt</name>
         <value>0xde48</value>
         <object_component_ref idref="oc-4ef"/>
      </symbol>
      <symbol id="sm-41d">
         <name>ADC_startConversion</name>
         <value>0xdbec</value>
         <object_component_ref idref="oc-596"/>
      </symbol>
      <symbol id="sm-41e">
         <name>ADC_init</name>
         <value>0xd7aa</value>
         <object_component_ref idref="oc-4d7"/>
      </symbol>
      <symbol id="sm-41f">
         <name>ADC_isBusy</name>
         <value>0xdea4</value>
         <object_component_ref idref="oc-59c"/>
      </symbol>
      <symbol id="sm-420">
         <name>ADC_getResults</name>
         <value>0xde9c</value>
         <object_component_ref idref="oc-2ec"/>
      </symbol>
      <symbol id="sm-421">
         <name>ADC_enable</name>
         <value>0xde94</value>
         <object_component_ref idref="oc-4dd"/>
      </symbol>
      <symbol id="sm-4e0">
         <name>CS_getACLK</name>
         <value>0xdb02</value>
         <object_component_ref idref="oc-5b5"/>
      </symbol>
      <symbol id="sm-4e1">
         <name>CS_clearAllOscFlagsWithTimeout</name>
         <value>0xdc72</value>
         <object_component_ref idref="oc-46f"/>
      </symbol>
      <symbol id="sm-4e2">
         <name>CS_getMCLK</name>
         <value>0xdd6c</value>
         <object_component_ref idref="oc-5af"/>
      </symbol>
      <symbol id="sm-4e3">
         <name>CS_initFLLSettle</name>
         <value>0xd944</value>
         <object_component_ref idref="oc-475"/>
      </symbol>
      <symbol id="sm-4e4">
         <name>CS_initFLL</name>
         <value>0xcb64</value>
         <object_component_ref idref="oc-577"/>
      </symbol>
      <symbol id="sm-4e5">
         <name>CS_getSMCLK</name>
         <value>0xdd52</value>
         <object_component_ref idref="oc-5bb"/>
      </symbol>
      <symbol id="sm-4e6">
         <name>CS_initFLLCalculateTrim</name>
         <value>0xc878</value>
         <object_component_ref idref="oc-469"/>
      </symbol>
      <symbol id="sm-4e7">
         <name>CS_initClockSignal</name>
         <value>0xcc2e</value>
         <object_component_ref idref="oc-460"/>
      </symbol>
      <symbol id="sm-526">
         <name>EUSCI_A_UART_enableInterrupt</name>
         <value>0xdc0e</value>
         <object_component_ref idref="oc-49b"/>
      </symbol>
      <symbol id="sm-527">
         <name>EUSCI_A_UART_queryStatusFlags</name>
         <value>0xde6c</value>
         <object_component_ref idref="oc-30e"/>
      </symbol>
      <symbol id="sm-528">
         <name>EUSCI_A_UART_init</name>
         <value>0xcdaa</value>
         <object_component_ref idref="oc-489"/>
      </symbol>
      <symbol id="sm-529">
         <name>EUSCI_A_UART_enable</name>
         <value>0xdecc</value>
         <object_component_ref idref="oc-48f"/>
      </symbol>
      <symbol id="sm-52a">
         <name>EUSCI_A_UART_receiveData</name>
         <value>0xdc52</value>
         <object_component_ref idref="oc-301"/>
      </symbol>
      <symbol id="sm-52b">
         <name>EUSCI_A_UART_clearInterrupt</name>
         <value>0xde54</value>
         <object_component_ref idref="oc-495"/>
      </symbol>
      <symbol id="sm-52c">
         <name>EUSCI_A_UART_transmitData</name>
         <value>0xdc30</value>
         <object_component_ref idref="oc-314"/>
      </symbol>
      <symbol id="sm-579">
         <name>GPIO_setOutputHighOnPin</name>
         <value>0xdcac</value>
         <object_component_ref idref="oc-3f6"/>
      </symbol>
      <symbol id="sm-57a">
         <name>GPIO_setAsOutputPin</name>
         <value>0xda1a</value>
         <object_component_ref idref="oc-3cc"/>
      </symbol>
      <symbol id="sm-57b">
         <name>GPIO_setOutputLowOnPin</name>
         <value>0xdcc8</value>
         <object_component_ref idref="oc-3d2"/>
      </symbol>
      <symbol id="sm-57c">
         <name>GPIO_toggleOutputOnPin</name>
         <value>0xdce4</value>
         <object_component_ref idref="oc-321"/>
      </symbol>
      <symbol id="sm-57d">
         <name>GPIO_setAsPeripheralModuleFunctionOutputPin</name>
         <value>0xd262</value>
         <object_component_ref idref="oc-3c0"/>
      </symbol>
      <symbol id="sm-57e">
         <name>GPIO_getInputPinValue</name>
         <value>0xdc90</value>
         <object_component_ref idref="oc-58f"/>
      </symbol>
      <symbol id="sm-57f">
         <name>GPIO_setAsPeripheralModuleFunctionInputPin</name>
         <value>0xd1f0</value>
         <object_component_ref idref="oc-3c6"/>
      </symbol>
      <symbol id="sm-599">
         <name>PMM_enableInternalReference</name>
         <value>0xde1a</value>
         <object_component_ref idref="oc-4fb"/>
      </symbol>
      <symbol id="sm-59a">
         <name>PMM_unlockLPM5</name>
         <value>0xdeac</value>
         <object_component_ref idref="oc-3ba"/>
      </symbol>
      <symbol id="sm-59b">
         <name>PMM_enableTempSensor</name>
         <value>0xde2a</value>
         <object_component_ref idref="oc-4f5"/>
      </symbol>
      <symbol id="sm-5c4">
         <name>Timer_A_initUpMode</name>
         <value>0xd082</value>
         <object_component_ref idref="oc-50b"/>
      </symbol>
      <symbol id="sm-5c5">
         <name>Timer_A_startCounter</name>
         <value>0xde60</value>
         <object_component_ref idref="oc-5c2"/>
      </symbol>
      <symbol id="sm-5c6">
         <name>Timer_A_stop</name>
         <value>0xdeb4</value>
         <object_component_ref idref="oc-5c8"/>
      </symbol>
      <symbol id="sm-5c7">
         <name>Timer_A_clearTimerInterrupt</name>
         <value>0xded2</value>
         <object_component_ref idref="oc-502"/>
      </symbol>
      <symbol id="sm-5d2">
         <name>WDT_A_hold</name>
         <value>0xdd9c</value>
         <object_component_ref idref="oc-3ae"/>
      </symbol>
      <symbol id="sm-5de">
         <name>__mspabi_remi</name>
         <value>0xdad6</value>
         <object_component_ref idref="oc-680"/>
      </symbol>
      <symbol id="sm-5df">
         <name>__mspabi_divi</name>
         <value>0xdad6</value>
         <object_component_ref idref="oc-680"/>
      </symbol>
      <symbol id="sm-5e9">
         <name>__mspabi_remu</name>
         <value>0xddde</value>
         <object_component_ref idref="oc-696"/>
      </symbol>
      <symbol id="sm-5ea">
         <name>__mspabi_divu</name>
         <value>0xddde</value>
         <object_component_ref idref="oc-696"/>
      </symbol>
      <symbol id="sm-5f6">
         <name>__mspabi_remli</name>
         <value>0xd8c8</value>
         <object_component_ref idref="oc-2fa"/>
      </symbol>
      <symbol id="sm-5f7">
         <name>__mspabi_divli</name>
         <value>0xd8c8</value>
         <object_component_ref idref="oc-2fa"/>
      </symbol>
      <symbol id="sm-605">
         <name>__mspabi_remul</name>
         <value>0xd5b4</value>
         <object_component_ref idref="oc-37a"/>
      </symbol>
      <symbol id="sm-606">
         <name>__mspabi_divul</name>
         <value>0xd5b4</value>
         <object_component_ref idref="oc-37a"/>
      </symbol>
      <symbol id="sm-609">
         <name>__TI_int41</name>
         <value>0xffda</value>
         <object_component_ref idref="oc-74"/>
      </symbol>
      <symbol id="sm-60c">
         <name>__TI_int42</name>
         <value>0xffdc</value>
         <object_component_ref idref="oc-75"/>
      </symbol>
      <symbol id="sm-60f">
         <name>__TI_int44</name>
         <value>0xffe0</value>
         <object_component_ref idref="oc-77"/>
      </symbol>
      <symbol id="sm-612">
         <name>__TI_int47</name>
         <value>0xffe6</value>
         <object_component_ref idref="oc-7a"/>
      </symbol>
      <symbol id="sm-615">
         <name>__TI_int48</name>
         <value>0xffe8</value>
         <object_component_ref idref="oc-7b"/>
      </symbol>
      <symbol id="sm-618">
         <name>__TI_int49</name>
         <value>0xffea</value>
         <object_component_ref idref="oc-7c"/>
      </symbol>
      <symbol id="sm-61b">
         <name>__TI_int50</name>
         <value>0xffec</value>
         <object_component_ref idref="oc-7d"/>
      </symbol>
      <symbol id="sm-61e">
         <name>__TI_int51</name>
         <value>0xffee</value>
         <object_component_ref idref="oc-7e"/>
      </symbol>
      <symbol id="sm-621">
         <name>__TI_int52</name>
         <value>0xfff0</value>
         <object_component_ref idref="oc-7f"/>
      </symbol>
      <symbol id="sm-624">
         <name>__TI_int54</name>
         <value>0xfff4</value>
         <object_component_ref idref="oc-81"/>
      </symbol>
      <symbol id="sm-627">
         <name>__TI_int55</name>
         <value>0xfff6</value>
         <object_component_ref idref="oc-82"/>
      </symbol>
      <symbol id="sm-62a">
         <name>__TI_int56</name>
         <value>0xfff8</value>
         <object_component_ref idref="oc-83"/>
      </symbol>
      <symbol id="sm-62d">
         <name>__TI_int57</name>
         <value>0xfffa</value>
         <object_component_ref idref="oc-84"/>
      </symbol>
      <symbol id="sm-630">
         <name>__TI_int58</name>
         <value>0xfffc</value>
         <object_component_ref idref="oc-85"/>
      </symbol>
      <symbol id="sm-638">
         <name>__TI_ISR_TRAP</name>
         <value>0xdebc</value>
         <object_component_ref idref="oc-27e"/>
      </symbol>
      <symbol id="sm-641">
         <name>__mspabi_slli</name>
         <value>0xde8a</value>
         <object_component_ref idref="oc-5d9"/>
      </symbol>
      <symbol id="sm-64c">
         <name>__mspabi_mpyl_f5hw</name>
         <value>0xdbc8</value>
         <object_component_ref idref="oc-2f5"/>
      </symbol>
      <symbol id="sm-65e">
         <name>_stack</name>
         <value>0x2f60</value>
         <object_component_ref idref="oc-25f"/>
      </symbol>
      <symbol id="sm-65f">
         <name>_c_int00_noargs</name>
         <value>0xdd00</value>
         <object_component_ref idref="oc-2ad"/>
      </symbol>
      <symbol id="sm-660">
         <name>_reset_vector</name>
         <value>0xfffe</value>
         <object_component_ref idref="oc-262"/>
      </symbol>
      <symbol id="sm-683">
         <name>__TI_auto_init_nobinit_nopinit_hold_wdt</name>
         <value>0xd662</value>
         <object_component_ref idref="oc-428"/>
      </symbol>
      <symbol id="sm-696">
         <name>__TI_zero_init_nomemset</name>
         <value>0xdba4</value>
         <object_component_ref idref="oc-29b"/>
      </symbol>
      <symbol id="sm-6a1">
         <name>_system_pre_init</name>
         <value>0xdede</value>
         <object_component_ref idref="oc-330"/>
      </symbol>
      <symbol id="sm-6aa">
         <name>_system_post_cinit</name>
         <value>0xdee4</value>
         <object_component_ref idref="oc-52b"/>
      </symbol>
      <symbol id="sm-6bb">
         <name>__TI_decompress_none</name>
         <value>0xde08</value>
         <object_component_ref idref="oc-6e"/>
      </symbol>
      <symbol id="sm-6de">
         <name>__TI_decompress_lzss</name>
         <value>0xd17a</value>
         <object_component_ref idref="oc-68"/>
      </symbol>
      <symbol id="sm-6e8">
         <name>C$$EXIT</name>
         <value>0xded8</value>
         <object_component_ref idref="oc-404"/>
      </symbol>
      <symbol id="sm-6e9">
         <name>abort</name>
         <value>0xded8</value>
         <object_component_ref idref="oc-404"/>
      </symbol>
      <symbol id="sm-6ff">
         <name>_nop</name>
         <value>0xdee2</value>
         <object_component_ref idref="oc-5e9"/>
      </symbol>
      <symbol id="sm-700">
         <name>_lock</name>
         <value>0x20da</value>
         <object_component_ref idref="oc-51d"/>
      </symbol>
      <symbol id="sm-701">
         <name>_unlock</name>
         <value>0x20de</value>
         <object_component_ref idref="oc-526"/>
      </symbol>
      <symbol id="sm-711">
         <name>ltoa</name>
         <value>0xd002</value>
         <object_component_ref idref="oc-5a2"/>
      </symbol>
      <symbol id="sm-71f">
         <name>memcpy</name>
         <value>0xddf4</value>
         <object_component_ref idref="oc-271"/>
      </symbol>
      <symbol id="sm-79d">
         <name>_sys_memory</name>
         <value>0x2000</value>
         <object_component_ref idref="oc-263"/>
      </symbol>
      <symbol id="sm-79e">
         <name>free</name>
         <value>0xca8a</value>
         <object_component_ref idref="oc-5a8"/>
      </symbol>
      <symbol id="sm-79f">
         <name>memalign</name>
         <value>0xc982</value>
         <object_component_ref idref="oc-620"/>
      </symbol>
      <symbol id="sm-7a0">
         <name>malloc</name>
         <value>0xdec4</value>
         <object_component_ref idref="oc-588"/>
      </symbol>
      <symbol id="sm-7a1">
         <name>aligned_alloc</name>
         <value>0xc982</value>
         <object_component_ref idref="oc-620"/>
      </symbol>
      <symbol id="sm-7af">
         <name>memset</name>
         <value>0xddc8</value>
         <object_component_ref idref="oc-3a0"/>
      </symbol>
      <symbol id="sm-7bd">
         <name>strcmp</name>
         <value>0xdd1c</value>
         <object_component_ref idref="oc-55f"/>
      </symbol>
      <symbol id="sm-7c7">
         <name>abs</name>
         <value>0xde76</value>
         <object_component_ref idref="oc-62a"/>
      </symbol>
      <symbol id="sm-7cd">
         <name>OLED_printTextToBuffer</name>
         <value>0x0</value>
      </symbol>
   </symbol_table>
   <title>Link errors: red sections failed placement</title>
</link_info>
