******************************************************************************
                  MSP430 Linker PC v18.1.3                     
******************************************************************************
>> Linked Fri Nov  2 01:00:28 2018

OUTPUT FILE NAME:   <FR2433_driverlib.out>
ENTRY POINT SYMBOL: "_c_int00_noargs"  address: 0000e8da


MEMORY CONFIGURATION

         name            origin    length      used     unused   attr    fill
----------------------  --------  ---------  --------  --------  ----  --------
  SFR                   00000000   00000010  00000000  00000010  RWIX
  PERIPHERALS_8BIT      00000010   000000f0  00000000  000000f0  RWIX
  PERIPHERALS_16BIT     00000100   00000100  00000000  00000100  RWIX
  INFOA                 00001800   00000200  00000000  00000200  RWIX
  RAM                   00002000   00001000  00000167  00000e99  RWIX
  FRAM                  0000c400   00003b80  00002610  00001570  RWIX
  JTAGSIGNATURE         0000ff80   00000004  00000004  00000000  RWIX  ffff 
  BSLSIGNATURE          0000ff84   00000004  00000004  00000000  RWIX  ffff 
  INT00                 0000ff88   00000002  00000000  00000002  RWIX
  INT01                 0000ff8a   00000002  00000000  00000002  RWIX
  INT02                 0000ff8c   00000002  00000000  00000002  RWIX
  INT03                 0000ff8e   00000002  00000000  00000002  RWIX
  INT04                 0000ff90   00000002  00000000  00000002  RWIX
  INT05                 0000ff92   00000002  00000000  00000002  RWIX
  INT06                 0000ff94   00000002  00000000  00000002  RWIX
  INT07                 0000ff96   00000002  00000000  00000002  RWIX
  INT08                 0000ff98   00000002  00000000  00000002  RWIX
  INT09                 0000ff9a   00000002  00000000  00000002  RWIX
  INT10                 0000ff9c   00000002  00000000  00000002  RWIX
  INT11                 0000ff9e   00000002  00000000  00000002  RWIX
  INT12                 0000ffa0   00000002  00000000  00000002  RWIX
  INT13                 0000ffa2   00000002  00000000  00000002  RWIX
  INT14                 0000ffa4   00000002  00000000  00000002  RWIX
  INT15                 0000ffa6   00000002  00000000  00000002  RWIX
  INT16                 0000ffa8   00000002  00000000  00000002  RWIX
  INT17                 0000ffaa   00000002  00000000  00000002  RWIX
  INT18                 0000ffac   00000002  00000000  00000002  RWIX
  INT19                 0000ffae   00000002  00000000  00000002  RWIX
  INT20                 0000ffb0   00000002  00000000  00000002  RWIX
  INT21                 0000ffb2   00000002  00000000  00000002  RWIX
  INT22                 0000ffb4   00000002  00000000  00000002  RWIX
  INT23                 0000ffb6   00000002  00000000  00000002  RWIX
  INT24                 0000ffb8   00000002  00000000  00000002  RWIX
  INT25                 0000ffba   00000002  00000000  00000002  RWIX
  INT26                 0000ffbc   00000002  00000000  00000002  RWIX
  INT27                 0000ffbe   00000002  00000000  00000002  RWIX
  INT28                 0000ffc0   00000002  00000000  00000002  RWIX
  INT29                 0000ffc2   00000002  00000000  00000002  RWIX
  INT30                 0000ffc4   00000002  00000000  00000002  RWIX
  INT31                 0000ffc6   00000002  00000000  00000002  RWIX
  INT32                 0000ffc8   00000002  00000000  00000002  RWIX
  INT33                 0000ffca   00000002  00000000  00000002  RWIX
  INT34                 0000ffcc   00000002  00000000  00000002  RWIX
  INT35                 0000ffce   00000002  00000000  00000002  RWIX
  INT36                 0000ffd0   00000002  00000000  00000002  RWIX
  INT37                 0000ffd2   00000002  00000000  00000002  RWIX
  INT38                 0000ffd4   00000002  00000000  00000002  RWIX
  INT39                 0000ffd6   00000002  00000000  00000002  RWIX
  INT40                 0000ffd8   00000002  00000000  00000002  RWIX
  INT41                 0000ffda   00000002  00000002  00000000  RWIX
  INT42                 0000ffdc   00000002  00000002  00000000  RWIX
  INT43                 0000ffde   00000002  00000002  00000000  RWIX
  INT44                 0000ffe0   00000002  00000002  00000000  RWIX
  INT45                 0000ffe2   00000002  00000002  00000000  RWIX
  INT46                 0000ffe4   00000002  00000002  00000000  RWIX
  INT47                 0000ffe6   00000002  00000002  00000000  RWIX
  INT48                 0000ffe8   00000002  00000002  00000000  RWIX
  INT49                 0000ffea   00000002  00000002  00000000  RWIX
  INT50                 0000ffec   00000002  00000002  00000000  RWIX
  INT51                 0000ffee   00000002  00000002  00000000  RWIX
  INT52                 0000fff0   00000002  00000002  00000000  RWIX
  INT53                 0000fff2   00000002  00000002  00000000  RWIX
  INT54                 0000fff4   00000002  00000002  00000000  RWIX
  INT55                 0000fff6   00000002  00000002  00000000  RWIX
  INT56                 0000fff8   00000002  00000002  00000000  RWIX
  INT57                 0000fffa   00000002  00000002  00000000  RWIX
  INT58                 0000fffc   00000002  00000002  00000000  RWIX
  RESET                 0000fffe   00000002  00000002  00000000  RWIX


SECTION ALLOCATION MAP

 output                                  attributes/
section   page    origin      length       input sections
--------  ----  ----------  ----------   ----------------
.TI.persistent 
*          0    0000c400    00000000     UNINITIALIZED

.cinit     0    0000c400    00000038     
                  0000c400    00000014     (.cinit..data.load) [load image]
                  0000c416    0000000c     (__TI_handler_table)
                  0000c422    00000006     (.cinit..bss.load) [load image, compression = zero_init]
                  0000c428    00000010     (__TI_cinit_table)

.pinit     0    0000c438    00000000     UNINITIALIZED

.binit     0    0000c438    00000000     

.init_array 
*          0    0000c438    00000000     UNINITIALIZED

.mspabi.exidx 
*          0    0000c438    00000000     UNINITIALIZED

.mspabi.extab 
*          0    0000c438    00000000     UNINITIALIZED

.const     0    0000c438    000016d8     
                  0000c438    00001200     ssd1306_lib.obj (.const:.string:font12x16)
                  0000d638    00000480     ssd1306_lib.obj (.const:.string:font6x8)
                  0000dab8    00000030     main.obj (.const:.string)
                  0000dae8    0000001c     gpio.obj (.const:GPIO_PORT_TO_BASE)
                  0000db04    0000000c     ssd1306_i2c_lib.obj (.const:$P$T0$1)

.text      0    0000db10    00000f00     
                  0000db10    00000174     ssd1306_lib.obj (.text:drawImage)
                  0000dc84    000000c4     cs.obj (.text:CS_initFLL)
                  0000dd48    000000c4     ssd1306_lib.obj (.text:ssd1306Init)
                  0000de0c    000000bc     ssd1306_lib.obj (.text:draw6x8Str)
                  0000dec8    000000bc     rts430x_lc_rd_eabi.lib : memory.c.obj (.text:malloc)
                  0000df84    000000b8     cs.obj (.text:CS_initClockSignal)
                  0000e03c    000000ac     cs.obj (.text:privateCSComputeCLKFrequency)
                  0000e0e8    0000009a     ssd1306_i2c_lib.obj (.text:i2c_init)
                  0000e182    0000009a     main.obj (.text:main)
                  0000e21c    0000008e     rts430x_lc_rd_eabi.lib : memory.c.obj (.text:free)
                  0000e2aa    0000008c     cs.obj (.text:privateCSSourceClockFromDCO)
                  0000e336    0000007e     cs.obj (.text:privateDCORange)
                  0000e3b4    00000076     rts430x_lc_rd_eabi.lib : copy_decompress_lzss.c.obj (.text:decompress:lzss:__TI_decompress_lzss)
                  0000e42a    0000006c     gpio.obj (.text:GPIO_setAsPeripheralModuleFunctionInputPin)
                  0000e496    00000068     ssd1306_lib.obj (.text:draw12x16Str)
                  0000e4fe    0000005c     eusci_b_i2c.obj (.text:EUSCI_B_I2C_initMaster)
                  0000e55a    0000005a     ssd1306_lib.obj (.text:fillDisplay)
                  0000e5b4    00000058     ssd1306_i2c_lib.obj (.text:_isr:USCIB0_ISR)
                  0000e60c    00000058     rts430x_lc_rd_eabi.lib : div32u.asm.obj (.text)
                  0000e664    00000054                            : autoinit.c.obj (.text:__TI_auto_init_nobinit_nopinit_hold_wdt:__TI_auto_init_nobinit_nopinit_hold_wdt)
                  0000e6b8    00000042                            : memory.c.obj (.text:minit)
                  0000e6fa    00000040                            : div32s.asm.obj (.text)
                  0000e73a    0000003c     ssd1306_i2c_lib.obj (.text:i2c_transmit)
                  0000e776    00000038     gpio.obj (.text:GPIO_setAsOutputPin)
                  0000e7ae    00000034     cs.obj (.text:CS_initFLLSettle)
                  0000e7e2    0000002c     rts430x_lc_rd_eabi.lib : div16s.asm.obj (.text)
                  0000e80e    0000002a     ssd1306_lib.obj (.text:setCursor)
                  0000e838    00000024     rts430x_lc_rd_eabi.lib : copy_zero_init.c.obj (.text:decompress:ZI:__TI_zero_init_nomemset:__TI_zero_init_nomemset)
                  0000e85c    00000024                            : mult32_f5hw.asm.obj (.text)
                  0000e880    00000022     eusci_b_i2c.obj (.text:EUSCI_B_I2C_masterSendMultiByteNext)
                  0000e8a2    0000001c     eusci_b_i2c.obj (.text:EUSCI_B_I2C_masterSendMultiByteStop)
                  0000e8be    0000001c     gpio.obj (.text:GPIO_setOutputHighOnPin)
                  0000e8da    0000001c     rts430x_lc_rd_eabi.lib : boot.c.obj (.text:_isr:_c_int00_noargs)
                  0000e8f6    00000018     cs.obj (.text:CS_getSMCLK)
                  0000e90e    00000018     rts430x_lc_rd_eabi.lib : mult16_f5hw.asm.obj (.text)
                  0000e926    00000016     wdt_a.obj (.text:WDT_A_hold)
                  0000e93c    00000016     rts430x_lc_rd_eabi.lib : div16u.asm.obj (.text)
                  0000e952    00000016     ssd1306_lib.obj (.text:sendCommand)
                  0000e968    00000014     rts430x_lc_rd_eabi.lib : memcpy.c.obj (.text:memcpy)
                  0000e97c    00000012                            : copy_decompress_none.c.obj (.text:decompress:none:__TI_decompress_none)
                  0000e98e    00000010     eusci_b_i2c.obj (.text:EUSCI_B_I2C_setMode)
                  0000e99e    0000000c     eusci_b_i2c.obj (.text:EUSCI_B_I2C_clearInterrupt)
                  0000e9aa    0000000c     eusci_b_i2c.obj (.text:EUSCI_B_I2C_enableInterrupt)
                  0000e9b6    0000000c     eusci_b_i2c.obj (.text:EUSCI_B_I2C_setSlaveAddress)
                  0000e9c2    0000000a     rts430x_lc_rd_eabi.lib : lsl16.asm.obj (.text)
                  0000e9cc    0000000a                            : lsr16.asm.obj (.text)
                  0000e9d6    00000008     eusci_b_i2c.obj (.text:EUSCI_B_I2C_masterIsStopSent)
                  0000e9de    00000008     pmm.obj (.text:PMM_unlockLPM5)
                  0000e9e6    00000008     rts430x_lc_rd_eabi.lib : isr_trap.asm.obj (.text:_isr:__TI_ISR_TRAP)
                  0000e9ee    00000008     ssd1306_lib.obj (.text:sendData)
                  0000e9f6    00000006     eusci_b_i2c.obj (.text:EUSCI_B_I2C_enable)
                  0000e9fc    00000006     eusci_b_i2c.obj (.text:EUSCI_B_I2C_masterSendStart)
                  0000ea02    00000006     rts430x_lc_rd_eabi.lib : exit.c.obj (.text:abort)
                  0000ea08    00000004                            : pre_init.c.obj (.text:_system_pre_init)
                  0000ea0c    00000002                            : _lock.c.obj (.text:_nop)
                  0000ea0e    00000002                            : startup.c.obj (.text:_system_post_cinit)

.bss       0    000020a0    00000019     UNINITIALIZED
                  000020a0    0000000a     rts430x_lc_rd_eabi.lib : memory.c.obj (.bss)
                  000020aa    00000004     (.common:TI_transmit_field)
                  000020ae    00000004     (.common:TXData)
                  000020b2    00000004     (.common:dataBuffer)
                  000020b6    00000002     (.common:data)
                  000020b8    00000001     (.common:TXByteCtr)

.data      0    000020ba    0000000e     UNINITIALIZED
                  000020ba    00000004     rts430x_lc_rd_eabi.lib : _lock.c.obj (.data:_lock)
                  000020be    00000004                            : _lock.c.obj (.data:_unlock)
                  000020c2    00000004     cs.obj (.data)
                  000020c6    00000002     rts430x_lc_rd_eabi.lib : memory.c.obj (.data)

.sysmem    0    00002000    000000a0     UNINITIALIZED
                  00002000    00000006     rts430x_lc_rd_eabi.lib : memory.c.obj (.sysmem)
                  00002006    0000009a     --HOLE--

.stack     0    00002f60    000000a0     UNINITIALIZED
                  00002f60    00000004     rts430x_lc_rd_eabi.lib : boot.c.obj (.stack)
                  00002f64    0000009c     --HOLE--

PORT2      0    0000ffda    00000002     
                  0000ffda    00000002     rts430x_lc_rd_eabi.lib : int41.asm.obj (.int41)

PORT1      0    0000ffdc    00000002     
                  0000ffdc    00000002     rts430x_lc_rd_eabi.lib : int42.asm.obj (.int42)

ADC        0    0000ffde    00000002     
                  0000ffde    00000002     rts430x_lc_rd_eabi.lib : int43.asm.obj (.int43)

USCI_B0    0    0000ffe0    00000002     
                  0000ffe0    00000002     ssd1306_i2c_lib.obj (.int44)

USCI_A1    0    0000ffe2    00000002     
                  0000ffe2    00000002     rts430x_lc_rd_eabi.lib : int45.asm.obj (.int45)

USCI_A0    0    0000ffe4    00000002     
                  0000ffe4    00000002     rts430x_lc_rd_eabi.lib : int46.asm.obj (.int46)

WDT        0    0000ffe6    00000002     
                  0000ffe6    00000002     rts430x_lc_rd_eabi.lib : int47.asm.obj (.int47)

RTC        0    0000ffe8    00000002     
                  0000ffe8    00000002     rts430x_lc_rd_eabi.lib : int48.asm.obj (.int48)

TIMER3_A1 
*          0    0000ffea    00000002     
                  0000ffea    00000002     rts430x_lc_rd_eabi.lib : int49.asm.obj (.int49)

TIMER3_A0 
*          0    0000ffec    00000002     
                  0000ffec    00000002     rts430x_lc_rd_eabi.lib : int50.asm.obj (.int50)

TIMER2_A1 
*          0    0000ffee    00000002     
                  0000ffee    00000002     rts430x_lc_rd_eabi.lib : int51.asm.obj (.int51)

TIMER2_A0 
*          0    0000fff0    00000002     
                  0000fff0    00000002     rts430x_lc_rd_eabi.lib : int52.asm.obj (.int52)

TIMER1_A1 
*          0    0000fff2    00000002     
                  0000fff2    00000002     rts430x_lc_rd_eabi.lib : int53.asm.obj (.int53)

TIMER1_A0 
*          0    0000fff4    00000002     
                  0000fff4    00000002     rts430x_lc_rd_eabi.lib : int54.asm.obj (.int54)

TIMER0_A1 
*          0    0000fff6    00000002     
                  0000fff6    00000002     rts430x_lc_rd_eabi.lib : int55.asm.obj (.int55)

TIMER0_A0 
*          0    0000fff8    00000002     
                  0000fff8    00000002     rts430x_lc_rd_eabi.lib : int56.asm.obj (.int56)

UNMI       0    0000fffa    00000002     
                  0000fffa    00000002     rts430x_lc_rd_eabi.lib : int57.asm.obj (.int57)

SYSNMI     0    0000fffc    00000002     
                  0000fffc    00000002     rts430x_lc_rd_eabi.lib : int58.asm.obj (.int58)

.reset     0    0000fffe    00000002     
                  0000fffe    00000002     rts430x_lc_rd_eabi.lib : boot.c.obj (.reset)

$fill000   0    0000ff80    00000004     
                  0000ff80    00000004     --HOLE-- [fill = ffff]

$fill001   0    0000ff84    00000004     
                  0000ff84    00000004     --HOLE-- [fill = ffff]

MODULE SUMMARY

       Module                       code   ro data   rw data
       ------                       ----   -------   -------
    .\
       ssd1306_lib.obj              1022   5760      8      
       ssd1306_i2c_lib.obj          302    14        7      
       main.obj                     154    48        0      
    +--+----------------------------+------+---------+---------+
       Total:                       1478   5822      15     
                                                            
    .\driverlib\MSP430FR2xx_4xx\
       cs.obj                       894    0         4      
       eusci_b_i2c.obj              226    0         0      
       gpio.obj                     192    28        0      
       wdt_a.obj                    22     0         0      
       pmm.obj                      8      0         0      
    +--+----------------------------+------+---------+---------+
       Total:                       1342   28        4      
                                                            
    C:\ti\ccsv8\tools\compiler\ti-cgt-msp430_18.1.3.LTS\lib\rts430x_lc_rd_eabi.lib
       memory.c.obj                 396    0         12     
       copy_decompress_lzss.c.obj   118    0         0      
       div32u.asm.obj               88     0         0      
       autoinit.c.obj               84     0         0      
       div32s.asm.obj               64     0         0      
       div16s.asm.obj               44     0         0      
       copy_zero_init.c.obj         36     0         0      
       mult32_f5hw.asm.obj          36     0         0      
       boot.c.obj                   28     2         0      
       mult16_f5hw.asm.obj          24     0         0      
       div16u.asm.obj               22     0         0      
       memcpy.c.obj                 20     0         0      
       copy_decompress_none.c.obj   18     0         0      
       _lock.c.obj                  2      0         8      
       lsl16.asm.obj                10     0         0      
       lsr16.asm.obj                10     0         0      
       isr_trap.asm.obj             8      0         0      
       exit.c.obj                   6      0         0      
       pre_init.c.obj               4      0         0      
       int41.asm.obj                0      2         0      
       int42.asm.obj                0      2         0      
       int43.asm.obj                0      2         0      
       int45.asm.obj                0      2         0      
       int46.asm.obj                0      2         0      
       int47.asm.obj                0      2         0      
       int48.asm.obj                0      2         0      
       int49.asm.obj                0      2         0      
       int50.asm.obj                0      2         0      
       int51.asm.obj                0      2         0      
       int52.asm.obj                0      2         0      
       int53.asm.obj                0      2         0      
       int54.asm.obj                0      2         0      
       int55.asm.obj                0      2         0      
       int56.asm.obj                0      2         0      
       int57.asm.obj                0      2         0      
       int58.asm.obj                0      2         0      
       startup.c.obj                2      0         0      
    +--+----------------------------+------+---------+---------+
       Total:                       1020   36        20     
                                                            
       Heap:                        0      0         160    
       Stack:                       0      0         160    
       Linker Generated:            0      54        0      
    +--+----------------------------+------+---------+---------+
       Grand Total:                 3840   5940      359    


LINKER GENERATED COPY TABLES

__TI_cinit_table @ 0000c428 records: 2, size/record: 8, table size: 16
	.data: load addr=0000c400, load size=00000014 bytes, run addr=000020ba, run size=0000000e bytes, compression=copy
	.bss: load addr=0000c422, load size=00000006 bytes, run addr=000020a0, run size=00000019 bytes, compression=zero_init


LINKER GENERATED HANDLER TABLE

__TI_handler_table @ 0000c416 records: 3, size/record: 4, table size: 12
	index: 0, handler: __TI_zero_init
	index: 1, handler: __TI_decompress_lzss
	index: 2, handler: __TI_decompress_none


GLOBAL SYMBOLS: SORTED ALPHABETICALLY BY Name 

address   name                                      
-------   ----                                      
00000700  ADCCTL0                                   
00000701  ADCCTL0_H                                 
00000700  ADCCTL0_L                                 
00000702  ADCCTL1                                   
00000703  ADCCTL1_H                                 
00000702  ADCCTL1_L                                 
00000704  ADCCTL2                                   
00000705  ADCCTL2_H                                 
00000704  ADCCTL2_L                                 
00000708  ADCHI                                     
00000709  ADCHI_H                                   
00000708  ADCHI_L                                   
0000071a  ADCIE                                     
0000071b  ADCIE_H                                   
0000071a  ADCIE_L                                   
0000071c  ADCIFG                                    
0000071d  ADCIFG_H                                  
0000071c  ADCIFG_L                                  
0000071e  ADCIV                                     
0000071f  ADCIV_H                                   
0000071e  ADCIV_L                                   
00000706  ADCLO                                     
00000707  ADCLO_H                                   
00000706  ADCLO_L                                   
0000070a  ADCMCTL0                                  
0000070b  ADCMCTL0_H                                
0000070a  ADCMCTL0_L                                
00000712  ADCMEM0                                   
00000713  ADCMEM0_H                                 
00000712  ADCMEM0_L                                 
00000660  BAKMEM0                                   
00000661  BAKMEM0_H                                 
00000660  BAKMEM0_L                                 
00000662  BAKMEM1                                   
00000674  BAKMEM10                                  
00000675  BAKMEM10_H                                
00000674  BAKMEM10_L                                
00000676  BAKMEM11                                  
00000677  BAKMEM11_H                                
00000676  BAKMEM11_L                                
00000678  BAKMEM12                                  
00000679  BAKMEM12_H                                
00000678  BAKMEM12_L                                
0000067a  BAKMEM13                                  
0000067b  BAKMEM13_H                                
0000067a  BAKMEM13_L                                
0000067c  BAKMEM14                                  
0000067d  BAKMEM14_H                                
0000067c  BAKMEM14_L                                
0000067e  BAKMEM15                                  
0000067f  BAKMEM15_H                                
0000067e  BAKMEM15_L                                
00000663  BAKMEM1_H                                 
00000662  BAKMEM1_L                                 
00000664  BAKMEM2                                   
00000665  BAKMEM2_H                                 
00000664  BAKMEM2_L                                 
00000666  BAKMEM3                                   
00000667  BAKMEM3_H                                 
00000666  BAKMEM3_L                                 
00000668  BAKMEM4                                   
00000669  BAKMEM4_H                                 
00000668  BAKMEM4_L                                 
0000066a  BAKMEM5                                   
0000066b  BAKMEM5_H                                 
0000066a  BAKMEM5_L                                 
0000066c  BAKMEM6                                   
0000066d  BAKMEM6_H                                 
0000066c  BAKMEM6_L                                 
0000066e  BAKMEM7                                   
0000066f  BAKMEM7_H                                 
0000066e  BAKMEM7_L                                 
00000670  BAKMEM8                                   
00000671  BAKMEM8_H                                 
00000670  BAKMEM8_L                                 
00000672  BAKMEM9                                   
00000673  BAKMEM9_H                                 
00000672  BAKMEM9_L                                 
0000ea02  C$$EXIT                                   
000001c0  CRCDI                                     
000001c2  CRCDIRB                                   
000001c3  CRCDIRB_H                                 
000001c2  CRCDIRB_L                                 
000001c1  CRCDI_H                                   
000001c0  CRCDI_L                                   
000001c4  CRCINIRES                                 
000001c5  CRCINIRES_H                               
000001c4  CRCINIRES_L                               
000001c6  CRCRESR                                   
000001c7  CRCRESR_H                                 
000001c6  CRCRESR_L                                 
00000180  CSCTL0                                    
00000181  CSCTL0_H                                  
00000180  CSCTL0_L                                  
00000182  CSCTL1                                    
00000183  CSCTL1_H                                  
00000182  CSCTL1_L                                  
00000184  CSCTL2                                    
00000185  CSCTL2_H                                  
00000184  CSCTL2_L                                  
00000186  CSCTL3                                    
00000187  CSCTL3_H                                  
00000186  CSCTL3_L                                  
00000188  CSCTL4                                    
00000189  CSCTL4_H                                  
00000188  CSCTL4_L                                  
0000018a  CSCTL5                                    
0000018b  CSCTL5_H                                  
0000018a  CSCTL5_L                                  
0000018c  CSCTL6                                    
0000018d  CSCTL6_H                                  
0000018c  CSCTL6_L                                  
0000018e  CSCTL7                                    
0000018f  CSCTL7_H                                  
0000018e  CSCTL7_L                                  
00000190  CSCTL8                                    
00000191  CSCTL8_H                                  
00000190  CSCTL8_L                                  
0000e8f6  CS_getSMCLK                               
0000df84  CS_initClockSignal                        
0000dc84  CS_initFLL                                
0000e7ae  CS_initFLLSettle                          
0000e99e  EUSCI_B_I2C_clearInterrupt                
0000e9f6  EUSCI_B_I2C_enable                        
0000e9aa  EUSCI_B_I2C_enableInterrupt               
0000e4fe  EUSCI_B_I2C_initMaster                    
0000e9d6  EUSCI_B_I2C_masterIsStopSent              
0000e880  EUSCI_B_I2C_masterSendMultiByteNext       
0000e8a2  EUSCI_B_I2C_masterSendMultiByteStop       
0000e9fc  EUSCI_B_I2C_masterSendStart               
0000e98e  EUSCI_B_I2C_setMode                       
0000e9b6  EUSCI_B_I2C_setSlaveAddress               
000001a0  FRCTL0                                    
000001a1  FRCTL0_H                                  
000001a0  FRCTL0_L                                  
000001a4  GCCTL0                                    
000001a5  GCCTL0_H                                  
000001a4  GCCTL0_L                                  
000001a6  GCCTL1                                    
000001a7  GCCTL1_H                                  
000001a6  GCCTL1_L                                  
0000e776  GPIO_setAsOutputPin                       
0000e42a  GPIO_setAsPeripheralModuleFunctionInputPin
0000e8be  GPIO_setOutputHighOnPin                   
000004c4  MAC                                       
000004da  MAC32H                                    
000004db  MAC32H_H                                  
000004da  MAC32H_L                                  
000004d8  MAC32L                                    
000004d9  MAC32L_H                                  
000004d8  MAC32L_L                                  
000004c6  MACS                                      
000004de  MACS32H                                   
000004df  MACS32H_H                                 
000004de  MACS32H_L                                 
000004dc  MACS32L                                   
000004dd  MACS32L_H                                 
000004dc  MACS32L_L                                 
000004c7  MACS_H                                    
000004c6  MACS_L                                    
000004c5  MAC_H                                     
000004c4  MAC_L                                     
000004c0  MPY                                       
000004ec  MPY32CTL0                                 
000004ed  MPY32CTL0_H                               
000004ec  MPY32CTL0_L                               
000004d2  MPY32H                                    
000004d3  MPY32H_H                                  
000004d2  MPY32H_L                                  
000004d0  MPY32L                                    
000004d1  MPY32L_H                                  
000004d0  MPY32L_L                                  
000004c2  MPYS                                      
000004d6  MPYS32H                                   
000004d7  MPYS32H_H                                 
000004d6  MPYS32H_L                                 
000004d4  MPYS32L                                   
000004d5  MPYS32L_H                                 
000004d4  MPYS32L_L                                 
000004c3  MPYS_H                                    
000004c2  MPYS_L                                    
000004c1  MPY_H                                     
000004c0  MPY_L                                     
000004c8  OP2                                       
000004e2  OP2H                                      
000004e3  OP2H_H                                    
000004e2  OP2H_L                                    
000004e0  OP2L                                      
000004e1  OP2L_H                                    
000004e0  OP2L_L                                    
000004c9  OP2_H                                     
000004c8  OP2_L                                     
0000020e  P1IV                                      
0000021e  P2IV                                      
00000204  PADIR                                     
00000205  PADIR_H                                   
00000204  PADIR_L                                   
0000021a  PAIE                                      
00000218  PAIES                                     
00000219  PAIES_H                                   
00000218  PAIES_L                                   
0000021b  PAIE_H                                    
0000021a  PAIE_L                                    
0000021c  PAIFG                                     
0000021d  PAIFG_H                                   
0000021c  PAIFG_L                                   
00000200  PAIN                                      
00000201  PAIN_H                                    
00000200  PAIN_L                                    
00000202  PAOUT                                     
00000203  PAOUT_H                                   
00000202  PAOUT_L                                   
00000206  PAREN                                     
00000207  PAREN_H                                   
00000206  PAREN_L                                   
0000020a  PASEL0                                    
0000020b  PASEL0_H                                  
0000020a  PASEL0_L                                  
0000020c  PASEL1                                    
0000020d  PASEL1_H                                  
0000020c  PASEL1_L                                  
00000224  PBDIR                                     
00000225  PBDIR_H                                   
00000224  PBDIR_L                                   
00000220  PBIN                                      
00000221  PBIN_H                                    
00000220  PBIN_L                                    
00000222  PBOUT                                     
00000223  PBOUT_H                                   
00000222  PBOUT_L                                   
00000226  PBREN                                     
00000227  PBREN_H                                   
00000226  PBREN_L                                   
0000022a  PBSEL0                                    
0000022b  PBSEL0_H                                  
0000022a  PBSEL0_L                                  
0000022c  PBSEL1                                    
0000022d  PBSEL1_H                                  
0000022c  PBSEL1_L                                  
00000130  PM5CTL0                                   
00000131  PM5CTL0_H                                 
00000130  PM5CTL0_L                                 
00000120  PMMCTL0                                   
00000121  PMMCTL0_H                                 
00000120  PMMCTL0_L                                 
00000122  PMMCTL1                                   
00000123  PMMCTL1_H                                 
00000122  PMMCTL1_L                                 
00000124  PMMCTL2                                   
00000125  PMMCTL2_H                                 
00000124  PMMCTL2_L                                 
0000012e  PMMIE                                     
0000012f  PMMIE_H                                   
0000012e  PMMIE_L                                   
0000012a  PMMIFG                                    
0000012b  PMMIFG_H                                  
0000012a  PMMIFG_L                                  
0000e9de  PMM_unlockLPM5                            
000004e4  RES0                                      
000004e5  RES0_H                                    
000004e4  RES0_L                                    
000004e6  RES1                                      
000004e7  RES1_H                                    
000004e6  RES1_L                                    
000004e8  RES2                                      
000004e9  RES2_H                                    
000004e8  RES2_L                                    
000004ea  RES3                                      
000004eb  RES3_H                                    
000004ea  RES3_L                                    
000004cc  RESHI                                     
000004cd  RESHI_H                                   
000004cc  RESHI_L                                   
000004ca  RESLO                                     
000004cb  RESLO_H                                   
000004ca  RESLO_L                                   
0000030c  RTCCNT                                    
0000030d  RTCCNT_H                                  
0000030c  RTCCNT_L                                  
00000300  RTCCTL                                    
00000301  RTCCTL_H                                  
00000300  RTCCTL_L                                  
00000304  RTCIV                                     
00000305  RTCIV_H                                   
00000304  RTCIV_L                                   
00000308  RTCMOD                                    
00000309  RTCMOD_H                                  
00000308  RTCMOD_L                                  
00000100  SFRIE1                                    
00000101  SFRIE1_H                                  
00000100  SFRIE1_L                                  
00000102  SFRIFG1                                   
00000103  SFRIFG1_H                                 
00000102  SFRIFG1_L                                 
00000104  SFRRPCR                                   
00000105  SFRRPCR_H                                 
00000104  SFRRPCR_L                                 
000004ce  SUMEXT                                    
000004cf  SUMEXT_H                                  
000004ce  SUMEXT_L                                  
00000158  SYSBERRIV                                 
00000159  SYSBERRIV_H                               
00000158  SYSBERRIV_L                               
00000142  SYSBSLC                                   
00000143  SYSBSLC_H                                 
00000142  SYSBSLC_L                                 
00000160  SYSCFG0                                   
00000161  SYSCFG0_H                                 
00000160  SYSCFG0_L                                 
00000162  SYSCFG1                                   
00000163  SYSCFG1_H                                 
00000162  SYSCFG1_L                                 
00000164  SYSCFG2                                   
00000165  SYSCFG2_H                                 
00000164  SYSCFG2_L                                 
00000140  SYSCTL                                    
00000141  SYSCTL_H                                  
00000140  SYSCTL_L                                  
00000146  SYSJMBC                                   
00000147  SYSJMBC_H                                 
00000146  SYSJMBC_L                                 
00000148  SYSJMBI0                                  
00000149  SYSJMBI0_H                                
00000148  SYSJMBI0_L                                
0000014a  SYSJMBI1                                  
0000014b  SYSJMBI1_H                                
0000014a  SYSJMBI1_L                                
0000014c  SYSJMBO0                                  
0000014d  SYSJMBO0_H                                
0000014c  SYSJMBO0_L                                
0000014e  SYSJMBO1                                  
0000014f  SYSJMBO1_H                                
0000014e  SYSJMBO1_L                                
0000015e  SYSRSTIV                                  
0000015f  SYSRSTIV_H                                
0000015e  SYSRSTIV_L                                
0000015c  SYSSNIV                                   
0000015d  SYSSNIV_H                                 
0000015c  SYSSNIV_L                                 
0000015a  SYSUNIV                                   
0000015b  SYSUNIV_H                                 
0000015a  SYSUNIV_L                                 
00000392  TA0CCR0                                   
00000394  TA0CCR1                                   
00000396  TA0CCR2                                   
00000382  TA0CCTL0                                  
00000384  TA0CCTL1                                  
00000386  TA0CCTL2                                  
00000380  TA0CTL                                    
000003a0  TA0EX0                                    
000003ae  TA0IV                                     
00000390  TA0R                                      
000003d2  TA1CCR0                                   
000003d4  TA1CCR1                                   
000003d6  TA1CCR2                                   
000003c2  TA1CCTL0                                  
000003c4  TA1CCTL1                                  
000003c6  TA1CCTL2                                  
000003c0  TA1CTL                                    
000003e0  TA1EX0                                    
000003ee  TA1IV                                     
000003d0  TA1R                                      
00000412  TA2CCR0                                   
00000414  TA2CCR1                                   
00000402  TA2CCTL0                                  
00000404  TA2CCTL1                                  
00000400  TA2CTL                                    
00000420  TA2EX0                                    
0000042e  TA2IV                                     
00000410  TA2R                                      
00000452  TA3CCR0                                   
00000454  TA3CCR1                                   
00000442  TA3CCTL0                                  
00000444  TA3CCTL1                                  
00000440  TA3CTL                                    
00000460  TA3EX0                                    
0000046e  TA3IV                                     
00000450  TA3R                                      
000020aa  TI_transmit_field                         
000020b8  TXByteCtr                                 
000020ae  TXData                                    
00000510  UCA0ABCTL                                 
00000506  UCA0BRW                                   
00000507  UCA0BRW_H                                 
00000506  UCA0BRW_L                                 
00000500  UCA0CTLW0                                 
00000501  UCA0CTLW0_H                               
00000500  UCA0CTLW0_L                               
00000502  UCA0CTLW1                                 
00000503  UCA0CTLW1_H                               
00000502  UCA0CTLW1_L                               
0000051a  UCA0IE                                    
0000051b  UCA0IE_H                                  
0000051a  UCA0IE_L                                  
0000051c  UCA0IFG                                   
0000051d  UCA0IFG_H                                 
0000051c  UCA0IFG_L                                 
00000512  UCA0IRCTL                                 
00000513  UCA0IRCTL_H                               
00000512  UCA0IRCTL_L                               
0000051e  UCA0IV                                    
00000508  UCA0MCTLW                                 
00000509  UCA0MCTLW_H                               
00000508  UCA0MCTLW_L                               
0000050c  UCA0RXBUF                                 
0000050d  UCA0RXBUF_H                               
0000050c  UCA0RXBUF_L                               
0000050a  UCA0STATW                                 
0000050e  UCA0TXBUF                                 
0000050f  UCA0TXBUF_H                               
0000050e  UCA0TXBUF_L                               
00000530  UCA1ABCTL                                 
00000526  UCA1BRW                                   
00000527  UCA1BRW_H                                 
00000526  UCA1BRW_L                                 
00000520  UCA1CTLW0                                 
00000521  UCA1CTLW0_H                               
00000520  UCA1CTLW0_L                               
00000522  UCA1CTLW1                                 
00000523  UCA1CTLW1_H                               
00000522  UCA1CTLW1_L                               
0000053a  UCA1IE                                    
0000053b  UCA1IE_H                                  
0000053a  UCA1IE_L                                  
0000053c  UCA1IFG                                   
0000053d  UCA1IFG_H                                 
0000053c  UCA1IFG_L                                 
00000532  UCA1IRCTL                                 
00000533  UCA1IRCTL_H                               
00000532  UCA1IRCTL_L                               
0000053e  UCA1IV                                    
00000528  UCA1MCTLW                                 
00000529  UCA1MCTLW_H                               
00000528  UCA1MCTLW_L                               
0000052c  UCA1RXBUF                                 
0000052d  UCA1RXBUF_H                               
0000052c  UCA1RXBUF_L                               
0000052a  UCA1STATW                                 
0000052e  UCA1TXBUF                                 
0000052f  UCA1TXBUF_H                               
0000052e  UCA1TXBUF_L                               
0000055e  UCB0ADDMASK                               
0000055f  UCB0ADDMASK_H                             
0000055e  UCB0ADDMASK_L                             
0000055c  UCB0ADDRX                                 
0000055d  UCB0ADDRX_H                               
0000055c  UCB0ADDRX_L                               
00000546  UCB0BRW                                   
00000547  UCB0BRW_H                                 
00000546  UCB0BRW_L                                 
00000540  UCB0CTLW0                                 
00000541  UCB0CTLW0_H                               
00000540  UCB0CTLW0_L                               
00000542  UCB0CTLW1                                 
00000543  UCB0CTLW1_H                               
00000542  UCB0CTLW1_L                               
00000554  UCB0I2COA0                                
00000555  UCB0I2COA0_H                              
00000554  UCB0I2COA0_L                              
00000556  UCB0I2COA1                                
00000557  UCB0I2COA1_H                              
00000556  UCB0I2COA1_L                              
00000558  UCB0I2COA2                                
00000559  UCB0I2COA2_H                              
00000558  UCB0I2COA2_L                              
0000055a  UCB0I2COA3                                
0000055b  UCB0I2COA3_H                              
0000055a  UCB0I2COA3_L                              
00000560  UCB0I2CSA                                 
00000561  UCB0I2CSA_H                               
00000560  UCB0I2CSA_L                               
0000056a  UCB0IE                                    
0000056b  UCB0IE_H                                  
0000056a  UCB0IE_L                                  
0000056c  UCB0IFG                                   
0000056d  UCB0IFG_H                                 
0000056c  UCB0IFG_L                                 
0000056e  UCB0IV                                    
0000054c  UCB0RXBUF                                 
0000054d  UCB0RXBUF_H                               
0000054c  UCB0RXBUF_L                               
00000548  UCB0STATW                                 
00000549  UCB0STATW_H                               
00000548  UCB0STATW_L                               
0000054a  UCB0TBCNT                                 
0000054b  UCB0TBCNT_H                               
0000054a  UCB0TBCNT_L                               
0000054e  UCB0TXBUF                                 
0000054f  UCB0TXBUF_H                               
0000054e  UCB0TXBUF_L                               
0000e5b4  USCIB0_ISR                                
000001cc  WDTCTL                                    
000001cd  WDTCTL_H                                  
000001cc  WDTCTL_L                                  
0000e926  WDT_A_hold                                
00003000  __STACK_END                               
000000a0  __STACK_SIZE                              
000000a0  __SYSMEM_SIZE                             
0000c428  __TI_CINIT_Base                           
0000c438  __TI_CINIT_Limit                          
0000c416  __TI_Handler_Table_Base                   
0000c422  __TI_Handler_Table_Limit                  
0000e9e6  __TI_ISR_TRAP                             
0000e664  __TI_auto_init_nobinit_nopinit_hold_wdt   
0000e3b4  __TI_decompress_lzss                      
0000e97c  __TI_decompress_none                      
0000ffda  __TI_int41                                
0000ffdc  __TI_int42                                
0000ffde  __TI_int43                                
0000ffe0  __TI_int44                                
0000ffe2  __TI_int45                                
0000ffe4  __TI_int46                                
0000ffe6  __TI_int47                                
0000ffe8  __TI_int48                                
0000ffea  __TI_int49                                
0000ffec  __TI_int50                                
0000ffee  __TI_int51                                
0000fff0  __TI_int52                                
0000fff2  __TI_int53                                
0000fff4  __TI_int54                                
0000fff6  __TI_int55                                
0000fff8  __TI_int56                                
0000fffa  __TI_int57                                
0000fffc  __TI_int58                                
ffffffff  __TI_pprof_out_hndl                       
ffffffff  __TI_prof_data_size                       
ffffffff  __TI_prof_data_start                      
0000e838  __TI_zero_init_nomemset                   
ffffffff  __c_args__                                
0000e7e2  __mspabi_divi                             
0000e6fa  __mspabi_divli                            
0000e93c  __mspabi_divu                             
0000e60c  __mspabi_divul                            
0000e90e  __mspabi_mpyi_f5hw                        
0000e85c  __mspabi_mpyl_f5hw                        
0000e7e2  __mspabi_remi                             
0000e6fa  __mspabi_remli                            
0000e93c  __mspabi_remu                             
0000e60c  __mspabi_remul                            
0000e9c2  __mspabi_slli                             
0000e9cc  __mspabi_srli                             
0000e8da  _c_int00_noargs                           
000020ba  _lock                                     
0000ea0c  _nop                                      
0000fffe  _reset_vector                             
00002f60  _stack                                    
00002000  _sys_memory                               
0000ea0e  _system_post_cinit                        
0000ea08  _system_pre_init                          
000020be  _unlock                                   
0000ea02  abort                                     
000020b6  data                                      
000020b2  dataBuffer                                
0000e496  draw12x16Str                              
0000de0c  draw6x8Str                                
0000db10  drawImage                                 
0000e55a  fillDisplay                               
0000c438  font12x16                                 
0000d638  font6x8                                   
0000e21c  free                                      
0000e0e8  i2c_init                                  
0000e73a  i2c_transmit                              
0000e182  main                                      
0000dec8  malloc                                    
0000e968  memcpy                                    
0000e6b8  minit                                     
0000e952  sendCommand                               
0000e9ee  sendData                                  
0000e80e  setCursor                                 
0000dd48  ssd1306Init                               


GLOBAL SYMBOLS: SORTED BY Symbol Address 

address   name                                      
-------   ----                                      
000000a0  __STACK_SIZE                              
000000a0  __SYSMEM_SIZE                             
00000100  SFRIE1                                    
00000100  SFRIE1_L                                  
00000101  SFRIE1_H                                  
00000102  SFRIFG1                                   
00000102  SFRIFG1_L                                 
00000103  SFRIFG1_H                                 
00000104  SFRRPCR                                   
00000104  SFRRPCR_L                                 
00000105  SFRRPCR_H                                 
00000120  PMMCTL0                                   
00000120  PMMCTL0_L                                 
00000121  PMMCTL0_H                                 
00000122  PMMCTL1                                   
00000122  PMMCTL1_L                                 
00000123  PMMCTL1_H                                 
00000124  PMMCTL2                                   
00000124  PMMCTL2_L                                 
00000125  PMMCTL2_H                                 
0000012a  PMMIFG                                    
0000012a  PMMIFG_L                                  
0000012b  PMMIFG_H                                  
0000012e  PMMIE                                     
0000012e  PMMIE_L                                   
0000012f  PMMIE_H                                   
00000130  PM5CTL0                                   
00000130  PM5CTL0_L                                 
00000131  PM5CTL0_H                                 
00000140  SYSCTL                                    
00000140  SYSCTL_L                                  
00000141  SYSCTL_H                                  
00000142  SYSBSLC                                   
00000142  SYSBSLC_L                                 
00000143  SYSBSLC_H                                 
00000146  SYSJMBC                                   
00000146  SYSJMBC_L                                 
00000147  SYSJMBC_H                                 
00000148  SYSJMBI0                                  
00000148  SYSJMBI0_L                                
00000149  SYSJMBI0_H                                
0000014a  SYSJMBI1                                  
0000014a  SYSJMBI1_L                                
0000014b  SYSJMBI1_H                                
0000014c  SYSJMBO0                                  
0000014c  SYSJMBO0_L                                
0000014d  SYSJMBO0_H                                
0000014e  SYSJMBO1                                  
0000014e  SYSJMBO1_L                                
0000014f  SYSJMBO1_H                                
00000158  SYSBERRIV                                 
00000158  SYSBERRIV_L                               
00000159  SYSBERRIV_H                               
0000015a  SYSUNIV                                   
0000015a  SYSUNIV_L                                 
0000015b  SYSUNIV_H                                 
0000015c  SYSSNIV                                   
0000015c  SYSSNIV_L                                 
0000015d  SYSSNIV_H                                 
0000015e  SYSRSTIV                                  
0000015e  SYSRSTIV_L                                
0000015f  SYSRSTIV_H                                
00000160  SYSCFG0                                   
00000160  SYSCFG0_L                                 
00000161  SYSCFG0_H                                 
00000162  SYSCFG1                                   
00000162  SYSCFG1_L                                 
00000163  SYSCFG1_H                                 
00000164  SYSCFG2                                   
00000164  SYSCFG2_L                                 
00000165  SYSCFG2_H                                 
00000180  CSCTL0                                    
00000180  CSCTL0_L                                  
00000181  CSCTL0_H                                  
00000182  CSCTL1                                    
00000182  CSCTL1_L                                  
00000183  CSCTL1_H                                  
00000184  CSCTL2                                    
00000184  CSCTL2_L                                  
00000185  CSCTL2_H                                  
00000186  CSCTL3                                    
00000186  CSCTL3_L                                  
00000187  CSCTL3_H                                  
00000188  CSCTL4                                    
00000188  CSCTL4_L                                  
00000189  CSCTL4_H                                  
0000018a  CSCTL5                                    
0000018a  CSCTL5_L                                  
0000018b  CSCTL5_H                                  
0000018c  CSCTL6                                    
0000018c  CSCTL6_L                                  
0000018d  CSCTL6_H                                  
0000018e  CSCTL7                                    
0000018e  CSCTL7_L                                  
0000018f  CSCTL7_H                                  
00000190  CSCTL8                                    
00000190  CSCTL8_L                                  
00000191  CSCTL8_H                                  
000001a0  FRCTL0                                    
000001a0  FRCTL0_L                                  
000001a1  FRCTL0_H                                  
000001a4  GCCTL0                                    
000001a4  GCCTL0_L                                  
000001a5  GCCTL0_H                                  
000001a6  GCCTL1                                    
000001a6  GCCTL1_L                                  
000001a7  GCCTL1_H                                  
000001c0  CRCDI                                     
000001c0  CRCDI_L                                   
000001c1  CRCDI_H                                   
000001c2  CRCDIRB                                   
000001c2  CRCDIRB_L                                 
000001c3  CRCDIRB_H                                 
000001c4  CRCINIRES                                 
000001c4  CRCINIRES_L                               
000001c5  CRCINIRES_H                               
000001c6  CRCRESR                                   
000001c6  CRCRESR_L                                 
000001c7  CRCRESR_H                                 
000001cc  WDTCTL                                    
000001cc  WDTCTL_L                                  
000001cd  WDTCTL_H                                  
00000200  PAIN                                      
00000200  PAIN_L                                    
00000201  PAIN_H                                    
00000202  PAOUT                                     
00000202  PAOUT_L                                   
00000203  PAOUT_H                                   
00000204  PADIR                                     
00000204  PADIR_L                                   
00000205  PADIR_H                                   
00000206  PAREN                                     
00000206  PAREN_L                                   
00000207  PAREN_H                                   
0000020a  PASEL0                                    
0000020a  PASEL0_L                                  
0000020b  PASEL0_H                                  
0000020c  PASEL1                                    
0000020c  PASEL1_L                                  
0000020d  PASEL1_H                                  
0000020e  P1IV                                      
00000218  PAIES                                     
00000218  PAIES_L                                   
00000219  PAIES_H                                   
0000021a  PAIE                                      
0000021a  PAIE_L                                    
0000021b  PAIE_H                                    
0000021c  PAIFG                                     
0000021c  PAIFG_L                                   
0000021d  PAIFG_H                                   
0000021e  P2IV                                      
00000220  PBIN                                      
00000220  PBIN_L                                    
00000221  PBIN_H                                    
00000222  PBOUT                                     
00000222  PBOUT_L                                   
00000223  PBOUT_H                                   
00000224  PBDIR                                     
00000224  PBDIR_L                                   
00000225  PBDIR_H                                   
00000226  PBREN                                     
00000226  PBREN_L                                   
00000227  PBREN_H                                   
0000022a  PBSEL0                                    
0000022a  PBSEL0_L                                  
0000022b  PBSEL0_H                                  
0000022c  PBSEL1                                    
0000022c  PBSEL1_L                                  
0000022d  PBSEL1_H                                  
00000300  RTCCTL                                    
00000300  RTCCTL_L                                  
00000301  RTCCTL_H                                  
00000304  RTCIV                                     
00000304  RTCIV_L                                   
00000305  RTCIV_H                                   
00000308  RTCMOD                                    
00000308  RTCMOD_L                                  
00000309  RTCMOD_H                                  
0000030c  RTCCNT                                    
0000030c  RTCCNT_L                                  
0000030d  RTCCNT_H                                  
00000380  TA0CTL                                    
00000382  TA0CCTL0                                  
00000384  TA0CCTL1                                  
00000386  TA0CCTL2                                  
00000390  TA0R                                      
00000392  TA0CCR0                                   
00000394  TA0CCR1                                   
00000396  TA0CCR2                                   
000003a0  TA0EX0                                    
000003ae  TA0IV                                     
000003c0  TA1CTL                                    
000003c2  TA1CCTL0                                  
000003c4  TA1CCTL1                                  
000003c6  TA1CCTL2                                  
000003d0  TA1R                                      
000003d2  TA1CCR0                                   
000003d4  TA1CCR1                                   
000003d6  TA1CCR2                                   
000003e0  TA1EX0                                    
000003ee  TA1IV                                     
00000400  TA2CTL                                    
00000402  TA2CCTL0                                  
00000404  TA2CCTL1                                  
00000410  TA2R                                      
00000412  TA2CCR0                                   
00000414  TA2CCR1                                   
00000420  TA2EX0                                    
0000042e  TA2IV                                     
00000440  TA3CTL                                    
00000442  TA3CCTL0                                  
00000444  TA3CCTL1                                  
00000450  TA3R                                      
00000452  TA3CCR0                                   
00000454  TA3CCR1                                   
00000460  TA3EX0                                    
0000046e  TA3IV                                     
000004c0  MPY                                       
000004c0  MPY_L                                     
000004c1  MPY_H                                     
000004c2  MPYS                                      
000004c2  MPYS_L                                    
000004c3  MPYS_H                                    
000004c4  MAC                                       
000004c4  MAC_L                                     
000004c5  MAC_H                                     
000004c6  MACS                                      
000004c6  MACS_L                                    
000004c7  MACS_H                                    
000004c8  OP2                                       
000004c8  OP2_L                                     
000004c9  OP2_H                                     
000004ca  RESLO                                     
000004ca  RESLO_L                                   
000004cb  RESLO_H                                   
000004cc  RESHI                                     
000004cc  RESHI_L                                   
000004cd  RESHI_H                                   
000004ce  SUMEXT                                    
000004ce  SUMEXT_L                                  
000004cf  SUMEXT_H                                  
000004d0  MPY32L                                    
000004d0  MPY32L_L                                  
000004d1  MPY32L_H                                  
000004d2  MPY32H                                    
000004d2  MPY32H_L                                  
000004d3  MPY32H_H                                  
000004d4  MPYS32L                                   
000004d4  MPYS32L_L                                 
000004d5  MPYS32L_H                                 
000004d6  MPYS32H                                   
000004d6  MPYS32H_L                                 
000004d7  MPYS32H_H                                 
000004d8  MAC32L                                    
000004d8  MAC32L_L                                  
000004d9  MAC32L_H                                  
000004da  MAC32H                                    
000004da  MAC32H_L                                  
000004db  MAC32H_H                                  
000004dc  MACS32L                                   
000004dc  MACS32L_L                                 
000004dd  MACS32L_H                                 
000004de  MACS32H                                   
000004de  MACS32H_L                                 
000004df  MACS32H_H                                 
000004e0  OP2L                                      
000004e0  OP2L_L                                    
000004e1  OP2L_H                                    
000004e2  OP2H                                      
000004e2  OP2H_L                                    
000004e3  OP2H_H                                    
000004e4  RES0                                      
000004e4  RES0_L                                    
000004e5  RES0_H                                    
000004e6  RES1                                      
000004e6  RES1_L                                    
000004e7  RES1_H                                    
000004e8  RES2                                      
000004e8  RES2_L                                    
000004e9  RES2_H                                    
000004ea  RES3                                      
000004ea  RES3_L                                    
000004eb  RES3_H                                    
000004ec  MPY32CTL0                                 
000004ec  MPY32CTL0_L                               
000004ed  MPY32CTL0_H                               
00000500  UCA0CTLW0                                 
00000500  UCA0CTLW0_L                               
00000501  UCA0CTLW0_H                               
00000502  UCA0CTLW1                                 
00000502  UCA0CTLW1_L                               
00000503  UCA0CTLW1_H                               
00000506  UCA0BRW                                   
00000506  UCA0BRW_L                                 
00000507  UCA0BRW_H                                 
00000508  UCA0MCTLW                                 
00000508  UCA0MCTLW_L                               
00000509  UCA0MCTLW_H                               
0000050a  UCA0STATW                                 
0000050c  UCA0RXBUF                                 
0000050c  UCA0RXBUF_L                               
0000050d  UCA0RXBUF_H                               
0000050e  UCA0TXBUF                                 
0000050e  UCA0TXBUF_L                               
0000050f  UCA0TXBUF_H                               
00000510  UCA0ABCTL                                 
00000512  UCA0IRCTL                                 
00000512  UCA0IRCTL_L                               
00000513  UCA0IRCTL_H                               
0000051a  UCA0IE                                    
0000051a  UCA0IE_L                                  
0000051b  UCA0IE_H                                  
0000051c  UCA0IFG                                   
0000051c  UCA0IFG_L                                 
0000051d  UCA0IFG_H                                 
0000051e  UCA0IV                                    
00000520  UCA1CTLW0                                 
00000520  UCA1CTLW0_L                               
00000521  UCA1CTLW0_H                               
00000522  UCA1CTLW1                                 
00000522  UCA1CTLW1_L                               
00000523  UCA1CTLW1_H                               
00000526  UCA1BRW                                   
00000526  UCA1BRW_L                                 
00000527  UCA1BRW_H                                 
00000528  UCA1MCTLW                                 
00000528  UCA1MCTLW_L                               
00000529  UCA1MCTLW_H                               
0000052a  UCA1STATW                                 
0000052c  UCA1RXBUF                                 
0000052c  UCA1RXBUF_L                               
0000052d  UCA1RXBUF_H                               
0000052e  UCA1TXBUF                                 
0000052e  UCA1TXBUF_L                               
0000052f  UCA1TXBUF_H                               
00000530  UCA1ABCTL                                 
00000532  UCA1IRCTL                                 
00000532  UCA1IRCTL_L                               
00000533  UCA1IRCTL_H                               
0000053a  UCA1IE                                    
0000053a  UCA1IE_L                                  
0000053b  UCA1IE_H                                  
0000053c  UCA1IFG                                   
0000053c  UCA1IFG_L                                 
0000053d  UCA1IFG_H                                 
0000053e  UCA1IV                                    
00000540  UCB0CTLW0                                 
00000540  UCB0CTLW0_L                               
00000541  UCB0CTLW0_H                               
00000542  UCB0CTLW1                                 
00000542  UCB0CTLW1_L                               
00000543  UCB0CTLW1_H                               
00000546  UCB0BRW                                   
00000546  UCB0BRW_L                                 
00000547  UCB0BRW_H                                 
00000548  UCB0STATW                                 
00000548  UCB0STATW_L                               
00000549  UCB0STATW_H                               
0000054a  UCB0TBCNT                                 
0000054a  UCB0TBCNT_L                               
0000054b  UCB0TBCNT_H                               
0000054c  UCB0RXBUF                                 
0000054c  UCB0RXBUF_L                               
0000054d  UCB0RXBUF_H                               
0000054e  UCB0TXBUF                                 
0000054e  UCB0TXBUF_L                               
0000054f  UCB0TXBUF_H                               
00000554  UCB0I2COA0                                
00000554  UCB0I2COA0_L                              
00000555  UCB0I2COA0_H                              
00000556  UCB0I2COA1                                
00000556  UCB0I2COA1_L                              
00000557  UCB0I2COA1_H                              
00000558  UCB0I2COA2                                
00000558  UCB0I2COA2_L                              
00000559  UCB0I2COA2_H                              
0000055a  UCB0I2COA3                                
0000055a  UCB0I2COA3_L                              
0000055b  UCB0I2COA3_H                              
0000055c  UCB0ADDRX                                 
0000055c  UCB0ADDRX_L                               
0000055d  UCB0ADDRX_H                               
0000055e  UCB0ADDMASK                               
0000055e  UCB0ADDMASK_L                             
0000055f  UCB0ADDMASK_H                             
00000560  UCB0I2CSA                                 
00000560  UCB0I2CSA_L                               
00000561  UCB0I2CSA_H                               
0000056a  UCB0IE                                    
0000056a  UCB0IE_L                                  
0000056b  UCB0IE_H                                  
0000056c  UCB0IFG                                   
0000056c  UCB0IFG_L                                 
0000056d  UCB0IFG_H                                 
0000056e  UCB0IV                                    
00000660  BAKMEM0                                   
00000660  BAKMEM0_L                                 
00000661  BAKMEM0_H                                 
00000662  BAKMEM1                                   
00000662  BAKMEM1_L                                 
00000663  BAKMEM1_H                                 
00000664  BAKMEM2                                   
00000664  BAKMEM2_L                                 
00000665  BAKMEM2_H                                 
00000666  BAKMEM3                                   
00000666  BAKMEM3_L                                 
00000667  BAKMEM3_H                                 
00000668  BAKMEM4                                   
00000668  BAKMEM4_L                                 
00000669  BAKMEM4_H                                 
0000066a  BAKMEM5                                   
0000066a  BAKMEM5_L                                 
0000066b  BAKMEM5_H                                 
0000066c  BAKMEM6                                   
0000066c  BAKMEM6_L                                 
0000066d  BAKMEM6_H                                 
0000066e  BAKMEM7                                   
0000066e  BAKMEM7_L                                 
0000066f  BAKMEM7_H                                 
00000670  BAKMEM8                                   
00000670  BAKMEM8_L                                 
00000671  BAKMEM8_H                                 
00000672  BAKMEM9                                   
00000672  BAKMEM9_L                                 
00000673  BAKMEM9_H                                 
00000674  BAKMEM10                                  
00000674  BAKMEM10_L                                
00000675  BAKMEM10_H                                
00000676  BAKMEM11                                  
00000676  BAKMEM11_L                                
00000677  BAKMEM11_H                                
00000678  BAKMEM12                                  
00000678  BAKMEM12_L                                
00000679  BAKMEM12_H                                
0000067a  BAKMEM13                                  
0000067a  BAKMEM13_L                                
0000067b  BAKMEM13_H                                
0000067c  BAKMEM14                                  
0000067c  BAKMEM14_L                                
0000067d  BAKMEM14_H                                
0000067e  BAKMEM15                                  
0000067e  BAKMEM15_L                                
0000067f  BAKMEM15_H                                
00000700  ADCCTL0                                   
00000700  ADCCTL0_L                                 
00000701  ADCCTL0_H                                 
00000702  ADCCTL1                                   
00000702  ADCCTL1_L                                 
00000703  ADCCTL1_H                                 
00000704  ADCCTL2                                   
00000704  ADCCTL2_L                                 
00000705  ADCCTL2_H                                 
00000706  ADCLO                                     
00000706  ADCLO_L                                   
00000707  ADCLO_H                                   
00000708  ADCHI                                     
00000708  ADCHI_L                                   
00000709  ADCHI_H                                   
0000070a  ADCMCTL0                                  
0000070a  ADCMCTL0_L                                
0000070b  ADCMCTL0_H                                
00000712  ADCMEM0                                   
00000712  ADCMEM0_L                                 
00000713  ADCMEM0_H                                 
0000071a  ADCIE                                     
0000071a  ADCIE_L                                   
0000071b  ADCIE_H                                   
0000071c  ADCIFG                                    
0000071c  ADCIFG_L                                  
0000071d  ADCIFG_H                                  
0000071e  ADCIV                                     
0000071e  ADCIV_L                                   
0000071f  ADCIV_H                                   
00002000  _sys_memory                               
000020aa  TI_transmit_field                         
000020ae  TXData                                    
000020b2  dataBuffer                                
000020b6  data                                      
000020b8  TXByteCtr                                 
000020ba  _lock                                     
000020be  _unlock                                   
00002f60  _stack                                    
00003000  __STACK_END                               
0000c416  __TI_Handler_Table_Base                   
0000c422  __TI_Handler_Table_Limit                  
0000c428  __TI_CINIT_Base                           
0000c438  __TI_CINIT_Limit                          
0000c438  font12x16                                 
0000d638  font6x8                                   
0000db10  drawImage                                 
0000dc84  CS_initFLL                                
0000dd48  ssd1306Init                               
0000de0c  draw6x8Str                                
0000dec8  malloc                                    
0000df84  CS_initClockSignal                        
0000e0e8  i2c_init                                  
0000e182  main                                      
0000e21c  free                                      
0000e3b4  __TI_decompress_lzss                      
0000e42a  GPIO_setAsPeripheralModuleFunctionInputPin
0000e496  draw12x16Str                              
0000e4fe  EUSCI_B_I2C_initMaster                    
0000e55a  fillDisplay                               
0000e5b4  USCIB0_ISR                                
0000e60c  __mspabi_divul                            
0000e60c  __mspabi_remul                            
0000e664  __TI_auto_init_nobinit_nopinit_hold_wdt   
0000e6b8  minit                                     
0000e6fa  __mspabi_divli                            
0000e6fa  __mspabi_remli                            
0000e73a  i2c_transmit                              
0000e776  GPIO_setAsOutputPin                       
0000e7ae  CS_initFLLSettle                          
0000e7e2  __mspabi_divi                             
0000e7e2  __mspabi_remi                             
0000e80e  setCursor                                 
0000e838  __TI_zero_init_nomemset                   
0000e85c  __mspabi_mpyl_f5hw                        
0000e880  EUSCI_B_I2C_masterSendMultiByteNext       
0000e8a2  EUSCI_B_I2C_masterSendMultiByteStop       
0000e8be  GPIO_setOutputHighOnPin                   
0000e8da  _c_int00_noargs                           
0000e8f6  CS_getSMCLK                               
0000e90e  __mspabi_mpyi_f5hw                        
0000e926  WDT_A_hold                                
0000e93c  __mspabi_divu                             
0000e93c  __mspabi_remu                             
0000e952  sendCommand                               
0000e968  memcpy                                    
0000e97c  __TI_decompress_none                      
0000e98e  EUSCI_B_I2C_setMode                       
0000e99e  EUSCI_B_I2C_clearInterrupt                
0000e9aa  EUSCI_B_I2C_enableInterrupt               
0000e9b6  EUSCI_B_I2C_setSlaveAddress               
0000e9c2  __mspabi_slli                             
0000e9cc  __mspabi_srli                             
0000e9d6  EUSCI_B_I2C_masterIsStopSent              
0000e9de  PMM_unlockLPM5                            
0000e9e6  __TI_ISR_TRAP                             
0000e9ee  sendData                                  
0000e9f6  EUSCI_B_I2C_enable                        
0000e9fc  EUSCI_B_I2C_masterSendStart               
0000ea02  C$$EXIT                                   
0000ea02  abort                                     
0000ea08  _system_pre_init                          
0000ea0c  _nop                                      
0000ea0e  _system_post_cinit                        
0000ffda  __TI_int41                                
0000ffdc  __TI_int42                                
0000ffde  __TI_int43                                
0000ffe0  __TI_int44                                
0000ffe2  __TI_int45                                
0000ffe4  __TI_int46                                
0000ffe6  __TI_int47                                
0000ffe8  __TI_int48                                
0000ffea  __TI_int49                                
0000ffec  __TI_int50                                
0000ffee  __TI_int51                                
0000fff0  __TI_int52                                
0000fff2  __TI_int53                                
0000fff4  __TI_int54                                
0000fff6  __TI_int55                                
0000fff8  __TI_int56                                
0000fffa  __TI_int57                                
0000fffc  __TI_int58                                
0000fffe  _reset_vector                             
ffffffff  __TI_pprof_out_hndl                       
ffffffff  __TI_prof_data_size                       
ffffffff  __TI_prof_data_start                      
ffffffff  __c_args__                                

[570 symbols]
