<?xml version="1.0" encoding="ISO-8859-1" ?>
<link_info>
   <banner>MSP430 Linker PC v18.12.3.LTS</banner>
   <copyright>Copyright (c) 2003-2018 Texas Instruments Incorporated</copyright>
   <link_time>0x5d9b8214</link_time>
   <link_errors>0x0</link_errors>
   <output_file>fr2433-spi-oled.out</output_file>
   <entry_point>
      <name>_c_int00_noargs</name>
      <address>0xdc0e</address>
   </entry_point>
   <input_file_list>
      <input_file id="fl-2">
         <path>.\</path>
         <kind>object</kind>
         <file>esp8266.obj</file>
         <name>esp8266.obj</name>
      </input_file>
      <input_file id="fl-3">
         <path>.\</path>
         <kind>object</kind>
         <file>initialization.obj</file>
         <name>initialization.obj</name>
      </input_file>
      <input_file id="fl-4">
         <path>.\</path>
         <kind>object</kind>
         <file>interrupt.obj</file>
         <name>interrupt.obj</name>
      </input_file>
      <input_file id="fl-5">
         <path>.\</path>
         <kind>object</kind>
         <file>main.obj</file>
         <name>main.obj</name>
      </input_file>
      <input_file id="fl-6">
         <path>.\</path>
         <kind>object</kind>
         <file>mqtt.obj</file>
         <name>mqtt.obj</name>
      </input_file>
      <input_file id="fl-7">
         <path>.\driverlib\MSP430FR2xx_4xx\</path>
         <kind>object</kind>
         <file>adc.obj</file>
         <name>adc.obj</name>
      </input_file>
      <input_file id="fl-8">
         <path>.\driverlib\MSP430FR2xx_4xx\</path>
         <kind>object</kind>
         <file>crc.obj</file>
         <name>crc.obj</name>
      </input_file>
      <input_file id="fl-9">
         <path>.\driverlib\MSP430FR2xx_4xx\</path>
         <kind>object</kind>
         <file>cs.obj</file>
         <name>cs.obj</name>
      </input_file>
      <input_file id="fl-a">
         <path>.\driverlib\MSP430FR2xx_4xx\</path>
         <kind>object</kind>
         <file>ecomp.obj</file>
         <name>ecomp.obj</name>
      </input_file>
      <input_file id="fl-b">
         <path>.\driverlib\MSP430FR2xx_4xx\</path>
         <kind>object</kind>
         <file>eusci_a_spi.obj</file>
         <name>eusci_a_spi.obj</name>
      </input_file>
      <input_file id="fl-c">
         <path>.\driverlib\MSP430FR2xx_4xx\</path>
         <kind>object</kind>
         <file>eusci_a_uart.obj</file>
         <name>eusci_a_uart.obj</name>
      </input_file>
      <input_file id="fl-d">
         <path>.\driverlib\MSP430FR2xx_4xx\</path>
         <kind>object</kind>
         <file>eusci_b_i2c.obj</file>
         <name>eusci_b_i2c.obj</name>
      </input_file>
      <input_file id="fl-e">
         <path>.\driverlib\MSP430FR2xx_4xx\</path>
         <kind>object</kind>
         <file>eusci_b_spi.obj</file>
         <name>eusci_b_spi.obj</name>
      </input_file>
      <input_file id="fl-f">
         <path>.\driverlib\MSP430FR2xx_4xx\</path>
         <kind>object</kind>
         <file>framctl.obj</file>
         <name>framctl.obj</name>
      </input_file>
      <input_file id="fl-10">
         <path>.\driverlib\MSP430FR2xx_4xx\</path>
         <kind>object</kind>
         <file>gpio.obj</file>
         <name>gpio.obj</name>
      </input_file>
      <input_file id="fl-11">
         <path>.\driverlib\MSP430FR2xx_4xx\</path>
         <kind>object</kind>
         <file>icc.obj</file>
         <name>icc.obj</name>
      </input_file>
      <input_file id="fl-12">
         <path>.\driverlib\MSP430FR2xx_4xx\</path>
         <kind>object</kind>
         <file>lcd_e.obj</file>
         <name>lcd_e.obj</name>
      </input_file>
      <input_file id="fl-13">
         <path>.\driverlib\MSP430FR2xx_4xx\</path>
         <kind>object</kind>
         <file>mpy32.obj</file>
         <name>mpy32.obj</name>
      </input_file>
      <input_file id="fl-14">
         <path>.\driverlib\MSP430FR2xx_4xx\</path>
         <kind>object</kind>
         <file>pmm.obj</file>
         <name>pmm.obj</name>
      </input_file>
      <input_file id="fl-15">
         <path>.\driverlib\MSP430FR2xx_4xx\</path>
         <kind>object</kind>
         <file>rtc.obj</file>
         <name>rtc.obj</name>
      </input_file>
      <input_file id="fl-16">
         <path>.\driverlib\MSP430FR2xx_4xx\</path>
         <kind>object</kind>
         <file>sac.obj</file>
         <name>sac.obj</name>
      </input_file>
      <input_file id="fl-17">
         <path>.\driverlib\MSP430FR2xx_4xx\</path>
         <kind>object</kind>
         <file>sfr.obj</file>
         <name>sfr.obj</name>
      </input_file>
      <input_file id="fl-18">
         <path>.\driverlib\MSP430FR2xx_4xx\</path>
         <kind>object</kind>
         <file>sysctl.obj</file>
         <name>sysctl.obj</name>
      </input_file>
      <input_file id="fl-19">
         <path>.\driverlib\MSP430FR2xx_4xx\</path>
         <kind>object</kind>
         <file>tia.obj</file>
         <name>tia.obj</name>
      </input_file>
      <input_file id="fl-1a">
         <path>.\driverlib\MSP430FR2xx_4xx\</path>
         <kind>object</kind>
         <file>timer_a.obj</file>
         <name>timer_a.obj</name>
      </input_file>
      <input_file id="fl-1b">
         <path>.\driverlib\MSP430FR2xx_4xx\</path>
         <kind>object</kind>
         <file>timer_b.obj</file>
         <name>timer_b.obj</name>
      </input_file>
      <input_file id="fl-1c">
         <path>.\driverlib\MSP430FR2xx_4xx\</path>
         <kind>object</kind>
         <file>tlv.obj</file>
         <name>tlv.obj</name>
      </input_file>
      <input_file id="fl-1d">
         <path>.\driverlib\MSP430FR2xx_4xx\</path>
         <kind>object</kind>
         <file>wdt_a.obj</file>
         <name>wdt_a.obj</name>
      </input_file>
      <input_file id="fl-24">
         <kind>object</kind>
         <file>&lt;internal&gt;</file>
         <name>&lt;internal&gt;</name>
      </input_file>
      <input_file id="fl-25">
         <path>C:\Users\ugur\workspace_v9\ssd1306-oled-driver-lib\Debug\</path>
         <kind>archive</kind>
         <file>ssd1306-oled-driver-lib.lib</file>
         <name>ssd1306Driver.obj</name>
      </input_file>
      <input_file id="fl-40">
         <path>C:\ti\ccs910\ccs\tools\compiler\ti-cgt-msp430_18.12.3.LTS\lib\</path>
         <kind>archive</kind>
         <file>rts430x_lc_rd_eabi.lib</file>
         <name>div16s.asm.obj</name>
      </input_file>
      <input_file id="fl-41">
         <path>C:\ti\ccs910\ccs\tools\compiler\ti-cgt-msp430_18.12.3.LTS\lib\</path>
         <kind>archive</kind>
         <file>rts430x_lc_rd_eabi.lib</file>
         <name>div16u.asm.obj</name>
      </input_file>
      <input_file id="fl-42">
         <path>C:\ti\ccs910\ccs\tools\compiler\ti-cgt-msp430_18.12.3.LTS\lib\</path>
         <kind>archive</kind>
         <file>rts430x_lc_rd_eabi.lib</file>
         <name>div32s.asm.obj</name>
      </input_file>
      <input_file id="fl-43">
         <path>C:\ti\ccs910\ccs\tools\compiler\ti-cgt-msp430_18.12.3.LTS\lib\</path>
         <kind>archive</kind>
         <file>rts430x_lc_rd_eabi.lib</file>
         <name>div32u.asm.obj</name>
      </input_file>
      <input_file id="fl-44">
         <path>C:\ti\ccs910\ccs\tools\compiler\ti-cgt-msp430_18.12.3.LTS\lib\</path>
         <kind>archive</kind>
         <file>rts430x_lc_rd_eabi.lib</file>
         <name>int42.asm.obj</name>
      </input_file>
      <input_file id="fl-45">
         <path>C:\ti\ccs910\ccs\tools\compiler\ti-cgt-msp430_18.12.3.LTS\lib\</path>
         <kind>archive</kind>
         <file>rts430x_lc_rd_eabi.lib</file>
         <name>int43.asm.obj</name>
      </input_file>
      <input_file id="fl-46">
         <path>C:\ti\ccs910\ccs\tools\compiler\ti-cgt-msp430_18.12.3.LTS\lib\</path>
         <kind>archive</kind>
         <file>rts430x_lc_rd_eabi.lib</file>
         <name>int44.asm.obj</name>
      </input_file>
      <input_file id="fl-47">
         <path>C:\ti\ccs910\ccs\tools\compiler\ti-cgt-msp430_18.12.3.LTS\lib\</path>
         <kind>archive</kind>
         <file>rts430x_lc_rd_eabi.lib</file>
         <name>int47.asm.obj</name>
      </input_file>
      <input_file id="fl-48">
         <path>C:\ti\ccs910\ccs\tools\compiler\ti-cgt-msp430_18.12.3.LTS\lib\</path>
         <kind>archive</kind>
         <file>rts430x_lc_rd_eabi.lib</file>
         <name>int48.asm.obj</name>
      </input_file>
      <input_file id="fl-49">
         <path>C:\ti\ccs910\ccs\tools\compiler\ti-cgt-msp430_18.12.3.LTS\lib\</path>
         <kind>archive</kind>
         <file>rts430x_lc_rd_eabi.lib</file>
         <name>int49.asm.obj</name>
      </input_file>
      <input_file id="fl-4a">
         <path>C:\ti\ccs910\ccs\tools\compiler\ti-cgt-msp430_18.12.3.LTS\lib\</path>
         <kind>archive</kind>
         <file>rts430x_lc_rd_eabi.lib</file>
         <name>int50.asm.obj</name>
      </input_file>
      <input_file id="fl-4b">
         <path>C:\ti\ccs910\ccs\tools\compiler\ti-cgt-msp430_18.12.3.LTS\lib\</path>
         <kind>archive</kind>
         <file>rts430x_lc_rd_eabi.lib</file>
         <name>int51.asm.obj</name>
      </input_file>
      <input_file id="fl-4c">
         <path>C:\ti\ccs910\ccs\tools\compiler\ti-cgt-msp430_18.12.3.LTS\lib\</path>
         <kind>archive</kind>
         <file>rts430x_lc_rd_eabi.lib</file>
         <name>int52.asm.obj</name>
      </input_file>
      <input_file id="fl-4d">
         <path>C:\ti\ccs910\ccs\tools\compiler\ti-cgt-msp430_18.12.3.LTS\lib\</path>
         <kind>archive</kind>
         <file>rts430x_lc_rd_eabi.lib</file>
         <name>int54.asm.obj</name>
      </input_file>
      <input_file id="fl-4e">
         <path>C:\ti\ccs910\ccs\tools\compiler\ti-cgt-msp430_18.12.3.LTS\lib\</path>
         <kind>archive</kind>
         <file>rts430x_lc_rd_eabi.lib</file>
         <name>int55.asm.obj</name>
      </input_file>
      <input_file id="fl-4f">
         <path>C:\ti\ccs910\ccs\tools\compiler\ti-cgt-msp430_18.12.3.LTS\lib\</path>
         <kind>archive</kind>
         <file>rts430x_lc_rd_eabi.lib</file>
         <name>int56.asm.obj</name>
      </input_file>
      <input_file id="fl-50">
         <path>C:\ti\ccs910\ccs\tools\compiler\ti-cgt-msp430_18.12.3.LTS\lib\</path>
         <kind>archive</kind>
         <file>rts430x_lc_rd_eabi.lib</file>
         <name>int57.asm.obj</name>
      </input_file>
      <input_file id="fl-51">
         <path>C:\ti\ccs910\ccs\tools\compiler\ti-cgt-msp430_18.12.3.LTS\lib\</path>
         <kind>archive</kind>
         <file>rts430x_lc_rd_eabi.lib</file>
         <name>int58.asm.obj</name>
      </input_file>
      <input_file id="fl-52">
         <path>C:\ti\ccs910\ccs\tools\compiler\ti-cgt-msp430_18.12.3.LTS\lib\</path>
         <kind>archive</kind>
         <file>rts430x_lc_rd_eabi.lib</file>
         <name>isr_trap.asm.obj</name>
      </input_file>
      <input_file id="fl-53">
         <path>C:\ti\ccs910\ccs\tools\compiler\ti-cgt-msp430_18.12.3.LTS\lib\</path>
         <kind>archive</kind>
         <file>rts430x_lc_rd_eabi.lib</file>
         <name>lsl16.asm.obj</name>
      </input_file>
      <input_file id="fl-54">
         <path>C:\ti\ccs910\ccs\tools\compiler\ti-cgt-msp430_18.12.3.LTS\lib\</path>
         <kind>archive</kind>
         <file>rts430x_lc_rd_eabi.lib</file>
         <name>mult16.asm.obj</name>
      </input_file>
      <input_file id="fl-55">
         <path>C:\ti\ccs910\ccs\tools\compiler\ti-cgt-msp430_18.12.3.LTS\lib\</path>
         <kind>archive</kind>
         <file>rts430x_lc_rd_eabi.lib</file>
         <name>mult16_f5hw.asm.obj</name>
      </input_file>
      <input_file id="fl-56">
         <path>C:\ti\ccs910\ccs\tools\compiler\ti-cgt-msp430_18.12.3.LTS\lib\</path>
         <kind>archive</kind>
         <file>rts430x_lc_rd_eabi.lib</file>
         <name>mult1632_f5hw.asm.obj</name>
      </input_file>
      <input_file id="fl-57">
         <path>C:\ti\ccs910\ccs\tools\compiler\ti-cgt-msp430_18.12.3.LTS\lib\</path>
         <kind>archive</kind>
         <file>rts430x_lc_rd_eabi.lib</file>
         <name>mult32.asm.obj</name>
      </input_file>
      <input_file id="fl-58">
         <path>C:\ti\ccs910\ccs\tools\compiler\ti-cgt-msp430_18.12.3.LTS\lib\</path>
         <kind>archive</kind>
         <file>rts430x_lc_rd_eabi.lib</file>
         <name>mult32_f5hw.asm.obj</name>
      </input_file>
      <input_file id="fl-59">
         <path>C:\ti\ccs910\ccs\tools\compiler\ti-cgt-msp430_18.12.3.LTS\lib\</path>
         <kind>archive</kind>
         <file>rts430x_lc_rd_eabi.lib</file>
         <name>mult3264_f5hw.asm.obj</name>
      </input_file>
      <input_file id="fl-5a">
         <path>C:\ti\ccs910\ccs\tools\compiler\ti-cgt-msp430_18.12.3.LTS\lib\</path>
         <kind>archive</kind>
         <file>rts430x_lc_rd_eabi.lib</file>
         <name>mult64_f5hw.asm.obj</name>
      </input_file>
      <input_file id="fl-5b">
         <path>C:\ti\ccs910\ccs\tools\compiler\ti-cgt-msp430_18.12.3.LTS\lib\</path>
         <kind>archive</kind>
         <file>rts430x_lc_rd_eabi.lib</file>
         <name>boot.c.obj</name>
      </input_file>
      <input_file id="fl-5c">
         <path>C:\ti\ccs910\ccs\tools\compiler\ti-cgt-msp430_18.12.3.LTS\lib\</path>
         <kind>archive</kind>
         <file>rts430x_lc_rd_eabi.lib</file>
         <name>autoinit.c.obj</name>
      </input_file>
      <input_file id="fl-5d">
         <path>C:\ti\ccs910\ccs\tools\compiler\ti-cgt-msp430_18.12.3.LTS\lib\</path>
         <kind>archive</kind>
         <file>rts430x_lc_rd_eabi.lib</file>
         <name>copy_zero_init.c.obj</name>
      </input_file>
      <input_file id="fl-5e">
         <path>C:\ti\ccs910\ccs\tools\compiler\ti-cgt-msp430_18.12.3.LTS\lib\</path>
         <kind>archive</kind>
         <file>rts430x_lc_rd_eabi.lib</file>
         <name>cpy_tbl.c.obj</name>
      </input_file>
      <input_file id="fl-5f">
         <path>C:\ti\ccs910\ccs\tools\compiler\ti-cgt-msp430_18.12.3.LTS\lib\</path>
         <kind>archive</kind>
         <file>rts430x_lc_rd_eabi.lib</file>
         <name>mpu_init.c.obj</name>
      </input_file>
      <input_file id="fl-60">
         <path>C:\ti\ccs910\ccs\tools\compiler\ti-cgt-msp430_18.12.3.LTS\lib\</path>
         <kind>archive</kind>
         <file>rts430x_lc_rd_eabi.lib</file>
         <name>pre_init.c.obj</name>
      </input_file>
      <input_file id="fl-61">
         <path>C:\ti\ccs910\ccs\tools\compiler\ti-cgt-msp430_18.12.3.LTS\lib\</path>
         <kind>archive</kind>
         <file>rts430x_lc_rd_eabi.lib</file>
         <name>startup.c.obj</name>
      </input_file>
      <input_file id="fl-62">
         <path>C:\ti\ccs910\ccs\tools\compiler\ti-cgt-msp430_18.12.3.LTS\lib\</path>
         <kind>archive</kind>
         <file>rts430x_lc_rd_eabi.lib</file>
         <name>copy_decompress_none.c.obj</name>
      </input_file>
      <input_file id="fl-63">
         <path>C:\ti\ccs910\ccs\tools\compiler\ti-cgt-msp430_18.12.3.LTS\lib\</path>
         <kind>archive</kind>
         <file>rts430x_lc_rd_eabi.lib</file>
         <name>copy_decompress_lzss.c.obj</name>
      </input_file>
      <input_file id="fl-64">
         <path>C:\ti\ccs910\ccs\tools\compiler\ti-cgt-msp430_18.12.3.LTS\lib\</path>
         <kind>archive</kind>
         <file>rts430x_lc_rd_eabi.lib</file>
         <name>exit.c.obj</name>
      </input_file>
      <input_file id="fl-65">
         <path>C:\ti\ccs910\ccs\tools\compiler\ti-cgt-msp430_18.12.3.LTS\lib\</path>
         <kind>archive</kind>
         <file>rts430x_lc_rd_eabi.lib</file>
         <name>_lock.c.obj</name>
      </input_file>
      <input_file id="fl-66">
         <path>C:\ti\ccs910\ccs\tools\compiler\ti-cgt-msp430_18.12.3.LTS\lib\</path>
         <kind>archive</kind>
         <file>rts430x_lc_rd_eabi.lib</file>
         <name>args_main.c.obj</name>
      </input_file>
      <input_file id="fl-67">
         <path>C:\ti\ccs910\ccs\tools\compiler\ti-cgt-msp430_18.12.3.LTS\lib\</path>
         <kind>archive</kind>
         <file>rts430x_lc_rd_eabi.lib</file>
         <name>memcpy.c.obj</name>
      </input_file>
      <input_file id="fl-68">
         <path>C:\ti\ccs910\ccs\tools\compiler\ti-cgt-msp430_18.12.3.LTS\lib\</path>
         <kind>archive</kind>
         <file>rts430x_lc_rd_eabi.lib</file>
         <name>memset.c.obj</name>
      </input_file>
      <input_file id="fl-69">
         <path>C:\ti\ccs910\ccs\tools\compiler\ti-cgt-msp430_18.12.3.LTS\lib\</path>
         <kind>archive</kind>
         <file>rts430x_lc_rd_eabi.lib</file>
         <name>exit_gvars.c.obj</name>
      </input_file>
   </input_file_list>
   <object_component_list>
      <object_component id="oc-69a">
         <name>.cinit..data.load</name>
         <load_address>0xc400</load_address>
         <run_address>0xc400</run_address>
         <size>0x1b</size>
      </object_component>
      <object_component id="oc-697">
         <name>__TI_handler_table</name>
         <load_address>0xc41c</load_address>
         <run_address>0xc41c</run_address>
         <size>0xc</size>
      </object_component>
      <object_component id="oc-699">
         <name>.cinit..bss.load</name>
         <load_address>0xc428</load_address>
         <run_address>0xc428</run_address>
         <size>0x6</size>
      </object_component>
      <object_component id="oc-698">
         <name>__TI_cinit_table</name>
         <load_address>0xc42e</load_address>
         <run_address>0xc42e</run_address>
         <size>0x10</size>
      </object_component>
      <object_component id="oc-62f">
         <name>.binit</name>
         <load_address>0xc43e</load_address>
         <run_address>0xc43e</run_address>
         <size>0x0</size>
      </object_component>
      <object_component id="oc-395">
         <name>.const:.string:font5x7</name>
         <load_address>0xc43e</load_address>
         <run_address>0xc43e</run_address>
         <size>0x240</size>
         <input_file_ref idref="fl-25"/>
      </object_component>
      <object_component id="oc-3f0">
         <name>.const:.string</name>
         <load_address>0xc67e</load_address>
         <run_address>0xc67e</run_address>
         <size>0x6a</size>
         <input_file_ref idref="fl-5"/>
      </object_component>
      <object_component id="oc-3f7">
         <name>.const:.string:conn_package</name>
         <load_address>0xc6e8</load_address>
         <run_address>0xc6e8</run_address>
         <size>0x3c</size>
         <input_file_ref idref="fl-5"/>
      </object_component>
      <object_component id="oc-3a6">
         <name>.const:.string</name>
         <load_address>0xc724</load_address>
         <run_address>0xc724</run_address>
         <size>0x3c</size>
         <input_file_ref idref="fl-6"/>
      </object_component>
      <object_component id="oc-51b">
         <name>.const:GPIO_PORT_TO_BASE</name>
         <load_address>0xc760</load_address>
         <run_address>0xc760</run_address>
         <size>0x1c</size>
         <input_file_ref idref="fl-10"/>
      </object_component>
      <object_component id="oc-4c6">
         <name>.const:$P$T1$2</name>
         <load_address>0xc77c</load_address>
         <run_address>0xc77c</run_address>
         <size>0x12</size>
         <input_file_ref idref="fl-3"/>
      </object_component>
      <object_component id="oc-4e1">
         <name>.const:$P$T2$3</name>
         <load_address>0xc78e</load_address>
         <run_address>0xc78e</run_address>
         <size>0x10</size>
         <input_file_ref idref="fl-3"/>
      </object_component>
      <object_component id="oc-502">
         <name>.const:$P$T3$4</name>
         <load_address>0xc79e</load_address>
         <run_address>0xc79e</run_address>
         <size>0x10</size>
         <input_file_ref idref="fl-3"/>
      </object_component>
      <object_component id="oc-50c">
         <name>.const:$P$T4$5</name>
         <load_address>0xc7ae</load_address>
         <run_address>0xc7ae</run_address>
         <size>0xe</size>
         <input_file_ref idref="fl-3"/>
      </object_component>
      <object_component id="oc-474">
         <name>.const:$P$T0$1</name>
         <load_address>0xc7bc</load_address>
         <run_address>0xc7bc</run_address>
         <size>0x6</size>
         <input_file_ref idref="fl-3"/>
      </object_component>
      <object_component id="oc-576">
         <name>.text:privateCSComputeDCOFTrim</name>
         <load_address>0xc7c2</load_address>
         <run_address>0xc7c2</run_address>
         <size>0x17c</size>
         <input_file_ref idref="fl-9"/>
      </object_component>
      <object_component id="oc-340">
         <name>.text:main</name>
         <load_address>0xc93e</load_address>
         <run_address>0xc93e</run_address>
         <size>0x118</size>
         <input_file_ref idref="fl-5"/>
      </object_component>
      <object_component id="oc-477">
         <name>.text:CS_initFLLCalculateTrim</name>
         <load_address>0xca56</load_address>
         <run_address>0xca56</run_address>
         <size>0x10a</size>
         <input_file_ref idref="fl-9"/>
      </object_component>
      <object_component id="oc-3ea">
         <name>.text:OLED_ssd1306Init</name>
         <load_address>0xcb60</load_address>
         <run_address>0xcb60</run_address>
         <size>0xe2</size>
         <input_file_ref idref="fl-25"/>
      </object_component>
      <object_component id="oc-309">
         <name>.text:OLED_printTextToBuffer</name>
         <load_address>0xcc42</load_address>
         <run_address>0xcc42</run_address>
         <size>0xd0</size>
         <input_file_ref idref="fl-25"/>
      </object_component>
      <object_component id="oc-3ba">
         <name>.text:init_GPIO</name>
         <load_address>0xcd12</load_address>
         <run_address>0xcd12</run_address>
         <size>0xce</size>
         <input_file_ref idref="fl-3"/>
      </object_component>
      <object_component id="oc-57f">
         <name>.text:CS_initFLL</name>
         <load_address>0xcde0</load_address>
         <run_address>0xcde0</run_address>
         <size>0xca</size>
         <input_file_ref idref="fl-9"/>
      </object_component>
      <object_component id="oc-46e">
         <name>.text:CS_initClockSignal</name>
         <load_address>0xceaa</load_address>
         <run_address>0xceaa</run_address>
         <size>0xc8</size>
         <input_file_ref idref="fl-9"/>
      </object_component>
      <object_component id="oc-591">
         <name>.text:privateCSComputeCLKFrequency</name>
         <load_address>0xcf72</load_address>
         <run_address>0xcf72</run_address>
         <size>0xb4</size>
         <input_file_ref idref="fl-9"/>
      </object_component>
      <object_component id="oc-4e4">
         <name>.text:EUSCI_A_UART_init</name>
         <load_address>0xd026</load_address>
         <run_address>0xd026</run_address>
         <size>0x9a</size>
         <input_file_ref idref="fl-c"/>
      </object_component>
      <object_component id="oc-600">
         <name>.text:privateCSSourceClockFromDCO</name>
         <load_address>0xd0c0</load_address>
         <run_address>0xd0c0</run_address>
         <size>0x94</size>
         <input_file_ref idref="fl-9"/>
      </object_component>
      <object_component id="oc-50f">
         <name>.text:Timer_A_initUpMode</name>
         <load_address>0xd154</load_address>
         <run_address>0xd154</run_address>
         <size>0x7c</size>
         <input_file_ref idref="fl-1a"/>
      </object_component>
      <object_component id="oc-5f0">
         <name>.text:privateDCORange</name>
         <load_address>0xd1d0</load_address>
         <run_address>0xd1d0</run_address>
         <size>0x7c</size>
         <input_file_ref idref="fl-9"/>
      </object_component>
      <object_component id="oc-68">
         <name>.text:decompress:lzss:__TI_decompress_lzss</name>
         <load_address>0xd24c</load_address>
         <run_address>0xd24c</run_address>
         <size>0x76</size>
         <input_file_ref idref="fl-63"/>
      </object_component>
      <object_component id="oc-495">
         <name>.text:GPIO_setAsPeripheralModuleFunctionInputPin</name>
         <load_address>0xd2c2</load_address>
         <run_address>0xd2c2</run_address>
         <size>0x72</size>
         <input_file_ref idref="fl-10"/>
      </object_component>
      <object_component id="oc-48f">
         <name>.text:GPIO_setAsPeripheralModuleFunctionOutputPin</name>
         <load_address>0xd334</load_address>
         <run_address>0xd334</run_address>
         <size>0x72</size>
         <input_file_ref idref="fl-10"/>
      </object_component>
      <object_component id="oc-3c6">
         <name>.text:init_eUSCIA0</name>
         <load_address>0xd3a6</load_address>
         <run_address>0xd3a6</run_address>
         <size>0x6c</size>
         <input_file_ref idref="fl-3"/>
      </object_component>
      <object_component id="oc-3cc">
         <name>.text:init_eUSCIA1</name>
         <load_address>0xd412</load_address>
         <run_address>0xd412</run_address>
         <size>0x6c</size>
         <input_file_ref idref="fl-3"/>
      </object_component>
      <object_component id="oc-292">
         <name>.text:_isr:TIMER1_A1_ISR</name>
         <load_address>0xd47e</load_address>
         <run_address>0xd47e</run_address>
         <size>0x68</size>
         <input_file_ref idref="fl-4"/>
      </object_component>
      <object_component id="oc-3f1">
         <name>.text:esp8266_sendATCommandWithCRLF</name>
         <load_address>0xd4e6</load_address>
         <run_address>0xd4e6</run_address>
         <size>0x62</size>
         <input_file_ref idref="fl-2"/>
      </object_component>
      <object_component id="oc-3c0">
         <name>.text:init_SPI</name>
         <load_address>0xd548</load_address>
         <run_address>0xd548</run_address>
         <size>0x58</size>
         <input_file_ref idref="fl-3"/>
      </object_component>
      <object_component id="oc-598">
         <name>.text</name>
         <load_address>0xd5a0</load_address>
         <run_address>0xd5a0</run_address>
         <size>0x58</size>
         <input_file_ref idref="fl-43"/>
      </object_component>
      <object_component id="oc-4cf">
         <name>.text:EUSCI_B_SPI_initMaster</name>
         <load_address>0xd5f8</load_address>
         <run_address>0xd5f8</run_address>
         <size>0x56</size>
         <input_file_ref idref="fl-e"/>
      </object_component>
      <object_component id="oc-428">
         <name>.text:__TI_auto_init_nobinit_nopinit_hold_wdt:__TI_auto_init_nobinit_nopinit_hold_wdt</name>
         <load_address>0xd64e</load_address>
         <run_address>0xd64e</run_address>
         <size>0x54</size>
         <input_file_ref idref="fl-5c"/>
      </object_component>
      <object_component id="oc-2f6">
         <name>.text:receiveStringWithTimer</name>
         <load_address>0xd6a2</load_address>
         <run_address>0xd6a2</run_address>
         <size>0x50</size>
         <input_file_ref idref="fl-4"/>
      </object_component>
      <object_component id="oc-3b4">
         <name>.text:init_ClockSystem</name>
         <load_address>0xd6f2</load_address>
         <run_address>0xd6f2</run_address>
         <size>0x4e</size>
         <input_file_ref idref="fl-3"/>
      </object_component>
      <object_component id="oc-3de">
         <name>.text:sendByteToOLEDviaSPI</name>
         <load_address>0xd740</load_address>
         <run_address>0xd740</run_address>
         <size>0x4e</size>
         <input_file_ref idref="fl-5"/>
      </object_component>
      <object_component id="oc-380">
         <name>.text:OLED_getNumberOfCharBytes</name>
         <load_address>0xd78e</load_address>
         <run_address>0xd78e</run_address>
         <size>0x4c</size>
         <input_file_ref idref="fl-25"/>
      </object_component>
      <object_component id="oc-4a7">
         <name>.text:GPIO_setAsInputPinWithPullUpResistor</name>
         <load_address>0xd7da</load_address>
         <run_address>0xd7da</run_address>
         <size>0x4a</size>
         <input_file_ref idref="fl-10"/>
      </object_component>
      <object_component id="oc-389">
         <name>.text:OLED_scrollUp</name>
         <load_address>0xd824</load_address>
         <run_address>0xd824</run_address>
         <size>0x48</size>
         <input_file_ref idref="fl-25"/>
      </object_component>
      <object_component id="oc-3d2">
         <name>.text:init_TimerA</name>
         <load_address>0xd86c</load_address>
         <run_address>0xd86c</run_address>
         <size>0x48</size>
         <input_file_ref idref="fl-3"/>
      </object_component>
      <object_component id="oc-28c">
         <name>.text:_isr:EUSCI_A0_ISR</name>
         <load_address>0xd8b4</load_address>
         <run_address>0xd8b4</run_address>
         <size>0x46</size>
         <input_file_ref idref="fl-4"/>
      </object_component>
      <object_component id="oc-328">
         <name>.text:MQTT_parseMqttByteStream</name>
         <load_address>0xd8fa</load_address>
         <run_address>0xd8fa</run_address>
         <size>0x44</size>
         <input_file_ref idref="fl-6"/>
      </object_component>
      <object_component id="oc-5fb">
         <name>.text</name>
         <load_address>0xd93e</load_address>
         <run_address>0xd93e</run_address>
         <size>0x40</size>
         <input_file_ref idref="fl-42"/>
      </object_component>
      <object_component id="oc-483">
         <name>.text:CS_initFLLSettle</name>
         <load_address>0xd97e</load_address>
         <run_address>0xd97e</run_address>
         <size>0x36</size>
         <input_file_ref idref="fl-9"/>
      </object_component>
      <object_component id="oc-49b">
         <name>.text:GPIO_setAsOutputPin</name>
         <load_address>0xd9b4</load_address>
         <run_address>0xd9b4</run_address>
         <size>0x34</size>
         <input_file_ref idref="fl-10"/>
      </object_component>
      <object_component id="oc-3fa">
         <name>.text:esp8266_sendDataThroughUARTPassthrough</name>
         <load_address>0xd9e8</load_address>
         <run_address>0xd9e8</run_address>
         <size>0x30</size>
         <input_file_ref idref="fl-2"/>
      </object_component>
      <object_component id="oc-4ad">
         <name>.text:GPIO_selectInterruptEdge</name>
         <load_address>0xda18</load_address>
         <run_address>0xda18</run_address>
         <size>0x2e</size>
         <input_file_ref idref="fl-10"/>
      </object_component>
      <object_component id="oc-5f6">
         <name>.text</name>
         <load_address>0xda46</load_address>
         <run_address>0xda46</run_address>
         <size>0x2c</size>
         <input_file_ref idref="fl-40"/>
      </object_component>
      <object_component id="oc-298">
         <name>.text:decompress:ZI:__TI_zero_init_nomemset:__TI_zero_init_nomemset</name>
         <load_address>0xda72</load_address>
         <run_address>0xda72</run_address>
         <size>0x24</size>
         <input_file_ref idref="fl-5d"/>
      </object_component>
      <object_component id="oc-627">
         <name>.text</name>
         <load_address>0xda96</load_address>
         <run_address>0xda96</run_address>
         <size>0x24</size>
         <input_file_ref idref="fl-58"/>
      </object_component>
      <object_component id="oc-4f6">
         <name>.text:EUSCI_A_UART_enableInterrupt</name>
         <load_address>0xdaba</load_address>
         <run_address>0xdaba</run_address>
         <size>0x22</size>
         <input_file_ref idref="fl-c"/>
      </object_component>
      <object_component id="oc-303">
         <name>.text:EUSCI_A_UART_transmitData</name>
         <load_address>0xdadc</load_address>
         <run_address>0xdadc</run_address>
         <size>0x22</size>
         <input_file_ref idref="fl-c"/>
      </object_component>
      <object_component id="oc-30f">
         <name>.text:OLED_updateDisplay</name>
         <load_address>0xdafe</load_address>
         <run_address>0xdafe</run_address>
         <size>0x22</size>
         <input_file_ref idref="fl-25"/>
      </object_component>
      <object_component id="oc-2e7">
         <name>.text:EUSCI_A_UART_receiveData</name>
         <load_address>0xdb20</load_address>
         <run_address>0xdb20</run_address>
         <size>0x20</size>
         <input_file_ref idref="fl-c"/>
      </object_component>
      <object_component id="oc-286">
         <name>.text:_isr:EUSCI_A1_ISR</name>
         <load_address>0xdb40</load_address>
         <run_address>0xdb40</run_address>
         <size>0x20</size>
         <input_file_ref idref="fl-4"/>
      </object_component>
      <object_component id="oc-47d">
         <name>.text:CS_clearAllOscFlagsWithTimeout</name>
         <load_address>0xdb60</load_address>
         <run_address>0xdb60</run_address>
         <size>0x1e</size>
         <input_file_ref idref="fl-9"/>
      </object_component>
      <object_component id="oc-4bf">
         <name>.text:GPIO_clearInterrupt</name>
         <load_address>0xdb7e</load_address>
         <run_address>0xdb7e</run_address>
         <size>0x1e</size>
         <input_file_ref idref="fl-10"/>
      </object_component>
      <object_component id="oc-4b3">
         <name>.text:GPIO_enableInterrupt</name>
         <load_address>0xdb9c</load_address>
         <run_address>0xdb9c</run_address>
         <size>0x1e</size>
         <input_file_ref idref="fl-10"/>
      </object_component>
      <object_component id="oc-3d8">
         <name>.text:GPIO_setOutputHighOnPin</name>
         <load_address>0xdbba</load_address>
         <run_address>0xdbba</run_address>
         <size>0x1c</size>
         <input_file_ref idref="fl-10"/>
      </object_component>
      <object_component id="oc-4a1">
         <name>.text:GPIO_setOutputLowOnPin</name>
         <load_address>0xdbd6</load_address>
         <run_address>0xdbd6</run_address>
         <size>0x1c</size>
         <input_file_ref idref="fl-10"/>
      </object_component>
      <object_component id="oc-38f">
         <name>.text:OLED_getStartOffsetOfChar</name>
         <load_address>0xdbf2</load_address>
         <run_address>0xdbf2</run_address>
         <size>0x1c</size>
         <input_file_ref idref="fl-25"/>
      </object_component>
      <object_component id="oc-2aa">
         <name>.text:_isr:_c_int00_noargs</name>
         <load_address>0xdc0e</load_address>
         <run_address>0xdc0e</run_address>
         <size>0x1c</size>
         <input_file_ref idref="fl-5b"/>
      </object_component>
      <object_component id="oc-4c9">
         <name>.text:CS_getSMCLK</name>
         <load_address>0xdc2a</load_address>
         <run_address>0xdc2a</run_address>
         <size>0x1a</size>
         <input_file_ref idref="fl-9"/>
      </object_component>
      <object_component id="oc-450">
         <name>.text</name>
         <load_address>0xdc44</load_address>
         <run_address>0xdc44</run_address>
         <size>0x18</size>
         <input_file_ref idref="fl-55"/>
      </object_component>
      <object_component id="oc-3ae">
         <name>.text:WDT_A_hold</name>
         <load_address>0xdc5c</load_address>
         <run_address>0xdc5c</run_address>
         <size>0x16</size>
         <input_file_ref idref="fl-1d"/>
      </object_component>
      <object_component id="oc-458">
         <name>.text:memset</name>
         <load_address>0xdc72</load_address>
         <run_address>0xdc72</run_address>
         <size>0x16</size>
         <input_file_ref idref="fl-68"/>
      </object_component>
      <object_component id="oc-620">
         <name>.text</name>
         <load_address>0xdc88</load_address>
         <run_address>0xdc88</run_address>
         <size>0x16</size>
         <input_file_ref idref="fl-41"/>
      </object_component>
      <object_component id="oc-26e">
         <name>.text:memcpy</name>
         <load_address>0xdc9e</load_address>
         <run_address>0xdc9e</run_address>
         <size>0x14</size>
         <input_file_ref idref="fl-67"/>
      </object_component>
      <object_component id="oc-6e">
         <name>.text:decompress:none:__TI_decompress_none</name>
         <load_address>0xdcb2</load_address>
         <run_address>0xdcb2</run_address>
         <size>0x12</size>
         <input_file_ref idref="fl-62"/>
      </object_component>
      <object_component id="oc-4f0">
         <name>.text:EUSCI_A_UART_clearInterrupt</name>
         <load_address>0xdcc4</load_address>
         <run_address>0xdcc4</run_address>
         <size>0xc</size>
         <input_file_ref idref="fl-c"/>
      </object_component>
      <object_component id="oc-525">
         <name>.text:EUSCI_B_SPI_transmitData</name>
         <load_address>0xdcd0</load_address>
         <run_address>0xdcd0</run_address>
         <size>0xc</size>
         <input_file_ref idref="fl-e"/>
      </object_component>
      <object_component id="oc-377">
         <name>.text:Timer_A_startCounter</name>
         <load_address>0xdcdc</load_address>
         <run_address>0xdcdc</run_address>
         <size>0xc</size>
         <input_file_ref idref="fl-1a"/>
      </object_component>
      <object_component id="oc-27b">
         <name>.text:_isr:P2_ISR</name>
         <load_address>0xdce8</load_address>
         <run_address>0xdce8</run_address>
         <size>0xc</size>
         <input_file_ref idref="fl-4"/>
      </object_component>
      <object_component id="oc-2fd">
         <name>.text:EUSCI_A_UART_queryStatusFlags</name>
         <load_address>0xdcf4</load_address>
         <run_address>0xdcf4</run_address>
         <size>0xa</size>
         <input_file_ref idref="fl-c"/>
      </object_component>
      <object_component id="oc-51f">
         <name>.text:EUSCI_B_SPI_getInterruptStatus</name>
         <load_address>0xdcfe</load_address>
         <run_address>0xdcfe</run_address>
         <size>0xa</size>
         <input_file_ref idref="fl-e"/>
      </object_component>
      <object_component id="oc-5e8">
         <name>.text</name>
         <load_address>0xdd08</load_address>
         <run_address>0xdd08</run_address>
         <size>0xa</size>
         <input_file_ref idref="fl-53"/>
      </object_component>
      <object_component id="oc-52d">
         <name>.text:OLED_sendCommand</name>
         <load_address>0xdd12</load_address>
         <run_address>0xdd12</run_address>
         <size>0x8</size>
         <input_file_ref idref="fl-25"/>
      </object_component>
      <object_component id="oc-4b9">
         <name>.text:PMM_unlockLPM5</name>
         <load_address>0xdd1a</load_address>
         <run_address>0xdd1a</run_address>
         <size>0x8</size>
         <input_file_ref idref="fl-14"/>
      </object_component>
      <object_component id="oc-316">
         <name>.text:Timer_A_stop</name>
         <load_address>0xdd22</load_address>
         <run_address>0xdd22</run_address>
         <size>0x8</size>
         <input_file_ref idref="fl-1a"/>
      </object_component>
      <object_component id="oc-281">
         <name>.text:_isr:__TI_ISR_TRAP</name>
         <load_address>0xdd2a</load_address>
         <run_address>0xdd2a</run_address>
         <size>0x8</size>
         <input_file_ref idref="fl-52"/>
      </object_component>
      <object_component id="oc-4ea">
         <name>.text:EUSCI_A_UART_enable</name>
         <load_address>0xdd32</load_address>
         <run_address>0xdd32</run_address>
         <size>0x6</size>
         <input_file_ref idref="fl-c"/>
      </object_component>
      <object_component id="oc-4d5">
         <name>.text:EUSCI_B_SPI_enable</name>
         <load_address>0xdd38</load_address>
         <run_address>0xdd38</run_address>
         <size>0x6</size>
         <input_file_ref idref="fl-e"/>
      </object_component>
      <object_component id="oc-3e4">
         <name>.text:OLED_setSendFunction</name>
         <load_address>0xdd3e</load_address>
         <run_address>0xdd3e</run_address>
         <size>0x6</size>
         <input_file_ref idref="fl-25"/>
      </object_component>
      <object_component id="oc-31c">
         <name>.text:Timer_A_clear</name>
         <load_address>0xdd44</load_address>
         <run_address>0xdd44</run_address>
         <size>0x6</size>
         <input_file_ref idref="fl-1a"/>
      </object_component>
      <object_component id="oc-506">
         <name>.text:Timer_A_clearTimerInterrupt</name>
         <load_address>0xdd4a</load_address>
         <run_address>0xdd4a</run_address>
         <size>0x6</size>
         <input_file_ref idref="fl-1a"/>
      </object_component>
      <object_component id="oc-404">
         <name>.text:abort</name>
         <load_address>0xdd50</load_address>
         <run_address>0xdd50</run_address>
         <size>0x6</size>
         <input_file_ref idref="fl-64"/>
      </object_component>
      <object_component id="oc-33a">
         <name>.text:_system_pre_init</name>
         <load_address>0xdd56</load_address>
         <run_address>0xdd56</run_address>
         <size>0x4</size>
         <input_file_ref idref="fl-60"/>
      </object_component>
      <object_component id="oc-54e">
         <name>.text:_system_post_cinit</name>
         <load_address>0xdd5a</load_address>
         <run_address>0xdd5a</run_address>
         <size>0x2</size>
         <input_file_ref idref="fl-61"/>
      </object_component>
      <object_component id="oc-39e">
         <name>.common:OLED_sendBufferToOLED</name>
         <uninitialized>true</uninitialized>
         <run_address>0x25a6</run_address>
         <size>0x4</size>
      </object_component>
      <object_component id="oc-32e">
         <name>.data</name>
         <load_address>0x258d</load_address>
         <run_address>0x258d</run_address>
         <size>0x1</size>
         <input_file_ref idref="fl-2"/>
      </object_component>
      <object_component id="oc-2ed">
         <name>.data</name>
         <load_address>0x258e</load_address>
         <run_address>0x258e</run_address>
         <size>0xc</size>
         <input_file_ref idref="fl-4"/>
      </object_component>
      <object_component id="oc-325">
         <name>.data:rxString</name>
         <load_address>0x2400</load_address>
         <run_address>0x2400</run_address>
         <size>0x180</size>
         <input_file_ref idref="fl-4"/>
      </object_component>
      <object_component id="oc-400">
         <name>.data:publish_package</name>
         <load_address>0x2580</load_address>
         <run_address>0x2580</run_address>
         <size>0xd</size>
         <input_file_ref idref="fl-5"/>
      </object_component>
      <object_component id="oc-322">
         <name>.data</name>
         <load_address>0x25a4</load_address>
         <run_address>0x25a4</run_address>
         <size>0x1</size>
         <input_file_ref idref="fl-5"/>
      </object_component>
      <object_component id="oc-5ed">
         <name>.data</name>
         <load_address>0x25a0</load_address>
         <run_address>0x25a0</run_address>
         <size>0x4</size>
         <input_file_ref idref="fl-9"/>
      </object_component>
      <object_component id="oc-398">
         <name>.data:displayBuffer</name>
         <load_address>0x2000</load_address>
         <run_address>0x2000</run_address>
         <size>0x400</size>
         <input_file_ref idref="fl-25"/>
      </object_component>
      <object_component id="oc-386">
         <name>.data</name>
         <load_address>0x259a</load_address>
         <run_address>0x259a</run_address>
         <size>0x6</size>
         <input_file_ref idref="fl-25"/>
      </object_component>
      <object_component id="oc-25f">
         <name>.stack</name>
         <uninitialized>true</uninitialized>
         <run_address>0x2f60</run_address>
         <size>0x4</size>
         <input_file_ref idref="fl-5b"/>
      </object_component>
      <object_component id="oc-69b">
         <name>.stack</name>
         <uninitialized>true</uninitialized>
         <run_address>0x2f60</run_address>
         <size>0x0</size>
      </object_component>
      <object_component id="oc-74">
         <name>.int41</name>
         <load_address>0xffda</load_address>
         <run_address>0xffda</run_address>
         <size>0x2</size>
         <input_file_ref idref="fl-4"/>
      </object_component>
      <object_component id="oc-75">
         <name>.int42</name>
         <load_address>0xffdc</load_address>
         <run_address>0xffdc</run_address>
         <size>0x2</size>
         <input_file_ref idref="fl-44"/>
      </object_component>
      <object_component id="oc-76">
         <name>.int43</name>
         <load_address>0xffde</load_address>
         <run_address>0xffde</run_address>
         <size>0x2</size>
         <input_file_ref idref="fl-45"/>
      </object_component>
      <object_component id="oc-77">
         <name>.int44</name>
         <load_address>0xffe0</load_address>
         <run_address>0xffe0</run_address>
         <size>0x2</size>
         <input_file_ref idref="fl-46"/>
      </object_component>
      <object_component id="oc-78">
         <name>.int45</name>
         <load_address>0xffe2</load_address>
         <run_address>0xffe2</run_address>
         <size>0x2</size>
         <input_file_ref idref="fl-4"/>
      </object_component>
      <object_component id="oc-79">
         <name>.int46</name>
         <load_address>0xffe4</load_address>
         <run_address>0xffe4</run_address>
         <size>0x2</size>
         <input_file_ref idref="fl-4"/>
      </object_component>
      <object_component id="oc-7a">
         <name>.int47</name>
         <load_address>0xffe6</load_address>
         <run_address>0xffe6</run_address>
         <size>0x2</size>
         <input_file_ref idref="fl-47"/>
      </object_component>
      <object_component id="oc-7b">
         <name>.int48</name>
         <load_address>0xffe8</load_address>
         <run_address>0xffe8</run_address>
         <size>0x2</size>
         <input_file_ref idref="fl-48"/>
      </object_component>
      <object_component id="oc-7c">
         <name>.int49</name>
         <load_address>0xffea</load_address>
         <run_address>0xffea</run_address>
         <size>0x2</size>
         <input_file_ref idref="fl-49"/>
      </object_component>
      <object_component id="oc-7d">
         <name>.int50</name>
         <load_address>0xffec</load_address>
         <run_address>0xffec</run_address>
         <size>0x2</size>
         <input_file_ref idref="fl-4a"/>
      </object_component>
      <object_component id="oc-7e">
         <name>.int51</name>
         <load_address>0xffee</load_address>
         <run_address>0xffee</run_address>
         <size>0x2</size>
         <input_file_ref idref="fl-4b"/>
      </object_component>
      <object_component id="oc-7f">
         <name>.int52</name>
         <load_address>0xfff0</load_address>
         <run_address>0xfff0</run_address>
         <size>0x2</size>
         <input_file_ref idref="fl-4c"/>
      </object_component>
      <object_component id="oc-80">
         <name>.int53</name>
         <load_address>0xfff2</load_address>
         <run_address>0xfff2</run_address>
         <size>0x2</size>
         <input_file_ref idref="fl-4"/>
      </object_component>
      <object_component id="oc-81">
         <name>.int54</name>
         <load_address>0xfff4</load_address>
         <run_address>0xfff4</run_address>
         <size>0x2</size>
         <input_file_ref idref="fl-4d"/>
      </object_component>
      <object_component id="oc-82">
         <name>.int55</name>
         <load_address>0xfff6</load_address>
         <run_address>0xfff6</run_address>
         <size>0x2</size>
         <input_file_ref idref="fl-4e"/>
      </object_component>
      <object_component id="oc-83">
         <name>.int56</name>
         <load_address>0xfff8</load_address>
         <run_address>0xfff8</run_address>
         <size>0x2</size>
         <input_file_ref idref="fl-4f"/>
      </object_component>
      <object_component id="oc-84">
         <name>.int57</name>
         <load_address>0xfffa</load_address>
         <run_address>0xfffa</run_address>
         <size>0x2</size>
         <input_file_ref idref="fl-50"/>
      </object_component>
      <object_component id="oc-85">
         <name>.int58</name>
         <load_address>0xfffc</load_address>
         <run_address>0xfffc</run_address>
         <size>0x2</size>
         <input_file_ref idref="fl-51"/>
      </object_component>
      <object_component id="oc-262">
         <name>.reset</name>
         <load_address>0xfffe</load_address>
         <run_address>0xfffe</run_address>
         <size>0x2</size>
         <input_file_ref idref="fl-5b"/>
      </object_component>
      <object_component id="oc-535">
         <name>.debug_info</name>
         <load_address>0x0</load_address>
         <run_address>0x0</run_address>
         <size>0x1ff</size>
         <input_file_ref idref="fl-2"/>
      </object_component>
      <object_component id="oc-32f">
         <name>.debug_info</name>
         <load_address>0x1ff</load_address>
         <run_address>0x1ff</run_address>
         <size>0xe4</size>
         <input_file_ref idref="fl-2"/>
      </object_component>
      <object_component id="oc-3fb">
         <name>.debug_info</name>
         <load_address>0x2e3</load_address>
         <run_address>0x2e3</run_address>
         <size>0x1db</size>
         <input_file_ref idref="fl-2"/>
      </object_component>
      <object_component id="oc-3f3">
         <name>.debug_info</name>
         <load_address>0x4be</load_address>
         <run_address>0x4be</run_address>
         <size>0x218</size>
         <input_file_ref idref="fl-2"/>
      </object_component>
      <object_component id="oc-44a">
         <name>.debug_info</name>
         <load_address>0x6d6</load_address>
         <run_address>0x6d6</run_address>
         <size>0x26b</size>
         <input_file_ref idref="fl-2"/>
      </object_component>
      <object_component id="oc-48a">
         <name>.debug_info</name>
         <load_address>0x941</load_address>
         <run_address>0x941</run_address>
         <size>0x76</size>
         <input_file_ref idref="fl-2"/>
      </object_component>
      <object_component id="oc-4fd">
         <name>.debug_info</name>
         <load_address>0x9b7</load_address>
         <run_address>0x9b7</run_address>
         <size>0xee</size>
         <input_file_ref idref="fl-2"/>
      </object_component>
      <object_component id="oc-4dc">
         <name>.debug_info</name>
         <load_address>0xaa5</load_address>
         <run_address>0xaa5</run_address>
         <size>0x174</size>
         <input_file_ref idref="fl-2"/>
      </object_component>
      <object_component id="oc-516">
         <name>.debug_info</name>
         <load_address>0xc19</load_address>
         <run_address>0xc19</run_address>
         <size>0x392</size>
         <input_file_ref idref="fl-2"/>
      </object_component>
      <object_component id="oc-365">
         <name>.debug_info</name>
         <load_address>0xfab</load_address>
         <run_address>0xfab</run_address>
         <size>0x8b</size>
         <input_file_ref idref="fl-2"/>
      </object_component>
      <object_component id="oc-443">
         <name>.debug_info</name>
         <load_address>0x1036</load_address>
         <run_address>0x1036</run_address>
         <size>0x275</size>
         <input_file_ref idref="fl-2"/>
      </object_component>
      <object_component id="oc-36b">
         <name>.debug_info</name>
         <load_address>0x12ab</load_address>
         <run_address>0x12ab</run_address>
         <size>0xbb</size>
         <input_file_ref idref="fl-2"/>
      </object_component>
      <object_component id="oc-575">
         <name>.debug_info</name>
         <load_address>0x1366</load_address>
         <run_address>0x1366</run_address>
         <size>0x808</size>
         <input_file_ref idref="fl-3"/>
      </object_component>
      <object_component id="oc-475">
         <name>.debug_info</name>
         <load_address>0x1b6e</load_address>
         <run_address>0x1b6e</run_address>
         <size>0xd8</size>
         <input_file_ref idref="fl-3"/>
      </object_component>
      <object_component id="oc-4c7">
         <name>.debug_info</name>
         <load_address>0x1c46</load_address>
         <run_address>0x1c46</run_address>
         <size>0xd8</size>
         <input_file_ref idref="fl-3"/>
      </object_component>
      <object_component id="oc-4e2">
         <name>.debug_info</name>
         <load_address>0x1d1e</load_address>
         <run_address>0x1d1e</run_address>
         <size>0xd8</size>
         <input_file_ref idref="fl-3"/>
      </object_component>
      <object_component id="oc-503">
         <name>.debug_info</name>
         <load_address>0x1df6</load_address>
         <run_address>0x1df6</run_address>
         <size>0xd8</size>
         <input_file_ref idref="fl-3"/>
      </object_component>
      <object_component id="oc-50d">
         <name>.debug_info</name>
         <load_address>0x1ece</load_address>
         <run_address>0x1ece</run_address>
         <size>0xd8</size>
         <input_file_ref idref="fl-3"/>
      </object_component>
      <object_component id="oc-3cf">
         <name>.debug_info</name>
         <load_address>0x1fa6</load_address>
         <run_address>0x1fa6</run_address>
         <size>0x1b9</size>
         <input_file_ref idref="fl-3"/>
      </object_component>
      <object_component id="oc-3c8">
         <name>.debug_info</name>
         <load_address>0x215f</load_address>
         <run_address>0x215f</run_address>
         <size>0x1b9</size>
         <input_file_ref idref="fl-3"/>
      </object_component>
      <object_component id="oc-3d5">
         <name>.debug_info</name>
         <load_address>0x2318</load_address>
         <run_address>0x2318</run_address>
         <size>0x17b</size>
         <input_file_ref idref="fl-3"/>
      </object_component>
      <object_component id="oc-3c2">
         <name>.debug_info</name>
         <load_address>0x2493</load_address>
         <run_address>0x2493</run_address>
         <size>0x182</size>
         <input_file_ref idref="fl-3"/>
      </object_component>
      <object_component id="oc-3bc">
         <name>.debug_info</name>
         <load_address>0x2615</load_address>
         <run_address>0x2615</run_address>
         <size>0x39a</size>
         <input_file_ref idref="fl-3"/>
      </object_component>
      <object_component id="oc-3b6">
         <name>.debug_info</name>
         <load_address>0x29af</load_address>
         <run_address>0x29af</run_address>
         <size>0x1d6</size>
         <input_file_ref idref="fl-3"/>
      </object_component>
      <object_component id="oc-376">
         <name>.debug_info</name>
         <load_address>0x2b85</load_address>
         <run_address>0x2b85</run_address>
         <size>0x46d</size>
         <input_file_ref idref="fl-4"/>
      </object_component>
      <object_component id="oc-2f4">
         <name>.debug_info</name>
         <load_address>0x2ff2</load_address>
         <run_address>0x2ff2</run_address>
         <size>0x16e</size>
         <input_file_ref idref="fl-4"/>
      </object_component>
      <object_component id="oc-326">
         <name>.debug_info</name>
         <load_address>0x3160</load_address>
         <run_address>0x3160</run_address>
         <size>0xd6</size>
         <input_file_ref idref="fl-4"/>
      </object_component>
      <object_component id="oc-2f7">
         <name>.debug_info</name>
         <load_address>0x3236</load_address>
         <run_address>0x3236</run_address>
         <size>0x1a5</size>
         <input_file_ref idref="fl-4"/>
      </object_component>
      <object_component id="oc-2ee">
         <name>.debug_info</name>
         <load_address>0x33db</load_address>
         <run_address>0x33db</run_address>
         <size>0x17e</size>
         <input_file_ref idref="fl-4"/>
      </object_component>
      <object_component id="oc-2f1">
         <name>.debug_info</name>
         <load_address>0x3559</load_address>
         <run_address>0x3559</run_address>
         <size>0x15b</size>
         <input_file_ref idref="fl-4"/>
      </object_component>
      <object_component id="oc-293">
         <name>.debug_info</name>
         <load_address>0x36b4</load_address>
         <run_address>0x36b4</run_address>
         <size>0x191</size>
         <input_file_ref idref="fl-4"/>
      </object_component>
      <object_component id="oc-27c">
         <name>.debug_info</name>
         <load_address>0x3845</load_address>
         <run_address>0x3845</run_address>
         <size>0x107</size>
         <input_file_ref idref="fl-4"/>
      </object_component>
      <object_component id="oc-287">
         <name>.debug_info</name>
         <load_address>0x394c</load_address>
         <run_address>0x394c</run_address>
         <size>0x14f</size>
         <input_file_ref idref="fl-4"/>
      </object_component>
      <object_component id="oc-28d">
         <name>.debug_info</name>
         <load_address>0x3a9b</load_address>
         <run_address>0x3a9b</run_address>
         <size>0x1ac</size>
         <input_file_ref idref="fl-4"/>
      </object_component>
      <object_component id="oc-466">
         <name>.debug_info</name>
         <load_address>0x3c47</load_address>
         <run_address>0x3c47</run_address>
         <size>0x2c</size>
         <input_file_ref idref="fl-4"/>
      </object_component>
      <object_component id="oc-538">
         <name>.debug_info</name>
         <load_address>0x3c73</load_address>
         <run_address>0x3c73</run_address>
         <size>0x56c</size>
         <input_file_ref idref="fl-5"/>
      </object_component>
      <object_component id="oc-3f8">
         <name>.debug_info</name>
         <load_address>0x41df</load_address>
         <run_address>0x41df</run_address>
         <size>0xd9</size>
         <input_file_ref idref="fl-5"/>
      </object_component>
      <object_component id="oc-401">
         <name>.debug_info</name>
         <load_address>0x42b8</load_address>
         <run_address>0x42b8</run_address>
         <size>0xdf</size>
         <input_file_ref idref="fl-5"/>
      </object_component>
      <object_component id="oc-323">
         <name>.debug_info</name>
         <load_address>0x4397</load_address>
         <run_address>0x4397</run_address>
         <size>0xd1</size>
         <input_file_ref idref="fl-5"/>
      </object_component>
      <object_component id="oc-3e0">
         <name>.debug_info</name>
         <load_address>0x4468</load_address>
         <run_address>0x4468</run_address>
         <size>0x1fa</size>
         <input_file_ref idref="fl-5"/>
      </object_component>
      <object_component id="oc-341">
         <name>.debug_info</name>
         <load_address>0x4662</load_address>
         <run_address>0x4662</run_address>
         <size>0x357</size>
         <input_file_ref idref="fl-5"/>
      </object_component>
      <object_component id="oc-2de">
         <name>.debug_info</name>
         <load_address>0x49b9</load_address>
         <run_address>0x49b9</run_address>
         <size>0x2c</size>
         <input_file_ref idref="fl-5"/>
      </object_component>
      <object_component id="oc-3a8">
         <name>.debug_info</name>
         <load_address>0x49e5</load_address>
         <run_address>0x49e5</run_address>
         <size>0x1be</size>
         <input_file_ref idref="fl-6"/>
      </object_component>
      <object_component id="oc-329">
         <name>.debug_info</name>
         <load_address>0x4ba3</load_address>
         <run_address>0x4ba3</run_address>
         <size>0x1fb</size>
         <input_file_ref idref="fl-6"/>
      </object_component>
      <object_component id="oc-269">
         <name>.debug_info</name>
         <load_address>0x4d9e</load_address>
         <run_address>0x4d9e</run_address>
         <size>0x84</size>
         <input_file_ref idref="fl-6"/>
      </object_component>
      <object_component id="oc-57d">
         <name>.debug_info</name>
         <load_address>0x4e22</load_address>
         <run_address>0x4e22</run_address>
         <size>0x1ce</size>
         <input_file_ref idref="fl-9"/>
      </object_component>
      <object_component id="oc-5ee">
         <name>.debug_info</name>
         <load_address>0x4ff0</load_address>
         <run_address>0x4ff0</run_address>
         <size>0x108</size>
         <input_file_ref idref="fl-9"/>
      </object_component>
      <object_component id="oc-581">
         <name>.debug_info</name>
         <load_address>0x50f8</load_address>
         <run_address>0x50f8</run_address>
         <size>0x1f2</size>
         <input_file_ref idref="fl-9"/>
      </object_component>
      <object_component id="oc-485">
         <name>.debug_info</name>
         <load_address>0x52ea</load_address>
         <run_address>0x52ea</run_address>
         <size>0x1b4</size>
         <input_file_ref idref="fl-9"/>
      </object_component>
      <object_component id="oc-578">
         <name>.debug_info</name>
         <load_address>0x549e</load_address>
         <run_address>0x549e</run_address>
         <size>0x2a9</size>
         <input_file_ref idref="fl-9"/>
      </object_component>
      <object_component id="oc-479">
         <name>.debug_info</name>
         <load_address>0x5747</load_address>
         <run_address>0x5747</run_address>
         <size>0x25d</size>
         <input_file_ref idref="fl-9"/>
      </object_component>
      <object_component id="oc-470">
         <name>.debug_info</name>
         <load_address>0x59a4</load_address>
         <run_address>0x59a4</run_address>
         <size>0x261</size>
         <input_file_ref idref="fl-9"/>
      </object_component>
      <object_component id="oc-5f2">
         <name>.debug_info</name>
         <load_address>0x5c05</load_address>
         <run_address>0x5c05</run_address>
         <size>0x168</size>
         <input_file_ref idref="fl-9"/>
      </object_component>
      <object_component id="oc-602">
         <name>.debug_info</name>
         <load_address>0x5d6d</load_address>
         <run_address>0x5d6d</run_address>
         <size>0x255</size>
         <input_file_ref idref="fl-9"/>
      </object_component>
      <object_component id="oc-593">
         <name>.debug_info</name>
         <load_address>0x5fc2</load_address>
         <run_address>0x5fc2</run_address>
         <size>0x2fb</size>
         <input_file_ref idref="fl-9"/>
      </object_component>
      <object_component id="oc-4cb">
         <name>.debug_info</name>
         <load_address>0x62bd</load_address>
         <run_address>0x62bd</run_address>
         <size>0x1a0</size>
         <input_file_ref idref="fl-9"/>
      </object_component>
      <object_component id="oc-47e">
         <name>.debug_info</name>
         <load_address>0x645d</load_address>
         <run_address>0x645d</run_address>
         <size>0x1a4</size>
         <input_file_ref idref="fl-9"/>
      </object_component>
      <object_component id="oc-5a3">
         <name>.debug_info</name>
         <load_address>0x6601</load_address>
         <run_address>0x6601</run_address>
         <size>0x164</size>
         <input_file_ref idref="fl-c"/>
      </object_component>
      <object_component id="oc-305">
         <name>.debug_info</name>
         <load_address>0x6765</load_address>
         <run_address>0x6765</run_address>
         <size>0x203</size>
         <input_file_ref idref="fl-c"/>
      </object_component>
      <object_component id="oc-2ea">
         <name>.debug_info</name>
         <load_address>0x6968</load_address>
         <run_address>0x6968</run_address>
         <size>0x1c3</size>
         <input_file_ref idref="fl-c"/>
      </object_component>
      <object_component id="oc-2fe">
         <name>.debug_info</name>
         <load_address>0x6b2b</load_address>
         <run_address>0x6b2b</run_address>
         <size>0x1d0</size>
         <input_file_ref idref="fl-c"/>
      </object_component>
      <object_component id="oc-4e5">
         <name>.debug_info</name>
         <load_address>0x6cfb</load_address>
         <run_address>0x6cfb</run_address>
         <size>0x1f0</size>
         <input_file_ref idref="fl-c"/>
      </object_component>
      <object_component id="oc-4f8">
         <name>.debug_info</name>
         <load_address>0x6eeb</load_address>
         <run_address>0x6eeb</run_address>
         <size>0x200</size>
         <input_file_ref idref="fl-c"/>
      </object_component>
      <object_component id="oc-4ec">
         <name>.debug_info</name>
         <load_address>0x70eb</load_address>
         <run_address>0x70eb</run_address>
         <size>0x1b5</size>
         <input_file_ref idref="fl-c"/>
      </object_component>
      <object_component id="oc-4f2">
         <name>.debug_info</name>
         <load_address>0x72a0</load_address>
         <run_address>0x72a0</run_address>
         <size>0x1c8</size>
         <input_file_ref idref="fl-c"/>
      </object_component>
      <object_component id="oc-59e">
         <name>.debug_info</name>
         <load_address>0x7468</load_address>
         <run_address>0x7468</run_address>
         <size>0x16f</size>
         <input_file_ref idref="fl-e"/>
      </object_component>
      <object_component id="oc-526">
         <name>.debug_info</name>
         <load_address>0x75d7</load_address>
         <run_address>0x75d7</run_address>
         <size>0x1df</size>
         <input_file_ref idref="fl-e"/>
      </object_component>
      <object_component id="oc-4d1">
         <name>.debug_info</name>
         <load_address>0x77b6</load_address>
         <run_address>0x77b6</run_address>
         <size>0x1f3</size>
         <input_file_ref idref="fl-e"/>
      </object_component>
      <object_component id="oc-521">
         <name>.debug_info</name>
         <load_address>0x79a9</load_address>
         <run_address>0x79a9</run_address>
         <size>0x1cf</size>
         <input_file_ref idref="fl-e"/>
      </object_component>
      <object_component id="oc-4d6">
         <name>.debug_info</name>
         <load_address>0x7b78</load_address>
         <run_address>0x7b78</run_address>
         <size>0x1b0</size>
         <input_file_ref idref="fl-e"/>
      </object_component>
      <object_component id="oc-5b0">
         <name>.debug_info</name>
         <load_address>0x7d28</load_address>
         <run_address>0x7d28</run_address>
         <size>0x16e</size>
         <input_file_ref idref="fl-10"/>
      </object_component>
      <object_component id="oc-51c">
         <name>.debug_info</name>
         <load_address>0x7e96</load_address>
         <run_address>0x7e96</run_address>
         <size>0xfc</size>
         <input_file_ref idref="fl-10"/>
      </object_component>
      <object_component id="oc-4a3">
         <name>.debug_info</name>
         <load_address>0x7f92</load_address>
         <run_address>0x7f92</run_address>
         <size>0x20b</size>
         <input_file_ref idref="fl-10"/>
      </object_component>
      <object_component id="oc-3da">
         <name>.debug_info</name>
         <load_address>0x819d</load_address>
         <run_address>0x819d</run_address>
         <size>0x20d</size>
         <input_file_ref idref="fl-10"/>
      </object_component>
      <object_component id="oc-491">
         <name>.debug_info</name>
         <load_address>0x83aa</load_address>
         <run_address>0x83aa</run_address>
         <size>0x254</size>
         <input_file_ref idref="fl-10"/>
      </object_component>
      <object_component id="oc-497">
         <name>.debug_info</name>
         <load_address>0x85fe</load_address>
         <run_address>0x85fe</run_address>
         <size>0x253</size>
         <input_file_ref idref="fl-10"/>
      </object_component>
      <object_component id="oc-49e">
         <name>.debug_info</name>
         <load_address>0x8851</load_address>
         <run_address>0x8851</run_address>
         <size>0x202</size>
         <input_file_ref idref="fl-10"/>
      </object_component>
      <object_component id="oc-4ab">
         <name>.debug_info</name>
         <load_address>0x8a53</load_address>
         <run_address>0x8a53</run_address>
         <size>0x227</size>
         <input_file_ref idref="fl-10"/>
      </object_component>
      <object_component id="oc-4b0">
         <name>.debug_info</name>
         <load_address>0x8c7a</load_address>
         <run_address>0x8c7a</run_address>
         <size>0x249</size>
         <input_file_ref idref="fl-10"/>
      </object_component>
      <object_component id="oc-4b6">
         <name>.debug_info</name>
         <load_address>0x8ec3</load_address>
         <run_address>0x8ec3</run_address>
         <size>0x207</size>
         <input_file_ref idref="fl-10"/>
      </object_component>
      <object_component id="oc-4c3">
         <name>.debug_info</name>
         <load_address>0x90ca</load_address>
         <run_address>0x90ca</run_address>
         <size>0x205</size>
         <input_file_ref idref="fl-10"/>
      </object_component>
      <object_component id="oc-4ba">
         <name>.debug_info</name>
         <load_address>0x92cf</load_address>
         <run_address>0x92cf</run_address>
         <size>0x152</size>
         <input_file_ref idref="fl-14"/>
      </object_component>
      <object_component id="oc-5ad">
         <name>.debug_info</name>
         <load_address>0x9421</load_address>
         <run_address>0x9421</run_address>
         <size>0x17d</size>
         <input_file_ref idref="fl-1a"/>
      </object_component>
      <object_component id="oc-317">
         <name>.debug_info</name>
         <load_address>0x959e</load_address>
         <run_address>0x959e</run_address>
         <size>0x19b</size>
         <input_file_ref idref="fl-1a"/>
      </object_component>
      <object_component id="oc-378">
         <name>.debug_info</name>
         <load_address>0x9739</load_address>
         <run_address>0x9739</run_address>
         <size>0x1de</size>
         <input_file_ref idref="fl-1a"/>
      </object_component>
      <object_component id="oc-510">
         <name>.debug_info</name>
         <load_address>0x9917</load_address>
         <run_address>0x9917</run_address>
         <size>0x1ca</size>
         <input_file_ref idref="fl-1a"/>
      </object_component>
      <object_component id="oc-507">
         <name>.debug_info</name>
         <load_address>0x9ae1</load_address>
         <run_address>0x9ae1</run_address>
         <size>0x1b9</size>
         <input_file_ref idref="fl-1a"/>
      </object_component>
      <object_component id="oc-31e">
         <name>.debug_info</name>
         <load_address>0x9c9a</load_address>
         <run_address>0x9c9a</run_address>
         <size>0x19a</size>
         <input_file_ref idref="fl-1a"/>
      </object_component>
      <object_component id="oc-3af">
         <name>.debug_info</name>
         <load_address>0x9e34</load_address>
         <run_address>0x9e34</run_address>
         <size>0x1af</size>
         <input_file_ref idref="fl-1d"/>
      </object_component>
      <object_component id="oc-39c">
         <name>.debug_info</name>
         <load_address>0x9fe3</load_address>
         <run_address>0x9fe3</run_address>
         <size>0x28b</size>
         <input_file_ref idref="fl-25"/>
      </object_component>
      <object_component id="oc-396">
         <name>.debug_info</name>
         <load_address>0xa26e</load_address>
         <run_address>0xa26e</run_address>
         <size>0xe0</size>
         <input_file_ref idref="fl-25"/>
      </object_component>
      <object_component id="oc-399">
         <name>.debug_info</name>
         <load_address>0xa34e</load_address>
         <run_address>0xa34e</run_address>
         <size>0xec</size>
         <input_file_ref idref="fl-25"/>
      </object_component>
      <object_component id="oc-387">
         <name>.debug_info</name>
         <load_address>0xa43a</load_address>
         <run_address>0xa43a</run_address>
         <size>0x12a</size>
         <input_file_ref idref="fl-25"/>
      </object_component>
      <object_component id="oc-310">
         <name>.debug_info</name>
         <load_address>0xa564</load_address>
         <run_address>0xa564</run_address>
         <size>0x144</size>
         <input_file_ref idref="fl-25"/>
      </object_component>
      <object_component id="oc-52e">
         <name>.debug_info</name>
         <load_address>0xa6a8</load_address>
         <run_address>0xa6a8</run_address>
         <size>0x14c</size>
         <input_file_ref idref="fl-25"/>
      </object_component>
      <object_component id="oc-3eb">
         <name>.debug_info</name>
         <load_address>0xa7f4</load_address>
         <run_address>0xa7f4</run_address>
         <size>0x3a8</size>
         <input_file_ref idref="fl-25"/>
      </object_component>
      <object_component id="oc-3e5">
         <name>.debug_info</name>
         <load_address>0xab9c</load_address>
         <run_address>0xab9c</run_address>
         <size>0x15c</size>
         <input_file_ref idref="fl-25"/>
      </object_component>
      <object_component id="oc-38a">
         <name>.debug_info</name>
         <load_address>0xacf8</load_address>
         <run_address>0xacf8</run_address>
         <size>0x14d</size>
         <input_file_ref idref="fl-25"/>
      </object_component>
      <object_component id="oc-381">
         <name>.debug_info</name>
         <load_address>0xae45</load_address>
         <run_address>0xae45</run_address>
         <size>0x18c</size>
         <input_file_ref idref="fl-25"/>
      </object_component>
      <object_component id="oc-390">
         <name>.debug_info</name>
         <load_address>0xafd1</load_address>
         <run_address>0xafd1</run_address>
         <size>0x16e</size>
         <input_file_ref idref="fl-25"/>
      </object_component>
      <object_component id="oc-30a">
         <name>.debug_info</name>
         <load_address>0xb13f</load_address>
         <run_address>0xb13f</run_address>
         <size>0x246</size>
         <input_file_ref idref="fl-25"/>
      </object_component>
      <object_component id="oc-5f7">
         <name>.debug_info</name>
         <load_address>0xb385</load_address>
         <run_address>0xb385</run_address>
         <size>0x136</size>
         <input_file_ref idref="fl-40"/>
      </object_component>
      <object_component id="oc-621">
         <name>.debug_info</name>
         <load_address>0xb4bb</load_address>
         <run_address>0xb4bb</run_address>
         <size>0x122</size>
         <input_file_ref idref="fl-41"/>
      </object_component>
      <object_component id="oc-5fc">
         <name>.debug_info</name>
         <load_address>0xb5dd</load_address>
         <run_address>0xb5dd</run_address>
         <size>0x139</size>
         <input_file_ref idref="fl-42"/>
      </object_component>
      <object_component id="oc-59a">
         <name>.debug_info</name>
         <load_address>0xb716</load_address>
         <run_address>0xb716</run_address>
         <size>0x124</size>
         <input_file_ref idref="fl-43"/>
      </object_component>
      <object_component id="oc-284">
         <name>.debug_info</name>
         <load_address>0xb83a</load_address>
         <run_address>0xb83a</run_address>
         <size>0x110</size>
         <input_file_ref idref="fl-52"/>
      </object_component>
      <object_component id="oc-5e9">
         <name>.debug_info</name>
         <load_address>0xb94a</load_address>
         <run_address>0xb94a</run_address>
         <size>0x121</size>
         <input_file_ref idref="fl-53"/>
      </object_component>
      <object_component id="oc-452">
         <name>.debug_info</name>
         <load_address>0xba6b</load_address>
         <run_address>0xba6b</run_address>
         <size>0x131</size>
         <input_file_ref idref="fl-55"/>
      </object_component>
      <object_component id="oc-629">
         <name>.debug_info</name>
         <load_address>0xbb9c</load_address>
         <run_address>0xbb9c</run_address>
         <size>0x131</size>
         <input_file_ref idref="fl-58"/>
      </object_component>
      <object_component id="oc-260">
         <name>.debug_info</name>
         <load_address>0xbccd</load_address>
         <run_address>0xbccd</run_address>
         <size>0x101</size>
         <input_file_ref idref="fl-5b"/>
      </object_component>
      <object_component id="oc-2ae">
         <name>.debug_info</name>
         <load_address>0xbdce</load_address>
         <run_address>0xbdce</run_address>
         <size>0x17b</size>
         <input_file_ref idref="fl-5b"/>
      </object_component>
      <object_component id="oc-555">
         <name>.debug_info</name>
         <load_address>0xbf49</load_address>
         <run_address>0xbf49</run_address>
         <size>0x3fd</size>
         <input_file_ref idref="fl-5c"/>
      </object_component>
      <object_component id="oc-42a">
         <name>.debug_info</name>
         <load_address>0xc346</load_address>
         <run_address>0xc346</run_address>
         <size>0x231</size>
         <input_file_ref idref="fl-5c"/>
      </object_component>
      <object_component id="oc-5cf">
         <name>.debug_info</name>
         <load_address>0xc577</load_address>
         <run_address>0xc577</run_address>
         <size>0x39</size>
         <input_file_ref idref="fl-5c"/>
      </object_component>
      <object_component id="oc-5db">
         <name>.debug_info</name>
         <load_address>0xc5b0</load_address>
         <run_address>0xc5b0</run_address>
         <size>0x2c</size>
         <input_file_ref idref="fl-5c"/>
      </object_component>
      <object_component id="oc-560">
         <name>.debug_info</name>
         <load_address>0xc5dc</load_address>
         <run_address>0xc5dc</run_address>
         <size>0x2c</size>
         <input_file_ref idref="fl-5c"/>
      </object_component>
      <object_component id="oc-5d4">
         <name>.debug_info</name>
         <load_address>0xc608</load_address>
         <run_address>0xc608</run_address>
         <size>0xcd</size>
         <input_file_ref idref="fl-5c"/>
      </object_component>
      <object_component id="oc-338">
         <name>.debug_info</name>
         <load_address>0xc6d5</load_address>
         <run_address>0xc6d5</run_address>
         <size>0x180</size>
         <input_file_ref idref="fl-5d"/>
      </object_component>
      <object_component id="oc-29b">
         <name>.debug_info</name>
         <load_address>0xc855</load_address>
         <run_address>0xc855</run_address>
         <size>0x1d8</size>
         <input_file_ref idref="fl-5d"/>
      </object_component>
      <object_component id="oc-333">
         <name>.debug_info</name>
         <load_address>0xca2d</load_address>
         <run_address>0xca2d</run_address>
         <size>0x46</size>
         <input_file_ref idref="fl-5d"/>
      </object_component>
      <object_component id="oc-33c">
         <name>.debug_info</name>
         <load_address>0xca73</load_address>
         <run_address>0xca73</run_address>
         <size>0x154</size>
         <input_file_ref idref="fl-60"/>
      </object_component>
      <object_component id="oc-54f">
         <name>.debug_info</name>
         <load_address>0xcbc7</load_address>
         <run_address>0xcbc7</run_address>
         <size>0x151</size>
         <input_file_ref idref="fl-61"/>
      </object_component>
      <object_component id="oc-27a">
         <name>.debug_info</name>
         <load_address>0xcd18</load_address>
         <run_address>0xcd18</run_address>
         <size>0x190</size>
         <input_file_ref idref="fl-62"/>
      </object_component>
      <object_component id="oc-72">
         <name>.debug_info</name>
         <load_address>0xcea8</load_address>
[...]
         <value>0x1cc</value>
      </symbol>
      <symbol id="sm-1d7">
         <name>WDTCTL_H</name>
         <value>0x1cd</value>
      </symbol>
      <symbol id="sm-1d8">
         <name>__TI_CINIT_Base</name>
         <value>0xc42e</value>
      </symbol>
      <symbol id="sm-1d9">
         <name>__TI_CINIT_Limit</name>
         <value>0xc43e</value>
      </symbol>
      <symbol id="sm-1da">
         <name>__TI_Handler_Table_Base</name>
         <value>0xc41c</value>
      </symbol>
      <symbol id="sm-1db">
         <name>__TI_Handler_Table_Limit</name>
         <value>0xc428</value>
      </symbol>
      <symbol id="sm-1dc">
         <name>__STACK_SIZE</name>
         <value>0xa0</value>
      </symbol>
      <symbol id="sm-1dd">
         <name>__STACK_END</name>
         <value>0x3000</value>
      </symbol>
      <symbol id="sm-1de">
         <name>__c_args__</name>
         <value>0xffffffff</value>
      </symbol>
      <symbol id="sm-1df">
         <name>__TI_pprof_out_hndl</name>
         <value>0xffffffff</value>
      </symbol>
      <symbol id="sm-1e0">
         <name>__TI_prof_data_start</name>
         <value>0xffffffff</value>
      </symbol>
      <symbol id="sm-1e1">
         <name>__TI_prof_data_size</name>
         <value>0xffffffff</value>
      </symbol>
      <symbol id="sm-27e">
         <name>esp8266_sendATCommandWithCRLF</name>
         <value>0xd4e6</value>
         <object_component_ref idref="oc-3f1"/>
      </symbol>
      <symbol id="sm-27f">
         <name>responseReceived</name>
         <value>0x258d</value>
         <object_component_ref idref="oc-32e"/>
      </symbol>
      <symbol id="sm-280">
         <name>esp8266_sendDataThroughUARTPassthrough</name>
         <value>0xd9e8</value>
         <object_component_ref idref="oc-3fa"/>
      </symbol>
      <symbol id="sm-2cf">
         <name>init_GPIO</name>
         <value>0xcd12</value>
         <object_component_ref idref="oc-3ba"/>
      </symbol>
      <symbol id="sm-2d0">
         <name>init_TimerA</name>
         <value>0xd86c</value>
         <object_component_ref idref="oc-3d2"/>
      </symbol>
      <symbol id="sm-2d1">
         <name>init_ClockSystem</name>
         <value>0xd6f2</value>
         <object_component_ref idref="oc-3b4"/>
      </symbol>
      <symbol id="sm-2d2">
         <name>init_eUSCIA0</name>
         <value>0xd3a6</value>
         <object_component_ref idref="oc-3c6"/>
      </symbol>
      <symbol id="sm-2d3">
         <name>init_eUSCIA1</name>
         <value>0xd412</value>
         <object_component_ref idref="oc-3cc"/>
      </symbol>
      <symbol id="sm-2d4">
         <name>init_SPI</name>
         <value>0xd548</value>
         <object_component_ref idref="oc-3c0"/>
      </symbol>
      <symbol id="sm-324">
         <name>TIMER1_A1_ISR</name>
         <value>0xd47e</value>
         <object_component_ref idref="oc-292"/>
      </symbol>
      <symbol id="sm-325">
         <name>rxString</name>
         <value>0x2400</value>
         <object_component_ref idref="oc-325"/>
      </symbol>
      <symbol id="sm-326">
         <name>charCnt</name>
         <value>0x2592</value>
         <object_component_ref idref="oc-2ed"/>
      </symbol>
      <symbol id="sm-327">
         <name>__TI_int46</name>
         <value>0xffe4</value>
         <object_component_ref idref="oc-79"/>
      </symbol>
      <symbol id="sm-328">
         <name>__TI_int45</name>
         <value>0xffe2</value>
         <object_component_ref idref="oc-78"/>
      </symbol>
      <symbol id="sm-329">
         <name>__TI_int41</name>
         <value>0xffda</value>
         <object_component_ref idref="oc-74"/>
      </symbol>
      <symbol id="sm-32a">
         <name>P2_ISR</name>
         <value>0xdce8</value>
         <object_component_ref idref="oc-27b"/>
      </symbol>
      <symbol id="sm-32b">
         <name>__TI_int53</name>
         <value>0xfff2</value>
         <object_component_ref idref="oc-80"/>
      </symbol>
      <symbol id="sm-32c">
         <name>EUSCI_A0_ISR</name>
         <value>0xd8b4</value>
         <object_component_ref idref="oc-28c"/>
      </symbol>
      <symbol id="sm-32d">
         <name>receiveStringWithTimer</name>
         <value>0xd6a2</value>
         <object_component_ref idref="oc-2f6"/>
      </symbol>
      <symbol id="sm-32e">
         <name>EUSCI_A1_ISR</name>
         <value>0xdb40</value>
         <object_component_ref idref="oc-286"/>
      </symbol>
      <symbol id="sm-32f">
         <name>rxInProgress</name>
         <value>0x2591</value>
         <object_component_ref idref="oc-2ed"/>
      </symbol>
      <symbol id="sm-330">
         <name>rxStringReady</name>
         <value>0x2590</value>
         <object_component_ref idref="oc-2ed"/>
      </symbol>
      <symbol id="sm-331">
         <name>rxedChar1</name>
         <value>0x258f</value>
         <object_component_ref idref="oc-2ed"/>
      </symbol>
      <symbol id="sm-332">
         <name>rxedChar0</name>
         <value>0x258e</value>
         <object_component_ref idref="oc-2ed"/>
      </symbol>
      <symbol id="sm-36d">
         <name>conn_package</name>
         <value>0xc6e8</value>
         <object_component_ref idref="oc-3f7"/>
      </symbol>
      <symbol id="sm-36e">
         <name>modeFlag</name>
         <value>0x25a4</value>
         <object_component_ref idref="oc-322"/>
      </symbol>
      <symbol id="sm-36f">
         <name>main</name>
         <value>0xc93e</value>
         <object_component_ref idref="oc-340"/>
      </symbol>
      <symbol id="sm-370">
         <name>publish_package</name>
         <value>0x2580</value>
         <object_component_ref idref="oc-400"/>
      </symbol>
      <symbol id="sm-371">
         <name>sendByteToOLEDviaSPI</name>
         <value>0xd740</value>
         <object_component_ref idref="oc-3de"/>
      </symbol>
      <symbol id="sm-388">
         <name>MQTT_parseMqttByteStream</name>
         <value>0xd8fa</value>
         <object_component_ref idref="oc-328"/>
      </symbol>
      <symbol id="sm-437">
         <name>CS_clearAllOscFlagsWithTimeout</name>
         <value>0xdb60</value>
         <object_component_ref idref="oc-47d"/>
      </symbol>
      <symbol id="sm-438">
         <name>CS_initFLLSettle</name>
         <value>0xd97e</value>
         <object_component_ref idref="oc-483"/>
      </symbol>
      <symbol id="sm-439">
         <name>CS_initFLL</name>
         <value>0xcde0</value>
         <object_component_ref idref="oc-57f"/>
      </symbol>
      <symbol id="sm-43a">
         <name>CS_getSMCLK</name>
         <value>0xdc2a</value>
         <object_component_ref idref="oc-4c9"/>
      </symbol>
      <symbol id="sm-43b">
         <name>CS_initFLLCalculateTrim</name>
         <value>0xca56</value>
         <object_component_ref idref="oc-477"/>
      </symbol>
      <symbol id="sm-43c">
         <name>CS_initClockSignal</name>
         <value>0xceaa</value>
         <object_component_ref idref="oc-46e"/>
      </symbol>
      <symbol id="sm-47b">
         <name>EUSCI_A_UART_enableInterrupt</name>
         <value>0xdaba</value>
         <object_component_ref idref="oc-4f6"/>
      </symbol>
      <symbol id="sm-47c">
         <name>EUSCI_A_UART_queryStatusFlags</name>
         <value>0xdcf4</value>
         <object_component_ref idref="oc-2fd"/>
      </symbol>
      <symbol id="sm-47d">
         <name>EUSCI_A_UART_init</name>
         <value>0xd026</value>
         <object_component_ref idref="oc-4e4"/>
      </symbol>
      <symbol id="sm-47e">
         <name>EUSCI_A_UART_enable</name>
         <value>0xdd32</value>
         <object_component_ref idref="oc-4ea"/>
      </symbol>
      <symbol id="sm-47f">
         <name>EUSCI_A_UART_receiveData</name>
         <value>0xdb20</value>
         <object_component_ref idref="oc-2e7"/>
      </symbol>
      <symbol id="sm-480">
         <name>EUSCI_A_UART_clearInterrupt</name>
         <value>0xdcc4</value>
         <object_component_ref idref="oc-4f0"/>
      </symbol>
      <symbol id="sm-481">
         <name>EUSCI_A_UART_transmitData</name>
         <value>0xdadc</value>
         <object_component_ref idref="oc-303"/>
      </symbol>
      <symbol id="sm-4a3">
         <name>EUSCI_B_SPI_getInterruptStatus</name>
         <value>0xdcfe</value>
         <object_component_ref idref="oc-51f"/>
      </symbol>
      <symbol id="sm-4a4">
         <name>EUSCI_B_SPI_enable</name>
         <value>0xdd38</value>
         <object_component_ref idref="oc-4d5"/>
      </symbol>
      <symbol id="sm-4a5">
         <name>EUSCI_B_SPI_transmitData</name>
         <value>0xdcd0</value>
         <object_component_ref idref="oc-525"/>
      </symbol>
      <symbol id="sm-4a6">
         <name>EUSCI_B_SPI_initMaster</name>
         <value>0xd5f8</value>
         <object_component_ref idref="oc-4cf"/>
      </symbol>
      <symbol id="sm-502">
         <name>GPIO_clearInterrupt</name>
         <value>0xdb7e</value>
         <object_component_ref idref="oc-4bf"/>
      </symbol>
      <symbol id="sm-503">
         <name>GPIO_setOutputHighOnPin</name>
         <value>0xdbba</value>
         <object_component_ref idref="oc-3d8"/>
      </symbol>
      <symbol id="sm-504">
         <name>GPIO_selectInterruptEdge</name>
         <value>0xda18</value>
         <object_component_ref idref="oc-4ad"/>
      </symbol>
      <symbol id="sm-505">
         <name>GPIO_setAsInputPinWithPullUpResistor</name>
         <value>0xd7da</value>
         <object_component_ref idref="oc-4a7"/>
      </symbol>
      <symbol id="sm-506">
         <name>GPIO_enableInterrupt</name>
         <value>0xdb9c</value>
         <object_component_ref idref="oc-4b3"/>
      </symbol>
      <symbol id="sm-507">
         <name>GPIO_setAsOutputPin</name>
         <value>0xd9b4</value>
         <object_component_ref idref="oc-49b"/>
      </symbol>
      <symbol id="sm-508">
         <name>GPIO_setOutputLowOnPin</name>
         <value>0xdbd6</value>
         <object_component_ref idref="oc-4a1"/>
      </symbol>
      <symbol id="sm-509">
         <name>GPIO_setAsPeripheralModuleFunctionOutputPin</name>
         <value>0xd334</value>
         <object_component_ref idref="oc-48f"/>
      </symbol>
      <symbol id="sm-50a">
         <name>GPIO_setAsPeripheralModuleFunctionInputPin</name>
         <value>0xd2c2</value>
         <object_component_ref idref="oc-495"/>
      </symbol>
      <symbol id="sm-516">
         <name>PMM_unlockLPM5</name>
         <value>0xdd1a</value>
         <object_component_ref idref="oc-4b9"/>
      </symbol>
      <symbol id="sm-546">
         <name>Timer_A_initUpMode</name>
         <value>0xd154</value>
         <object_component_ref idref="oc-50f"/>
      </symbol>
      <symbol id="sm-547">
         <name>Timer_A_startCounter</name>
         <value>0xdcdc</value>
         <object_component_ref idref="oc-377"/>
      </symbol>
      <symbol id="sm-548">
         <name>Timer_A_stop</name>
         <value>0xdd22</value>
         <object_component_ref idref="oc-316"/>
      </symbol>
      <symbol id="sm-549">
         <name>Timer_A_clear</name>
         <value>0xdd44</value>
         <object_component_ref idref="oc-31c"/>
      </symbol>
      <symbol id="sm-54a">
         <name>Timer_A_clearTimerInterrupt</name>
         <value>0xdd4a</value>
         <object_component_ref idref="oc-506"/>
      </symbol>
      <symbol id="sm-555">
         <name>WDT_A_hold</name>
         <value>0xdc5c</value>
         <object_component_ref idref="oc-3ae"/>
      </symbol>
      <symbol id="sm-5b6">
         <name>OLED_sendBufferToOLED</name>
         <value>0x25a6</value>
      </symbol>
      <symbol id="sm-5b7">
         <name>font5x7</name>
         <value>0xc43e</value>
         <object_component_ref idref="oc-395"/>
      </symbol>
      <symbol id="sm-5b8">
         <name>displayBuffer</name>
         <value>0x2000</value>
         <object_component_ref idref="oc-398"/>
      </symbol>
      <symbol id="sm-5b9">
         <name>cursor</name>
         <value>0x259a</value>
         <object_component_ref idref="oc-386"/>
      </symbol>
      <symbol id="sm-5ba">
         <name>OLED_getStartOffsetOfChar</name>
         <value>0xdbf2</value>
         <object_component_ref idref="oc-38f"/>
      </symbol>
      <symbol id="sm-5bb">
         <name>line</name>
         <value>0x259e</value>
         <object_component_ref idref="oc-386"/>
      </symbol>
      <symbol id="sm-5bc">
         <name>OLED_getNumberOfCharBytes</name>
         <value>0xd78e</value>
         <object_component_ref idref="oc-380"/>
      </symbol>
      <symbol id="sm-5bd">
         <name>OLED_printTextToBuffer</name>
         <value>0xcc42</value>
         <object_component_ref idref="oc-309"/>
      </symbol>
      <symbol id="sm-5be">
         <name>OLED_ssd1306Init</name>
         <value>0xcb60</value>
         <object_component_ref idref="oc-3ea"/>
      </symbol>
      <symbol id="sm-5bf">
         <name>numOfColumnsInRow</name>
         <value>0x259c</value>
         <object_component_ref idref="oc-386"/>
      </symbol>
      <symbol id="sm-5c0">
         <name>OLED_sendCommand</name>
         <value>0xdd12</value>
         <object_component_ref idref="oc-52d"/>
      </symbol>
      <symbol id="sm-5c1">
         <name>OLED_scrollUp</name>
         <value>0xd824</value>
         <object_component_ref idref="oc-389"/>
      </symbol>
      <symbol id="sm-5c2">
         <name>OLED_setSendFunction</name>
         <value>0xdd3e</value>
         <object_component_ref idref="oc-3e4"/>
      </symbol>
      <symbol id="sm-5c3">
         <name>OLED_updateDisplay</name>
         <value>0xdafe</value>
         <object_component_ref idref="oc-30f"/>
      </symbol>
      <symbol id="sm-5cf">
         <name>__mspabi_remi</name>
         <value>0xda46</value>
         <object_component_ref idref="oc-5f6"/>
      </symbol>
      <symbol id="sm-5d0">
         <name>__mspabi_divi</name>
         <value>0xda46</value>
         <object_component_ref idref="oc-5f6"/>
      </symbol>
      <symbol id="sm-5da">
         <name>__mspabi_remu</name>
         <value>0xdc88</value>
         <object_component_ref idref="oc-620"/>
      </symbol>
      <symbol id="sm-5db">
         <name>__mspabi_divu</name>
         <value>0xdc88</value>
         <object_component_ref idref="oc-620"/>
      </symbol>
      <symbol id="sm-5e7">
         <name>__mspabi_remli</name>
         <value>0xd93e</value>
         <object_component_ref idref="oc-5fb"/>
      </symbol>
      <symbol id="sm-5e8">
         <name>__mspabi_divli</name>
         <value>0xd93e</value>
         <object_component_ref idref="oc-5fb"/>
      </symbol>
      <symbol id="sm-5f6">
         <name>__mspabi_remul</name>
         <value>0xd5a0</value>
         <object_component_ref idref="oc-598"/>
      </symbol>
      <symbol id="sm-5f7">
         <name>__mspabi_divul</name>
         <value>0xd5a0</value>
         <object_component_ref idref="oc-598"/>
      </symbol>
      <symbol id="sm-5fa">
         <name>__TI_int42</name>
         <value>0xffdc</value>
         <object_component_ref idref="oc-75"/>
      </symbol>
      <symbol id="sm-5fd">
         <name>__TI_int43</name>
         <value>0xffde</value>
         <object_component_ref idref="oc-76"/>
      </symbol>
      <symbol id="sm-600">
         <name>__TI_int44</name>
         <value>0xffe0</value>
         <object_component_ref idref="oc-77"/>
      </symbol>
      <symbol id="sm-603">
         <name>__TI_int47</name>
         <value>0xffe6</value>
         <object_component_ref idref="oc-7a"/>
      </symbol>
      <symbol id="sm-606">
         <name>__TI_int48</name>
         <value>0xffe8</value>
         <object_component_ref idref="oc-7b"/>
      </symbol>
      <symbol id="sm-609">
         <name>__TI_int49</name>
         <value>0xffea</value>
         <object_component_ref idref="oc-7c"/>
      </symbol>
      <symbol id="sm-60c">
         <name>__TI_int50</name>
         <value>0xffec</value>
         <object_component_ref idref="oc-7d"/>
      </symbol>
      <symbol id="sm-60f">
         <name>__TI_int51</name>
         <value>0xffee</value>
         <object_component_ref idref="oc-7e"/>
      </symbol>
      <symbol id="sm-612">
         <name>__TI_int52</name>
         <value>0xfff0</value>
         <object_component_ref idref="oc-7f"/>
      </symbol>
      <symbol id="sm-615">
         <name>__TI_int54</name>
         <value>0xfff4</value>
         <object_component_ref idref="oc-81"/>
      </symbol>
      <symbol id="sm-618">
         <name>__TI_int55</name>
         <value>0xfff6</value>
         <object_component_ref idref="oc-82"/>
      </symbol>
      <symbol id="sm-61b">
         <name>__TI_int56</name>
         <value>0xfff8</value>
         <object_component_ref idref="oc-83"/>
      </symbol>
      <symbol id="sm-61e">
         <name>__TI_int57</name>
         <value>0xfffa</value>
         <object_component_ref idref="oc-84"/>
      </symbol>
      <symbol id="sm-621">
         <name>__TI_int58</name>
         <value>0xfffc</value>
         <object_component_ref idref="oc-85"/>
      </symbol>
      <symbol id="sm-629">
         <name>__TI_ISR_TRAP</name>
         <value>0xdd2a</value>
         <object_component_ref idref="oc-281"/>
      </symbol>
      <symbol id="sm-632">
         <name>__mspabi_slli</name>
         <value>0xdd08</value>
         <object_component_ref idref="oc-5e8"/>
      </symbol>
      <symbol id="sm-63b">
         <name>__mspabi_mpyi_f5hw</name>
         <value>0xdc44</value>
         <object_component_ref idref="oc-450"/>
      </symbol>
      <symbol id="sm-645">
         <name>__mspabi_mpyl_f5hw</name>
         <value>0xda96</value>
         <object_component_ref idref="oc-627"/>
      </symbol>
      <symbol id="sm-657">
         <name>_stack</name>
         <value>0x2f60</value>
         <object_component_ref idref="oc-25f"/>
      </symbol>
      <symbol id="sm-658">
         <name>_c_int00_noargs</name>
         <value>0xdc0e</value>
         <object_component_ref idref="oc-2aa"/>
      </symbol>
      <symbol id="sm-659">
         <name>_reset_vector</name>
         <value>0xfffe</value>
         <object_component_ref idref="oc-262"/>
      </symbol>
      <symbol id="sm-67c">
         <name>__TI_auto_init_nobinit_nopinit_hold_wdt</name>
         <value>0xd64e</value>
         <object_component_ref idref="oc-428"/>
      </symbol>
      <symbol id="sm-68f">
         <name>__TI_zero_init_nomemset</name>
         <value>0xda72</value>
         <object_component_ref idref="oc-298"/>
      </symbol>
      <symbol id="sm-69a">
         <name>_system_pre_init</name>
         <value>0xdd56</value>
         <object_component_ref idref="oc-33a"/>
      </symbol>
      <symbol id="sm-6a3">
         <name>_system_post_cinit</name>
         <value>0xdd5a</value>
         <object_component_ref idref="oc-54e"/>
      </symbol>
      <symbol id="sm-6b4">
         <name>__TI_decompress_none</name>
         <value>0xdcb2</value>
         <object_component_ref idref="oc-6e"/>
      </symbol>
      <symbol id="sm-6d7">
         <name>__TI_decompress_lzss</name>
         <value>0xd24c</value>
         <object_component_ref idref="oc-68"/>
      </symbol>
      <symbol id="sm-6e1">
         <name>C$$EXIT</name>
         <value>0xdd50</value>
         <object_component_ref idref="oc-404"/>
      </symbol>
      <symbol id="sm-6e2">
         <name>abort</name>
         <value>0xdd50</value>
         <object_component_ref idref="oc-404"/>
      </symbol>
      <symbol id="sm-6f2">
         <name>memcpy</name>
         <value>0xdc9e</value>
         <object_component_ref idref="oc-26e"/>
      </symbol>
      <symbol id="sm-700">
         <name>memset</name>
         <value>0xdc72</value>
         <object_component_ref idref="oc-458"/>
      </symbol>
   </symbol_table>
   <title>Link successful</title>
</link_info>
